[    0.000000] Linux version 4.15.0-88-generic (buildd@lgw01-amd64-036) (gcc version 7.4.0 (Ubuntu 7.4.0-1ubuntu1~18.04.1)) #88-Ubuntu SMP Tue Feb 11 20:11:34 UTC 2020 (Ubuntu 4.15.0-88.88-generic 4.15.18)
[    0.000000] Command line: BOOT_IMAGE=/boot/vmlinuz-4.15.0-88-generic root=LABEL=cloudimg-rootfs ro console=tty1 console=ttyS0
[    0.000000] KERNEL supported cpus:
[    0.000000]   Intel GenuineIntel
[    0.000000]   AMD AuthenticAMD
[    0.000000]   Centaur CentaurHauls
[    0.000000] x86/fpu: Supporting XSAVE feature 0x001: 'x87 floating point registers'
[    0.000000] x86/fpu: Supporting XSAVE feature 0x002: 'SSE registers'
[    0.000000] x86/fpu: Supporting XSAVE feature 0x004: 'AVX registers'
[    0.000000] x86/fpu: xstate_offset[2]:  576, xstate_sizes[2]:  256
[    0.000000] x86/fpu: Enabled xstate features 0x7, context size is 832 bytes, using 'standard' format.
[    0.000000] e820: BIOS-provided physical RAM map:
[    0.000000] BIOS-e820: [mem 0x0000000000000000-0x000000000009fbff] usable
[    0.000000] BIOS-e820: [mem 0x000000000009fc00-0x000000000009ffff] reserved
[    0.000000] BIOS-e820: [mem 0x00000000000f0000-0x00000000000fffff] reserved
[    0.000000] BIOS-e820: [mem 0x0000000000100000-0x000000003ffeffff] usable
[    0.000000] BIOS-e820: [mem 0x000000003fff0000-0x000000003fffffff] ACPI data
[    0.000000] BIOS-e820: [mem 0x00000000fec00000-0x00000000fec00fff] reserved
[    0.000000] BIOS-e820: [mem 0x00000000fee00000-0x00000000fee00fff] reserved
[    0.000000] BIOS-e820: [mem 0x00000000fffc0000-0x00000000ffffffff] reserved
[    0.000000] NX (Execute Disable) protection: active
[    0.000000] SMBIOS 2.5 present.
[    0.000000] DMI: innotek GmbH VirtualBox/VirtualBox, BIOS VirtualBox 12/01/2006
[    0.000000] Hypervisor detected: KVM
[    0.000000] e820: last_pfn = 0x3fff0 max_arch_pfn = 0x400000000
[    0.000000] MTRR: Disabled
[    0.000000] x86/PAT: MTRRs disabled, skipping PAT initialization too.
[    0.000000] CPU MTRRs all blank - virtualized system.
[    0.000000] x86/PAT: Configuration [0-7]: WB  WT  UC- UC  WB  WT  UC- UC  
[    0.000000] found SMP MP-table at [mem 0x0009fff0-0x0009ffff]
[    0.000000] Scanning 1 areas for low memory corruption
[    0.000000] RAMDISK: [mem 0x35a6d000-0x36d2dfff]
[    0.000000] ACPI: Early table checksum verification disabled
[    0.000000] ACPI: RSDP 0x00000000000E0000 000024 (v02 VBOX  )
[    0.000000] ACPI: XSDT 0x000000003FFF0030 00003C (v01 VBOX   VBOXXSDT 00000001 ASL  00000061)
[    0.000000] ACPI: FACP 0x000000003FFF00F0 0000F4 (v04 VBOX   VBOXFACP 00000001 ASL  00000061)
[    0.000000] ACPI: DSDT 0x000000003FFF0470 0022EA (v02 VBOX   VBOXBIOS 00000002 INTL 20100528)
[    0.000000] ACPI: FACS 0x000000003FFF0200 000040
[    0.000000] ACPI: FACS 0x000000003FFF0200 000040
[    0.000000] ACPI: APIC 0x000000003FFF0240 000054 (v02 VBOX   VBOXAPIC 00000001 ASL  00000061)
[    0.000000] ACPI: SSDT 0x000000003FFF02A0 0001CC (v01 VBOX   VBOXCPUT 00000002 INTL 20100528)
[    0.000000] No NUMA configuration found
[    0.000000] Faking a node at [mem 0x0000000000000000-0x000000003ffeffff]
[    0.000000] NODE_DATA(0) allocated [mem 0x3ffc5000-0x3ffeffff]
[    0.000000] kvm-clock: cpu 0, msr 0:3ff44001, primary cpu clock
[    0.000000] kvm-clock: Using msrs 4b564d01 and 4b564d00
[    0.000000] kvm-clock: using sched offset of 3685857073 cycles
[    0.000000] clocksource: kvm-clock: mask: 0xffffffffffffffff max_cycles: 0x1cd42e4dffb, max_idle_ns: 881590591483 ns
[    0.000000] Zone ranges:
[    0.000000]   DMA      [mem 0x0000000000001000-0x0000000000ffffff]
[    0.000000]   DMA32    [mem 0x0000000001000000-0x000000003ffeffff]
[    0.000000]   Normal   empty
[    0.000000]   Device   empty
[    0.000000] Movable zone start for each node
[    0.000000] Early memory node ranges
[    0.000000]   node   0: [mem 0x0000000000001000-0x000000000009efff]
[    0.000000]   node   0: [mem 0x0000000000100000-0x000000003ffeffff]
[    0.000000] Reserved but unavailable: 98 pages
[    0.000000] Initmem setup node 0 [mem 0x0000000000001000-0x000000003ffeffff]
[    0.000000] ACPI: PM-Timer IO Port: 0x4008
[    0.000000] IOAPIC[0]: apic_id 1, version 32, address 0xfec00000, GSI 0-23
[    0.000000] ACPI: INT_SRC_OVR (bus 0 bus_irq 0 global_irq 2 dfl dfl)
[    0.000000] ACPI: INT_SRC_OVR (bus 0 bus_irq 9 global_irq 9 low level)
[    0.000000] Using ACPI (MADT) for SMP configuration information
[    0.000000] smpboot: Allowing 1 CPUs, 0 hotplug CPUs
[    0.000000] PM: Registered nosave memory: [mem 0x00000000-0x00000fff]
[    0.000000] PM: Registered nosave memory: [mem 0x0009f000-0x0009ffff]
[    0.000000] PM: Registered nosave memory: [mem 0x000a0000-0x000effff]
[    0.000000] PM: Registered nosave memory: [mem 0x000f0000-0x000fffff]
[    0.000000] e820: [mem 0x40000000-0xfebfffff] available for PCI devices
[    0.000000] Booting paravirtualized kernel on KVM
[    0.000000] clocksource: refined-jiffies: mask: 0xffffffff max_cycles: 0xffffffff, max_idle_ns: 7645519600211568 ns
[    0.000000] random: get_random_bytes called from start_kernel+0x99/0x4fd with crng_init=0
[    0.000000] setup_percpu: NR_CPUS:8192 nr_cpumask_bits:1 nr_cpu_ids:1 nr_node_ids:1
[    0.000000] percpu: Embedded 45 pages/cpu s147456 r8192 d28672 u2097152
[    0.000000] PV qspinlock hash table entries: 256 (order: 0, 4096 bytes)
[    0.000000] Built 1 zonelists, mobility grouping on.  Total pages: 257913
[    0.000000] Policy zone: DMA32
[    0.000000] Kernel command line: BOOT_IMAGE=/boot/vmlinuz-4.15.0-88-generic root=LABEL=cloudimg-rootfs ro console=tty1 console=ttyS0
[    0.000000] Memory: 983248K/1048120K available (12300K kernel code, 2481K rwdata, 4264K rodata, 2428K init, 2712K bss, 64872K reserved, 0K cma-reserved)
[    0.000000] SLUB: HWalign=64, Order=0-3, MinObjects=0, CPUs=1, Nodes=1
[    0.000000] Kernel/User page tables isolation: enabled
[    0.000000] ftrace: allocating 39344 entries in 154 pages
[    0.004000] Hierarchical RCU implementation.
[    0.004000] 	RCU restricting CPUs from NR_CPUS=8192 to nr_cpu_ids=1.
[    0.004000] 	Tasks RCU enabled.
[    0.004000] RCU: Adjusting geometry for rcu_fanout_leaf=16, nr_cpu_ids=1
[    0.004000] NR_IRQS: 524544, nr_irqs: 256, preallocated irqs: 16
[    0.004000] Console: colour VGA+ 80x25
[    0.004000] console [tty1] enabled
[    0.004000] console [ttyS0] enabled
[    0.004000] ACPI: Core revision 20170831
[    0.004000] ACPI: 2 ACPI AML tables successfully acquired and loaded
[    0.004000] APIC: Switch to symmetric I/O mode setup
[    0.004000] x2apic enabled
[    0.004000] Switched APIC routing to physical x2apic.
[    0.004000] ..TIMER: vector=0x30 apic1=0 pin1=2 apic2=-1 pin2=-1
[    0.004000] tsc: Detected 3696.006 MHz processor
[    0.004005] Calibrating delay loop (skipped) preset value.. 7392.01 BogoMIPS (lpj=14784024)
[    0.005068] pid_max: default: 32768 minimum: 301
[    0.005700] Security Framework initialized
[    0.006265] Yama: becoming mindful.
[    0.006755] AppArmor: AppArmor initialized
[    0.012026] Dentry cache hash table entries: 131072 (order: 8, 1048576 bytes)
[    0.016041] Inode-cache hash table entries: 65536 (order: 7, 524288 bytes)
[    0.016912] Mount-cache hash table entries: 2048 (order: 2, 16384 bytes)
[    0.017754] Mountpoint-cache hash table entries: 2048 (order: 2, 16384 bytes)
[    0.018844] process: using mwait in idle threads
[    0.020004] Last level iTLB entries: 4KB 64, 2MB 8, 4MB 8
[    0.020697] Last level dTLB entries: 4KB 64, 2MB 0, 4MB 0, 1GB 4
[    0.021553] Spectre V1 : Mitigation: usercopy/swapgs barriers and __user pointer sanitization
[    0.022654] Spectre V2 : Mitigation: Full generic retpoline
[    0.023382] Spectre V2 : Spectre v2 / SpectreRSB mitigation: Filling RSB on context switch
[    0.024001] Speculative Store Bypass: Vulnerable
[    0.024634] MDS: Vulnerable: Clear CPU buffers attempted, no microcode
[    0.033266] Freeing SMP alternatives memory: 36K
[    0.144060] smpboot: CPU0: Intel(R) Core(TM) i7-8700K CPU @ 3.70GHz (family: 0x6, model: 0x9e, stepping: 0xa)
[    0.145397] Performance Events: unsupported p6 CPU model 158 no PMU driver, software events only.
[    0.146577] Hierarchical SRCU implementation.
[    0.147587] NMI watchdog: Perf event create on CPU 0 failed with -2
[    0.148002] NMI watchdog: Perf NMI watchdog permanently disabled
[    0.148816] smp: Bringing up secondary CPUs ...
[    0.149412] smp: Brought up 1 node, 1 CPU
[    0.149950] smpboot: Max logical packages: 1
[    0.150565] smpboot: Total of 1 processors activated (7392.01 BogoMIPS)
[    0.151482] devtmpfs: initialized
[    0.152042] x86/mm: Memory block size: 128MB
[    0.152728] evm: security.selinux
[    0.153194] evm: security.SMACK64
[    0.153652] evm: security.SMACK64EXEC
[    0.154149] evm: security.SMACK64TRANSMUTE
[    0.154699] evm: security.SMACK64MMAP
[    0.155195] evm: security.apparmor
[    0.156003] evm: security.ima
[    0.156427] evm: security.capability
[    0.157037] clocksource: jiffies: mask: 0xffffffff max_cycles: 0xffffffff, max_idle_ns: 7645041785100000 ns
[    0.158295] futex hash table entries: 256 (order: 2, 16384 bytes)
[    0.159106] pinctrl core: initialized pinctrl subsystem
[    0.159870] RTC time: 15:00:03, date: 03/08/20
[    0.160064] NET: Registered protocol family 16
[    0.160714] audit: initializing netlink subsys (disabled)
[    0.161541] cpuidle: using governor ladder
[    0.162099] cpuidle: using governor menu
[    0.162652] ACPI: bus type PCI registered
[    0.163211] acpiphp: ACPI Hot Plug PCI Controller Driver version: 0.5
[    0.164077] PCI: Using configuration type 1 for base access
[    0.164829] audit: type=2000 audit(1583679608.396:1): state=initialized audit_enabled=0 res=1
[    0.166780] HugeTLB registered 2.00 MiB page size, pre-allocated 0 pages
[    0.172000] ACPI: Added _OSI(Module Device)
[    0.172004] ACPI: Added _OSI(Processor Device)
[    0.172590] ACPI: Added _OSI(3.0 _SCP Extensions)
[    0.173212] ACPI: Added _OSI(Processor Aggregator Device)
[    0.173933] ACPI: Added _OSI(Linux-Dell-Video)
[    0.176017] ACPI: Added _OSI(Linux-Lenovo-NV-HDMI-Audio)
[    0.176866] ACPI: Added _OSI(Linux-HPI-Hybrid-Graphics)
[    0.177955] ACPI: Executed 1 blocks of module-level executable AML code
[    0.181631] ACPI: Interpreter enabled
[    0.182144] ACPI: (supports S0 S5)
[    0.182620] ACPI: Using IOAPIC for interrupt routing
[    0.183520] PCI: Using host bridge windows from ACPI; if necessary, use "pci=nocrs" and report a bug
[    0.184157] ACPI: Enabled 2 GPEs in block 00 to 07
[    0.190605] ACPI: PCI Root Bridge [PCI0] (domain 0000 [bus 00-ff])
[    0.192005] acpi PNP0A03:00: _OSC: OS supports [ASPM ClockPM Segments MSI]
[    0.193349] acpi PNP0A03:00: _OSC: not requesting OS control; OS requires [ExtendedConfig ASPM ClockPM MSI]
[    0.194641] acpi PNP0A03:00: fail to add MMCONFIG information, can't access extended PCI configuration space under this bridge.
[    0.196268] PCI host bridge to bus 0000:00
[    0.196829] pci_bus 0000:00: root bus resource [io  0x0000-0x0cf7 window]
[    0.197694] pci_bus 0000:00: root bus resource [io  0x0d00-0xffff window]
[    0.198591] pci_bus 0000:00: root bus resource [mem 0x000a0000-0x000bffff window]
[    0.199585] pci_bus 0000:00: root bus resource [mem 0x40000000-0xfdffffff window]
[    0.200002] pci_bus 0000:00: root bus resource [bus 00-ff]
[    0.202388] pci 0000:00:01.1: legacy IDE quirk: reg 0x10: [io  0x01f0-0x01f7]
[    0.203322] pci 0000:00:01.1: legacy IDE quirk: reg 0x14: [io  0x03f6]
[    0.204003] pci 0000:00:01.1: legacy IDE quirk: reg 0x18: [io  0x0170-0x0177]
[    0.204920] pci 0000:00:01.1: legacy IDE quirk: reg 0x1c: [io  0x0376]
[    0.214707] pci 0000:00:07.0: quirk: [io  0x4000-0x403f] claimed by PIIX4 ACPI
[    0.215691] pci 0000:00:07.0: quirk: [io  0x4100-0x410f] claimed by PIIX4 SMB
[    0.221817] ACPI: PCI Interrupt Link [LNKA] (IRQs 5 9 10 *11)
[    0.222871] ACPI: PCI Interrupt Link [LNKB] (IRQs 5 9 *10 11)
[    0.223723] ACPI: PCI Interrupt Link [LNKC] (IRQs 5 *9 10 11)
[    0.224100] ACPI: PCI Interrupt Link [LNKD] (IRQs 5 9 10 *11)
[    0.225079] SCSI subsystem initialized
[    0.225661] pci 0000:00:02.0: vgaarb: setting as boot VGA device
[    0.226524] pci 0000:00:02.0: vgaarb: VGA device added: decodes=io+mem,owns=io+mem,locks=none
[    0.227663] pci 0000:00:02.0: vgaarb: bridge control possible
[    0.228003] vgaarb: loaded
[    0.228415] ACPI: bus type USB registered
[    0.228979] usbcore: registered new interface driver usbfs
[    0.229701] usbcore: registered new interface driver hub
[    0.230409] usbcore: registered new device driver usb
[    0.232044] EDAC MC: Ver: 3.0.0
[    0.232716] PCI: Using ACPI for IRQ routing
[    0.233498] NetLabel: Initializing
[    0.233983] NetLabel:  domain hash size = 128
[    0.234569] NetLabel:  protocols = UNLABELED CIPSOv4 CALIPSO
[    0.236023] NetLabel:  unlabeled traffic allowed by default
[    0.236841] clocksource: Switched to clocksource kvm-clock
[    0.267938] VFS: Disk quotas dquot_6.6.0
[    0.268997] VFS: Dquot-cache hash table entries: 512 (order 0, 4096 bytes)
[    0.269949] AppArmor: AppArmor Filesystem Enabled
[    0.270610] pnp: PnP ACPI init
[    0.271929] pnp: PnP ACPI: found 3 devices
[    0.277761] clocksource: acpi_pm: mask: 0xffffff max_cycles: 0xffffff, max_idle_ns: 2085701024 ns
[    0.278962] NET: Registered protocol family 2
[    0.279647] TCP established hash table entries: 8192 (order: 4, 65536 bytes)
[    0.280588] TCP bind hash table entries: 8192 (order: 5, 131072 bytes)
[    0.281433] TCP: Hash tables configured (established 8192 bind 8192)
[    0.282263] UDP hash table entries: 512 (order: 2, 16384 bytes)
[    0.283038] UDP-Lite hash table entries: 512 (order: 2, 16384 bytes)
[    0.283876] NET: Registered protocol family 1
[    0.284495] pci 0000:00:00.0: Limiting direct PCI/PCI transfers
[    0.285325] pci 0000:00:01.0: Activating ISA DMA hang workarounds
[    0.286170] pci 0000:00:02.0: Video device with shadowed ROM at [mem 0x000c0000-0x000dffff]
[    0.287341] Unpacking initramfs...
[    0.683373] Freeing initrd memory: 19204K
[    0.684030] clocksource: tsc: mask: 0xffffffffffffffff max_cycles: 0x6a8d3326297, max_idle_ns: 881590805301 ns
[    0.685377] platform rtc_cmos: registered platform RTC device (no PNP device found)
[    0.686407] Scanning for low memory corruption every 60 seconds
[    0.687513] Initialise system trusted keyrings
[    0.688120] Key type blacklist registered
[    0.688716] workingset: timestamp_bits=36 max_order=18 bucket_order=0
[    0.698727] zbud: loaded
[    0.699494] squashfs: version 4.0 (2009/01/31) Phillip Lougher
[    0.700378] fuse init (API version 7.26)
[    0.701429] Key type asymmetric registered
[    0.701991] Asymmetric key parser 'x509' registered
[    0.702669] Block layer SCSI generic (bsg) driver version 0.4 loaded (major 246)
[    0.703687] io scheduler noop registered
[    0.704250] io scheduler deadline registered
[    0.704849] io scheduler cfq registered (default)
[    0.705644] ACPI: AC Adapter [AC] (on-line)
[    0.706250] input: Power Button as /devices/LNXSYSTM:00/LNXPWRBN:00/input/input0
[    0.707242] ACPI: Power Button [PWRF]
[    0.707824] input: Sleep Button as /devices/LNXSYSTM:00/LNXSLPBN:00/input/input1
[    0.708838] ACPI: Sleep Button [SLPF]
[    0.709496] Serial: 8250/16550 driver, 32 ports, IRQ sharing enabled
[    0.730917] 00:02: ttyS0 at I/O 0x3f8 (irq = 4, base_baud = 115200) is a 16550A
[    0.739913] Linux agpgart interface v0.103
[    0.744518] loop: module loaded
[    0.745306] scsi host0: ata_piix
[    0.745810] scsi host1: ata_piix
[    0.746284] ata1: PATA max UDMA/33 cmd 0x1f0 ctl 0x3f6 bmdma 0xd000 irq 14
[    0.747219] ata2: PATA max UDMA/33 cmd 0x170 ctl 0x376 bmdma 0xd008 irq 15
[    0.748389] libphy: Fixed MDIO Bus: probed
[    0.748944] tun: Universal TUN/TAP device driver, 1.6
[    0.749618] PPP generic driver version 2.4.2
[    0.750217] ehci_hcd: USB 2.0 'Enhanced' Host Controller (EHCI) Driver
[    0.751063] ehci-pci: EHCI PCI platform driver
[    0.751662] ehci-platform: EHCI generic platform driver
[    0.752571] ohci_hcd: USB 1.1 'Open' Host Controller (OHCI) Driver
[    0.753400] ohci-pci: OHCI PCI platform driver
[    0.753991] ohci-platform: OHCI generic platform driver
[    0.754675] uhci_hcd: USB Universal Host Controller Interface driver
[    0.755517] i8042: PNP: PS/2 Controller [PNP0303:PS2K,PNP0f03:PS2M] at 0x60,0x64 irq 1,12
[    0.756965] serio: i8042 KBD port at 0x60,0x64 irq 1
[    0.757633] serio: i8042 AUX port at 0x60,0x64 irq 12
[    0.758402] mousedev: PS/2 mouse device common for all mice
[    0.759303] input: AT Translated Set 2 keyboard as /devices/platform/i8042/serio0/input/input2
[    0.760715] rtc_cmos rtc_cmos: rtc core: registered rtc_cmos as rtc0
[    0.761587] rtc_cmos rtc_cmos: alarms up to one day, 114 bytes nvram
[    0.762402] i2c /dev entries driver
[    0.762912] device-mapper: uevent: version 1.0.3
[    0.763563] device-mapper: ioctl: 4.37.0-ioctl (2017-09-20) initialised: dm-devel@redhat.com
[    0.764689] ledtrig-cpu: registered to indicate activity on CPUs
[    0.765535] intel_pmc_core:  initialized
[    0.766191] NET: Registered protocol family 10
[    0.768779] Segment Routing with IPv6
[    0.769301] NET: Registered protocol family 17
[    0.769909] Key type dns_resolver registered
[    0.770539] mce: Using 0 MCE banks
[    0.771016] RAS: Correctable Errors collector initialized.
[    0.771745] sched_clock: Marking stable (768285105, 0)->(944911115, -176626010)
[    0.772831] registered taskstats version 1
[    0.773393] Loading compiled-in X.509 certificates
[    0.775298] Loaded X.509 cert 'Build time autogenerated kernel key: f0020782f0d3a548186fb3f47aed88387a71e859'
[    0.776629] zswap: loaded using pool lzo/zbud
[    0.779081] Key type big_key registered
[    0.779651] Key type trusted registered
[    0.781107] Key type encrypted registered
[    0.781656] AppArmor: AppArmor sha1 policy hashing enabled
[    0.782376] ima: No TPM chip found, activating TPM-bypass! (rc=-19)
[    0.783195] ima: Allocated hash algorithm: sha1
[    0.783804] evm: HMAC attrs: 0x1
[    0.784498]   Magic number: 12:134:32
[    0.785047] rtc_cmos rtc_cmos: setting system clock to 2020-03-08 15:00:03 UTC (1583679603)
[    0.786174] BIOS EDD facility v0.16 2004-Jun-25, 0 devices found
[    0.786942] EDD information not available.
[    0.913721] Freeing unused kernel image memory: 2428K
[    0.924038] Write protecting the kernel read-only data: 20480k
[    0.925084] Freeing unused kernel image memory: 2008K
[    0.925946] Freeing unused kernel image memory: 1880K
[    0.933954] x86/mm: Checked W+X mappings: passed, no W+X pages found.
[    0.934778] x86/mm: Checking user space page tables
[    0.941570] x86/mm: Checked W+X mappings: passed, no W+X pages found.
Loading, please wait...
starting version 237
[    1.026047] e1000: Intel(R) PRO/1000 Network Driver - version 7.3.21-k8-NAPI
[    1.027023] e1000: Copyright (c) 1999-2006 Intel Corporation.
[    1.030801] Fusion MPT base driver 3.04.20
[    1.031367] Copyright (c) 1999-2008 LSI Corporation
[    1.038434] Fusion MPT SPI Host driver 3.04.20
[    1.054420] AVX2 version of gcm_enc/dec engaged.
[    1.055073] AES CTR mode by8 optimization enabled
[    1.239090] input: ImExPS/2 Generic Explorer Mouse as /devices/platform/i8042/serio1/input/input4
[    1.415543] e1000 0000:00:03.0 eth0: (PCI:33MHz:32-bit) 02:33:ec:f4:7d:44
[    1.416449] e1000 0000:00:03.0 eth0: Intel(R) PRO/1000 Network Connection
[    1.417972] mptbase: ioc0: Initiating bringup
[    1.512435] ioc0: LSI53C1030 A0: Capabilities={Initiator}
[    1.760995] scsi host2: ioc0: LSI53C1030 A0, FwRev=00000000h, Ports=1, MaxQ=256, IRQ=20
[    1.928630] scsi 2:0:0:0: Direct-Access     VBOX     HARDDISK         1.0  PQ: 0 ANSI: 5
[    1.929835] scsi target2:0:0: Beginning Domain Validation
[    1.932105] random: fast init done
[    1.932622] scsi target2:0:0: Domain Validation skipping write tests
[    1.933441] scsi target2:0:0: Ending Domain Validation
[    1.934167] scsi target2:0:0: asynchronous
[    1.934960] scsi 2:0:1:0: Direct-Access     VBOX     HARDDISK         1.0  PQ: 0 ANSI: 5
[    1.936021] scsi target2:0:1: Beginning Domain Validation
[    1.937273] scsi target2:0:1: Domain Validation skipping write tests
[    1.938103] scsi target2:0:1: Ending Domain Validation
[    1.938831] scsi target2:0:1: asynchronous
[    1.941561] random: systemd-udevd: uninitialized urandom read (16 bytes read)
[    1.942504] random: systemd-udevd: uninitialized urandom read (16 bytes read)
[    1.943461] random: systemd-udevd: uninitialized urandom read (16 bytes read)
[    1.944653] sd 2:0:0:0: [sda] 20971520 512-byte logical blocks: (10.7 GB/10.0 GiB)
[    1.945759] sd 2:0:0:0: [sda] Write Protect is off
[    1.946615] sd 2:0:0:0: [sda] Incomplete mode parameter data
[    1.947390] sd 2:0:0:0: [sda] Assuming drive cache: write through
[    1.948464] sd 2:0:0:0: Attached scsi generic sg0 type 0
[    1.949474] sd 2:0:1:0: [sdb] 20480 512-byte logical blocks: (10.5 MB/10.0 MiB)
[    1.950481] sd 2:0:1:0: [sdb] Write Protect is off
[    1.951298] sd 2:0:1:0: [sdb] Incomplete mode parameter data
[    1.952027] sd 2:0:1:0: [sdb] Assuming drive cache: write through
[    1.953272] sd 2:0:1:0: Attached scsi generic sg1 type 0
[    1.954833]  sda: sda1
[    1.955589] sd 2:0:0:0: [sda] Attached SCSI disk
[    1.956544] sd 2:0:1:0: [sdb] Attached SCSI disk
[    2.295499] e1000 0000:00:08.0 eth1: (PCI:33MHz:32-bit) 08:00:27:7c:af:21
[    2.296392] e1000 0000:00:08.0 eth1: Intel(R) PRO/1000 Network Connection
[    2.298068] e1000 0000:00:08.0 enp0s8: renamed from eth1
[    2.300048] e1000 0000:00:03.0 enp0s3: renamed from eth0
Begin: Loading essential drivers ... [    3.680291] raid6: sse2x1   gen() 14733 MB/s
[    3.728405] raid6: sse2x1   xor() 10654 MB/s
[    3.776041] raid6: sse2x2   gen() 17897 MB/s
[    3.824137] raid6: sse2x2   xor() 12060 MB/s
[    3.872243] raid6: sse2x4   gen() 20922 MB/s
[    3.920357] raid6: sse2x4   xor() 12804 MB/s
[    3.968469] raid6: avx2x1   gen() 29563 MB/s
[    4.016094] raid6: avx2x1   xor() 20556 MB/s
[    4.064194] raid6: avx2x2   gen() 36386 MB/s
[    4.112307] raid6: avx2x2   xor() 22055 MB/s
[    4.160419] raid6: avx2x4   gen() 40618 MB/s
[    4.208038] raid6: avx2x4   xor() 24176 MB/s
[    4.208638] raid6: using algorithm avx2x4 gen() 40618 MB/s
[    4.209357] raid6: .... xor() 24176 MB/s, rmw enabled
[    4.210026] raid6: using avx2x2 recovery algorithm
[    4.211867] xor: automatically using best checksumming function   avx       
[    4.213782] async_tx: api initialized (async)
done.
Begin: Running /scripts/init-premount ... done.
Begin: Mounting root file system ... Begin: Running /scripts/local-top ... done.
Begin: Running /scripts/local-premount ... [    4.253720] Btrfs loaded, crc32c=crc32c-intel
Scanning for Btrfs filesystems
done.
Warning: fsck not present, so skipping root file system
[    4.273370] EXT4-fs (sda1): mounted filesystem with ordered data mode. Opts: (null)
done.
Begin: Running /scripts/local-bottom ... done.
Begin: Running /scripts/init-bottom ... done.
[    4.405102] ip_tables: (C) 2000-2006 Netfilter Core Team
[    4.411738] systemd[1]: systemd 237 running in system mode. (+PAM +AUDIT +SELINUX +IMA +APPARMOR +SMACK +SYSVINIT +UTMP +LIBCRYPTSETUP +GCRYPT +GNUTLS +ACL +XZ +LZ4 +SECCOMP +BLKID +ELFUTILS +KMOD -IDN2 +IDN -PCRE2 default-hierarchy=hybrid)
[    4.414499] systemd[1]: Detected virtualization oracle.
[    4.415191] systemd[1]: Detected architecture x86-64.

Welcome to [1mUbuntu 18.04.4 LTS[0m!

[    4.417844] systemd[1]: Set hostname to <ubuntu>.
[    4.421950] systemd[1]: Initializing machine ID from random generator.
[    4.422815] systemd[1]: Installed transient /etc/machine-id file.
[    4.617651] systemd[1]: Started Forward Password Requests to Wall Directory Watch.
[[0;32m  OK  [0m] Started Forward Password Requests to Wall Directory Watch.
[    4.619433] systemd[1]: Reached target Swap.
[[0;32m  OK  [0m] Reached target Swap.
[    4.620894] systemd[1]: Created slice System Slice.
[[0;32m  OK  [0m] Created slice System Slice.
[    4.622172] systemd[1]: Listening on Journal Socket (/dev/log).
[[0;32m  OK  [0m] Listening on Journal Socket (/dev/log).
[[0;32m  OK  [0m] Listening on udev Kernel Socket.
[[0;32m  OK  [0m] Listening on /dev/initctl Compatibility Named Pipe.
[[0;32m  OK  [0m] Listening on Syslog Socket.
[[0;32m  OK  [0m] Listening on Journal Audit Socket.
[[0;32m  OK  [0m] Listening on Network Service Netlink Socket.
[[0;32m  OK  [0m] Listening on Journal Socket.
         Starting Create list of required stâ€¦ce nodes for the current kernel...
         Mounting Huge Pages File System...
         Mounting Kernel Debug File System...
         Starting Set the console keyboard layout...
[[0;32m  OK  [0m] Listening on LVM2 metadata daemon socket.
[[0;32m  OK  [0m] Listening on udev Control Socket.
         Mounting POSIX Message Queue File System...
[[0;32m  OK  [0m] Listening on LVM2 poll daemon socket.
         Starting udev Coldplug all Devices...
[[0;32m  OK  [0m] Reached target System Time Synchronized.
[[0;32m  OK  [0m] Listening on Device-mapper event daemon FIFOs.
[[0;32m  OK  [0m] Set up automount Arbitrary Executabâ€¦rmats File System Automount Point.
         Starting Monitoring of LVM2 mirrorsâ€¦ng dmeventd or progress polling...
[[0;32m  OK  [0m] Reached target User and Group Name Lookups.
[[0;32m  OK  [0m] Created slice system-serial\x2dgetty.slice.
         Starting Remount Root and Kernel File Systems...
         Starting Load Kernel Modules...
         Starting Uncomplicated firewall...
         Starting Journal Service...
[[0;32m  OK  [0m] Created slice User and Session Slice.
[[0;32m  OK  [0m] Reached target Slices.
[[0;32m  OK  [0m] Started Create list of required staâ€¦vice nodes for the current kernel.
[[0;32m  OK  [0m] Mounted Huge Pages File System.
[[0;32m  OK  [0m] Mounted Kernel Debug File System.
[[0;32m  OK  [0m] Mounted POSIX Message Queue File System.
         Starting Create Static Device Nodes in /dev...
[[0;32m  OK  [0m] Started Uncomplicated firewall.
[    4.720593] Loading iSCSI transport class v2.0-870.
[    4.727648] iscsi: registered transport (tcp)
[[0;32m  OK  [0m] Started LVM2 metadata daemon.
[[0;32m  OK  [0m] Started udev Coldplug all Devices.
[[0;32m  OK  [0m] Started Create Static Device Nodes in /dev.
[    4.746570] EXT4-fs (sda1): re-mounted. Opts: (null)
[[0;32m  OK  [0m] Started Remount Root and Kernel File Systems.
[    4.771642] iscsi: registered transport (iser)
         Starting udev Kernel Device Manager...
         Starting Load/Save Random Seed...
[[0;32m  OK  [0m] Started Load Kernel Modules.
         Mounting Kernel Configuration File System...
         Mounting FUSE Control File System...
         Starting Apply Kernel Variables...
[[0;32m  OK  [0m] Mounted Kernel Configuration File System.
[[0;32m  OK  [0m] Mounted FUSE Control File System.
[[0;32m  OK  [0m] Started Monitoring of LVM2 mirrors,â€¦sing dmeventd or progress polling.
[[0;32m  OK  [0m] Started Load/Save Random Seed.
[[0;32m  OK  [0m] Started Journal Service.
         Starting Flush Journal to Persistent Storage...
[[0;32m  OK  [0m] Started udev Kernel Device Manager.
[[0;32m  OK  [0m] Started Apply Kernel Variables.
[[0;32m  OK  [0m] Started Flush Journal to Persistent Storage.
[[0;32m  OK  [0m] Found device /dev/ttyS0.
[[0;32m  OK  [0m] Listening on Load/Save RF Kill Switch Status /dev/rfkill Watch.
[[0;32m  OK  [0m] Started Set the console keyboard layout.
[[0;32m  OK  [0m] Started Dispatch Password Requests to Console Directory Watch.
[[0;32m  OK  [0m] Reached target Local Encrypted Volumes.
[[0;32m  OK  [0m] Reached target Local File Systems (Pre).
[[0;32m  OK  [0m] Reached target Local File Systems.
         Starting Tell Plymouth To Write Out Runtime Data...
         Starting ebtables ruleset management...
         Starting Commit a transient machine-id on disk...
         Starting Set console font and keymap...
         Starting Create Volatile Files and Directories...
         Starting AppArmor initialization...
[[0;32m  OK  [0m] Started Tell Plymouth To Write Out Runtime Data.
[[0;32m  OK  [0m] Started Commit a transient machine-id on disk.
[[0;32m  OK  [0m] Started Create Volatile Files and Directories.
         Starting Update UTMP about System Boot/Shutdown...
[[0;32m  OK  [0m] Started Update UTMP about System Boot/Shutdown.
[[0;32m  OK  [0m] Started ebtables ruleset management.
[[0;32m  OK  [0m] Started Set console font and keymap.
[[0;32m  OK  [0m] Started AppArmor initialization.
         Starting Initial cloud-init job (pre-networking)...
[    9.787548] cloud-init[793]: Cloud-init v. 19.4-33-gbb4131a2-0ubuntu1~18.04.1 running 'init-local' at Sun, 08 Mar 2020 15:00:12 +0000. Up 9.41 seconds.
[[0;32m  OK  [0m] Started Initial cloud-init job (pre-networking).
[[0;32m  OK  [0m] Reached target Network (Pre).
         Starting Network Service...
[[0;32m  OK  [0m] Started Network Service.
         Starting Wait for Network to be Configured...
         Starting Network Name Resolution...
[[0;32m  OK  [0m] Started Network Name Resolution.
[[0;32m  OK  [0m] Reached target Host and Network Name Lookups.
[[0;32m  OK  [0m] Reached target Network.
[[0;32m  OK  [0m] Started Wait for Network to be Configured.
         Starting Initial cloud-init job (metadata service crawler)...
[   11.817544] cloud-init[916]: Cloud-init v. 19.4-33-gbb4131a2-0ubuntu1~18.04.1 running 'init' at Sun, 08 Mar 2020 15:00:14 +0000. Up 11.63 seconds.
[   11.819562] cloud-init[916]: ci-info: ++++++++++++++++++++++++++++++++++++++Net device info+++++++++++++++++++++++++++++++++++++++
[   11.820808] cloud-init[916]: ci-info: +--------+-------+----------------------------+---------------+--------+-------------------+
[   11.823842] cloud-init[916]: ci-info: | Device |   Up  |          Address           |      Mask     | Scope  |     Hw-Address    |
[   11.825093] cloud-init[916]: ci-info: +--------+-------+----------------------------+---------------+--------+-------------------+
[   11.827493] cloud-init[916]: ci-info: | enp0s3 |  True |         10.0.2.15          | 255.255.255.0 | global | 02:33:ec:f4:7d:44 |
[   11.829163] cloud-init[916]: ci-info: | enp0s3 |  True | fe80::33:ecff:fef4:7d44/64 |       .       |  link  | 02:33:ec:f4:7d:44 |
[   11.830368] cloud-init[916]: ci-info: | enp0s8 | False |             .              |       .       |   .    | 08:00:27:7c:af:21 |
[   11.831572] cloud-init[916]: ci-info: |   lo   |  True |         127.0.0.1          |   255.0.0.0   |  host  |         .         |
[   11.833331] cloud-init[916]: ci-info: |   lo   |  True |          ::1/128           |       .       |  host  |         .         |
[   11.836051] cloud-init[916]: ci-info: +--------+-------+----------------------------+---------------+--------+-------------------+
[   11.840284] cloud-init[916]: ci-info: ++++++++++++++++++++++++++++Route IPv4 info+++++++++++++++++++++++++++++
[   11.845184] cloud-init[916]: ci-info: +-------+-------------+----------+-----------------+-----------+-------+
[   11.846431] cloud-init[916]: ci-info: | Route | Destination | Gateway  |     Genmask     | Interface | Flags |
[   11.852487] cloud-init[916]: ci-info: +-------+-------------+----------+-----------------+-----------+-------+
[   11.853599] cloud-init[916]: ci-info: |   0   |   0.0.0.0   | 10.0.2.2 |     0.0.0.0     |   enp0s3  |   UG  |
[   11.854655] cloud-init[916]: ci-info: |   1   |   10.0.2.0  | 0.0.0.0  |  255.255.255.0  |   enp0s3  |   U   |
[   11.856418] cloud-init[916]: ci-info: |   2   |   10.0.2.2  | 0.0.0.0  | 255.255.255.255 |   enp0s3  |   UH  |
[   11.857717] cloud-init[916]: ci-info: +-------+-------------+----------+-----------------+-----------+-------+
[   11.862217] cloud-init[916]: ci-info: +++++++++++++++++++Route IPv6 info+++++++++++++++++++
[   11.863565] cloud-init[916]: ci-info: +-------+-------------+---------+-----------+-------+
[   11.866103] cloud-init[916]: ci-info: | Route | Destination | Gateway | Interface | Flags |
[   11.876372] cloud-init[916]: ci-info: +-------+-------------+---------+-----------+-------+
[   11.877297] cloud-init[916]: ci-info: |   1   |  fe80::/64  |    ::   |   enp0s3  |   U   |
[   11.878202] cloud-init[916]: ci-info: |   3   |    local    |    ::   |   enp0s3  |   U   |
[   11.879124] cloud-init[916]: ci-info: |   4   |   ff00::/8  |    ::   |   enp0s3  |   U   |
[   11.879902] cloud-init[916]: ci-info: +-------+-------------+---------+-----------+-------+
[   12.399757] cloud-init[916]: Generating public/private rsa key pair.
[   12.400585] cloud-init[916]: Your identification has been saved in /etc/ssh/ssh_host_rsa_key.
[   12.401510] cloud-init[916]: Your public key has been saved in /etc/ssh/ssh_host_rsa_key.pub.
[   12.402413] cloud-init[916]: The key fingerprint is:
[   12.404540] cloud-init[916]: SHA256:C/3jVyH3t6qpweEQ3VYnNrJekoytRKBOnmQ7mJlZNUs root@ubuntu-bionic
[   12.405493] cloud-init[916]: The key's randomart image is:
[   12.408459] cloud-init[916]: +---[RSA 2048]----+
[   12.409056] cloud-init[916]: |       E.. . = . |
[   12.409644] cloud-init[916]: |      + = = * +  |
[   12.410222] cloud-init[916]: |     * o + O .   |
[   12.412415] cloud-init[916]: |    & o.o + + o  |
[   12.413021] cloud-init[916]: |   * *..So . o o |
[   12.416426] cloud-init[916]: |      ..+o.   . o|
[   12.417096] cloud-init[916]: |        .+o  .  o|
[   12.417685] cloud-init[916]: |         ...o  . |
[   12.418286] cloud-init[916]: |         .o+...  |
[   12.418874] cloud-init[916]: +----[SHA256]-----+
[   12.420367] cloud-init[916]: Generating public/private dsa key pair.
[   12.424359] cloud-init[916]: Your identification has been saved in /etc/ssh/ssh_host_dsa_key.
[   12.425295] cloud-init[916]: Your public key has been saved in /etc/ssh/ssh_host_dsa_key.pub.
[   12.426210] cloud-init[916]: The key fingerprint is:
[   12.426844] cloud-init[916]: SHA256:p8B+iDbi7QLaIAjWxWlgoVL+5y0MA9s/tWF4wo1zsPs root@ubuntu-bionic
[   12.432291] cloud-init[916]: The key's randomart image is:
[   12.432965] cloud-init[916]: +---[DSA 1024]----+
[   12.433552] cloud-init[916]: |  .++ .          |
[   12.434127] cloud-init[916]: | oo  =           |
[   12.434730] cloud-init[916]: |..+ o .          |
[   12.435315] cloud-init[916]: |o. * o *         |
[   12.435900] cloud-init[916]: |+ . = @ S .      |
[   12.440683] cloud-init[916]: |=    X % =       |
[   12.441292] cloud-init[916]: |o+. + X =        |
[   12.441882] cloud-init[916]: |..o+ . =         |
[   12.442459] cloud-init[916]: |  .oo   E        |
[   12.443040] cloud-init[916]: +----[SHA256]-----+
[   12.443631] cloud-init[916]: Generating public/private ecdsa key pair.
[   12.448256] cloud-init[916]: Your identification has been saved in /etc/ssh/ssh_host_ecdsa_key.
[   12.449185] cloud-init[916]: Your public key has been saved in /etc/ssh/ssh_host_ecdsa_key.pub.
[   12.450115] cloud-init[916]: The key fingerprint is:
[   12.450719] cloud-init[916]: SHA256:6Kcq1Vw2qRnhL8bk1dAk7g00yds5XveVIKq601W2Y3w root@ubuntu-bionic
[   12.451663] cloud-init[916]: The key's randomart image is:
[   12.456696] cloud-init[916]: +---[ECDSA 256]---+
[   12.457295] cloud-init[916]: |       .++.      |
[   12.457876] cloud-init[916]: |      .o+o.. .   |
[   12.458450] cloud-init[916]: |     . .o*... . .|
[   12.459040] cloud-init[916]: |      +oB+=o. ...|
[   12.459622] cloud-init[916]: |     *.OSo=o.. ..|
[   12.460320] cloud-init[916]: |    ..X....= E  .|
[   12.464535] cloud-init[916]: |   . .+.o . o    |
[   12.465153] cloud-init[916]: |  .  o +         |
[   12.465758] cloud-init[916]: |   ..o+          |
[   12.466344] cloud-init[916]: +----[SHA256]-----+
[   12.466938] cloud-init[916]: Generating public/private ed25519 key pair.
[   12.468465] cloud-init[916]: Your identification has been saved in /etc/ssh/ssh_host_ed25519_key.
[   12.472498] cloud-init[916]: Your public key has been saved in /etc/ssh/ssh_host_ed25519_key.pub.
[   12.473625] cloud-init[916]: The key fingerprint is:
[   12.474278] cloud-init[916]: SHA256:dmpLnsW+WbCxvDz6jmLD9MZYF1iTr7yMROV0I10iUFA root@ubuntu-bionic
[   12.476445] cloud-init[916]: The key's randomart image is:
[   12.478914] cloud-init[916]: +--[ED25519 256]--+
[   12.479547] cloud-init[916]: |        o=Eo...  |
[   12.480172] cloud-init[916]: |          B.+.   |
[   12.481005] cloud-init[916]: |         * = .   |
[   12.481441] cloud-init[916]: |        o o .    |
[   12.482063] cloud-init[916]: |       .S.+o     |
[[0;32m  OK  [0m] Started Initial cloud-init job (metadata service crawler).
[[0;32m  OK  [0m] Reached target System Initialization.
[[0;32m  OK  [0m] Started Daily Cleanup of Temporary Directories.
[[0;32m  OK  [0m] Listening on UUID daemon activation socket.
[   12.486191] cloud-init[916]: |      ..o=+=     |
[[0;32m  OK  [0m] Started Message of the Day.
[   12.487432] cloud-init[916]: |     o *++*..    |
         Starting Socket activation for snappy daemon.
[   12.489201] cloud-init[916]: |      *+=B++     |
[[0;32m  OK  [0m] Listening on ACPID Listen Socket.
[   12.490591] cloud-init[916]: |     . +*+Oo     |
         Starting LXD - unix socket.
[[0;32m  OK  [0m] Started Daily apt download activities.
[[0;32m  OK  [0m] Started Daily apt upgrade and clean activities.
[[0;32m  OK  [0m] Started Discard unused blocks once a week.
[[0;32m  OK  [0m] Listening on D-Bus System Message Bus Socket.
[[0;32m  OK  [0m] Reached target Timers.
[   12.501842] cloud-init[916]: +----[SHA256]-----+
[[0;32m  OK  [0m] Started ACPI Events Check.
[[0;32m  OK  [0m] Reached target Paths.
[[0;32m  OK  [0m] Listening on Open-iSCSI iscsid Socket.
[[0;32m  OK  [0m] Reached target Network is Online.
         Starting Availability of block devices...
[[0;32m  OK  [0m] Reached target Remote File Systems (Pre).
[[0;32m  OK  [0m] Reached target Remote File Systems.
[[0;32m  OK  [0m] Reached target Cloud-config availability.
[[0;32m  OK  [0m] Listening on Socket activation for snappy daemon.
[[0;32m  OK  [0m] Listening on LXD - unix socket.
[[0;32m  OK  [0m] Reached target Sockets.
[[0;32m  OK  [0m] Reached target Basic System.
         Starting Permit User Sessions...
         Starting LSB: automatic crash report generation...
         Starting System Logging Service...
[[0;32m  OK  [0m] Started irqbalance daemon.
         Starting Virtualbox guest utils...
         Starting Dispatcher daemon for systemd-networkd...
         Starting LSB: Record successful boot for GRUB...
[[0;32m  OK  [0m] Started FUSE filesystem for LXC.
[[0;32m  OK  [0m] Started Regular background program processing daemon.
         Starting Pollinate to seed the pseudo random number generator...
[[0;32m  OK  [0m] Started Deferred execution scheduler.
         Starting Login Service...
         Starting LXD - container startup/shutdown...
         Starting Accounts Service...
[[0;32m  OK  [0m] Started D-Bus System Message Bus.
         Starting Snappy daemon...
[[0;32m  OK  [0m] Started System Logging Service.
[[0;32m  OK  [0m] Started Availability of block devices.
[[0;32m  OK  [0m] Started Permit User Sessions.
[[0;32m  OK  [0m] Started Login Service.
         Starting Authorization Manager...
[[0;32m  OK  [0m] Started Unattended Upgrades Shutdown.
         Starting Terminate Plymouth Boot Screen...
         Starting Hold until boot process finishes up...
[[0;32m  OK  [0m] Started Hold until boot process finishes up.
[[0;32m  OK  [0m] Started Serial Getty on ttyS0.
         Starting Set console scheme...
[[0;32m  OK  [0m] Started Terminate Plymouth Boot Screen.
[[0;32m  OK  [0m] Started LSB: automatic crash report generation.
[[0;32m  OK  [0m] Started LXD - container startup/shutdown.
[[0;32m  OK  [0m] Started Set console scheme.
[[0;32m  OK  [0m] Created slice system-getty.slice.
[[0;32m  OK  [0m] Started Getty on tty1.
[[0;32m  OK  [0m] Reached target Login Prompts.
[[0;32m  OK  [0m] Started LSB: Record successful boot for GRUB.
[[0;32m  OK  [0m] Started Authorization Manager.
[[0;32m  OK  [0m] Started Accounts Service.
[[0;32m  OK  [0m] Started Virtualbox guest utils.
[[0;32m  OK  [0m] Started Dispatcher daemon for systemd-networkd.
[[0;32m  OK  [0m] Started Snappy daemon.
         Starting Wait until snapd is fully seeded...
[[0;32m  OK  [0m] Started Pollinate to seed the pseudo random number generator.
         Starting OpenBSD Secure Shell server...
[[0;32m  OK  [0m] Started OpenBSD Secure Shell server.
[[0;32m  OK  [0m] Created slice User Slice of vagrant.
         Starting User Manager for UID 1000...
[[0;32m  OK  [0m] Started Session 1 of user vagrant.
[[0;32m  OK  [0m] Started User Manager for UID 1000.
[[0;32m  OK  [0m] Started Wait until snapd is fully seeded.
[[0;32m  OK  [0m] Reached target Multi-User System.
[[0;32m  OK  [0m] Reached target Graphical Interface.
         Starting Update UTMP about System Runlevel Changes...
         Starting Apply the settings specified in cloud-config...
[[0;32m  OK  [0m] Started Update UTMP about System Runlevel Changes.
[   16.368685] cloud-init[1378]: Cloud-init v. 19.4-33-gbb4131a2-0ubuntu1~18.04.1 running 'modules:config' at Sun, 08 Mar 2020 15:00:18 +0000. Up 15.73 seconds.
[[0;32m  OK  [0m] Started Apply the settings specified in cloud-config.
         Starting Execute cloud user/final scripts...
ci-info: no authorized SSH keys fingerprints found for user ubuntu.
<14>Mar  8 15:00:20 ec2: 
<14>Mar  8 15:00:20 ec2: #############################################################
<14>Mar  8 15:00:20 ec2: -----BEGIN SSH HOST KEY FINGERPRINTS-----
<14>Mar  8 15:00:20 ec2: 1024 SHA256:p8B+iDbi7QLaIAjWxWlgoVL+5y0MA9s/tWF4wo1zsPs root@ubuntu-bionic (DSA)
<14>Mar  8 15:00:20 ec2: 256 SHA256:6Kcq1Vw2qRnhL8bk1dAk7g00yds5XveVIKq601W2Y3w root@ubuntu-bionic (ECDSA)
<14>Mar  8 15:00:20 ec2: 256 SHA256:dmpLnsW+WbCxvDz6jmLD9MZYF1iTr7yMROV0I10iUFA root@ubuntu-bionic (ED25519)
<14>Mar  8 15:00:20 ec2: 2048 SHA256:C/3jVyH3t6qpweEQ3VYnNrJekoytRKBOnmQ7mJlZNUs root@ubuntu-bionic (RSA)
<14>Mar  8 15:00:20 ec2: -----END SSH HOST KEY FINGERPRINTS-----
<14>Mar  8 15:00:20 ec2: #############################################################
-----BEGIN SSH HOST KEY KEYS-----
ecdsa-sha2-nistp256 AAAAE2VjZHNhLXNoYTItbmlzdHAyNTYAAAAIbmlzdHAyNTYAAABBBJlqkesQxUjIFsrN2eAIkxwcUvz0kjS5SJK0++5dxugn6S+HLArGx5qi6pN9bML8zyO+mADyM69+0ro0bhNIdZ8= root@ubuntu-bionic
ssh-ed25519 AAAAC3NzaC1lZDI1NTE5AAAAIOpsXwo36Fwr/RMgphr8+1VUuM0eqL5sIZLnj9bxB5Sj root@ubuntu-bionic
ssh-rsa AAAAB3NzaC1yc2EAAAADAQABAAABAQDOKtr5zfaTb1sMtK5IZAm/Va/s8GOC8Bcq3STFtjclZpK4BEODJXr7PxYk5E51kDw2i7CyA88PijHfEzhJubpWOjFodhTtVeJoaYU5XW3pMg9w1gSKZekiIrVCnKJYuT3DFUN37EIfYkyQGLSrm79ZNoTJHRGZW/uDf/2EOdyw/4ILy4Ut39i+5Yb+l+fN844QeWPnUGXXkpFRFmpxwv8HeJBSbv3qsxw5lVwuO8y+/Novh9ArVb82Kns1CLX0lu0P7aORTHznHpAT0biiiokapXHpaYfbtmCvoL0jTeikhZzYYaQ3dV4Psd8GUrsQIfGNk2rLgbElm8aoJKFvSjQX root@ubuntu-bionic
-----END SSH HOST KEY KEYS-----
[   17.324705] cloud-init[1486]: Cloud-init v. 19.4-33-gbb4131a2-0ubuntu1~18.04.1 running 'modules:final' at Sun, 08 Mar 2020 15:00:19 +0000. Up 17.14 seconds.
[   17.326163] cloud-init[1486]: ci-info: no authorized SSH keys fingerprints found for user ubuntu.
[   17.327161] cloud-init[1486]: Cloud-init v. 19.4-33-gbb4131a2-0ubuntu1~18.04.1 finished at Sun, 08 Mar 2020 15:00:20 +0000. Datasource DataSourceNoCloud [seed=/dev/sdb][dsmode=net].  Up 17.31 seconds
[[0;32m  OK  [0m] Started Execute cloud user/final scripts.
[[0;32m  OK  [0m] Reached target Cloud-init target.
