[    0.000000] Linux version 4.15.0-88-generic (buildd@lgw01-amd64-036) (gcc version 7.4.0 (Ubuntu 7.4.0-1ubuntu1~18.04.1)) #88-Ubuntu SMP Tue Feb 11 20:11:34 UTC 2020 (Ubuntu 4.15.0-88.88-generic 4.15.18)
[    0.000000] Command line: BOOT_IMAGE=/boot/vmlinuz-4.15.0-88-generic root=LABEL=cloudimg-rootfs ro console=tty1 console=ttyS0
[    0.000000] KERNEL supported cpus:
[    0.000000]   Intel GenuineIntel
[    0.000000]   AMD AuthenticAMD
[    0.000000]   Centaur CentaurHauls
[    0.000000] x86/fpu: Supporting XSAVE feature 0x001: 'x87 floating point registers'
[    0.000000] x86/fpu: Supporting XSAVE feature 0x002: 'SSE registers'
[    0.000000] x86/fpu: Supporting XSAVE feature 0x004: 'AVX registers'
[    0.000000] x86/fpu: xstate_offset[2]:  576, xstate_sizes[2]:  256
[    0.000000] x86/fpu: Enabled xstate features 0x7, context size is 832 bytes, using 'standard' format.
[    0.000000] e820: BIOS-provided physical RAM map:
[    0.000000] BIOS-e820: [mem 0x0000000000000000-0x000000000009fbff] usable
[    0.000000] BIOS-e820: [mem 0x000000000009fc00-0x000000000009ffff] reserved
[    0.000000] BIOS-e820: [mem 0x00000000000f0000-0x00000000000fffff] reserved
[    0.000000] BIOS-e820: [mem 0x0000000000100000-0x000000003ffeffff] usable
[    0.000000] BIOS-e820: [mem 0x000000003fff0000-0x000000003fffffff] ACPI data
[    0.000000] BIOS-e820: [mem 0x00000000fec00000-0x00000000fec00fff] reserved
[    0.000000] BIOS-e820: [mem 0x00000000fee00000-0x00000000fee00fff] reserved
[    0.000000] BIOS-e820: [mem 0x00000000fffc0000-0x00000000ffffffff] reserved
[    0.000000] NX (Execute Disable) protection: active
[    0.000000] SMBIOS 2.5 present.
[    0.000000] DMI: innotek GmbH VirtualBox/VirtualBox, BIOS VirtualBox 12/01/2006
[    0.000000] Hypervisor detected: KVM
[    0.000000] e820: last_pfn = 0x3fff0 max_arch_pfn = 0x400000000
[    0.000000] MTRR: Disabled
[    0.000000] x86/PAT: MTRRs disabled, skipping PAT initialization too.
[    0.000000] CPU MTRRs all blank - virtualized system.
[    0.000000] x86/PAT: Configuration [0-7]: WB  WT  UC- UC  WB  WT  UC- UC  
[    0.000000] found SMP MP-table at [mem 0x0009fff0-0x0009ffff]
[    0.000000] Scanning 1 areas for low memory corruption
[    0.000000] RAMDISK: [mem 0x35a6d000-0x36d2dfff]
[    0.000000] ACPI: Early table checksum verification disabled
[    0.000000] ACPI: RSDP 0x00000000000E0000 000024 (v02 VBOX  )
[    0.000000] ACPI: XSDT 0x000000003FFF0030 00003C (v01 VBOX   VBOXXSDT 00000001 ASL  00000061)
[    0.000000] ACPI: FACP 0x000000003FFF00F0 0000F4 (v04 VBOX   VBOXFACP 00000001 ASL  00000061)
[    0.000000] ACPI: DSDT 0x000000003FFF0470 0022EA (v02 VBOX   VBOXBIOS 00000002 INTL 20100528)
[    0.000000] ACPI: FACS 0x000000003FFF0200 000040
[    0.000000] ACPI: FACS 0x000000003FFF0200 000040
[    0.000000] ACPI: APIC 0x000000003FFF0240 000054 (v02 VBOX   VBOXAPIC 00000001 ASL  00000061)
[    0.000000] ACPI: SSDT 0x000000003FFF02A0 0001CC (v01 VBOX   VBOXCPUT 00000002 INTL 20100528)
[    0.000000] No NUMA configuration found
[    0.000000] Faking a node at [mem 0x0000000000000000-0x000000003ffeffff]
[    0.000000] NODE_DATA(0) allocated [mem 0x3ffc5000-0x3ffeffff]
[    0.000000] kvm-clock: cpu 0, msr 0:3ff44001, primary cpu clock
[    0.000000] kvm-clock: Using msrs 4b564d01 and 4b564d00
[    0.000000] kvm-clock: using sched offset of 3514932068 cycles
[    0.000000] clocksource: kvm-clock: mask: 0xffffffffffffffff max_cycles: 0x1cd42e4dffb, max_idle_ns: 881590591483 ns
[    0.000000] Zone ranges:
[    0.000000]   DMA      [mem 0x0000000000001000-0x0000000000ffffff]
[    0.000000]   DMA32    [mem 0x0000000001000000-0x000000003ffeffff]
[    0.000000]   Normal   empty
[    0.000000]   Device   empty
[    0.000000] Movable zone start for each node
[    0.000000] Early memory node ranges
[    0.000000]   node   0: [mem 0x0000000000001000-0x000000000009efff]
[    0.000000]   node   0: [mem 0x0000000000100000-0x000000003ffeffff]
[    0.000000] Reserved but unavailable: 98 pages
[    0.000000] Initmem setup node 0 [mem 0x0000000000001000-0x000000003ffeffff]
[    0.000000] ACPI: PM-Timer IO Port: 0x4008
[    0.000000] IOAPIC[0]: apic_id 1, version 32, address 0xfec00000, GSI 0-23
[    0.000000] ACPI: INT_SRC_OVR (bus 0 bus_irq 0 global_irq 2 dfl dfl)
[    0.000000] ACPI: INT_SRC_OVR (bus 0 bus_irq 9 global_irq 9 low level)
[    0.000000] Using ACPI (MADT) for SMP configuration information
[    0.000000] smpboot: Allowing 1 CPUs, 0 hotplug CPUs
[    0.000000] PM: Registered nosave memory: [mem 0x00000000-0x00000fff]
[    0.000000] PM: Registered nosave memory: [mem 0x0009f000-0x0009ffff]
[    0.000000] PM: Registered nosave memory: [mem 0x000a0000-0x000effff]
[    0.000000] PM: Registered nosave memory: [mem 0x000f0000-0x000fffff]
[    0.000000] e820: [mem 0x40000000-0xfebfffff] available for PCI devices
[    0.000000] Booting paravirtualized kernel on KVM
[    0.000000] clocksource: refined-jiffies: mask: 0xffffffff max_cycles: 0xffffffff, max_idle_ns: 7645519600211568 ns
[    0.000000] random: get_random_bytes called from start_kernel+0x99/0x4fd with crng_init=0
[    0.000000] setup_percpu: NR_CPUS:8192 nr_cpumask_bits:1 nr_cpu_ids:1 nr_node_ids:1
[    0.000000] percpu: Embedded 45 pages/cpu s147456 r8192 d28672 u2097152
[    0.000000] PV qspinlock hash table entries: 256 (order: 0, 4096 bytes)
[    0.000000] Built 1 zonelists, mobility grouping on.  Total pages: 257913
[    0.000000] Policy zone: DMA32
[    0.000000] Kernel command line: BOOT_IMAGE=/boot/vmlinuz-4.15.0-88-generic root=LABEL=cloudimg-rootfs ro console=tty1 console=ttyS0
[    0.000000] Memory: 983248K/1048120K available (12300K kernel code, 2481K rwdata, 4264K rodata, 2428K init, 2712K bss, 64872K reserved, 0K cma-reserved)
[    0.000000] SLUB: HWalign=64, Order=0-3, MinObjects=0, CPUs=1, Nodes=1
[    0.000000] Kernel/User page tables isolation: enabled
[    0.000000] ftrace: allocating 39344 entries in 154 pages
[    0.004000] Hierarchical RCU implementation.
[    0.004000] 	RCU restricting CPUs from NR_CPUS=8192 to nr_cpu_ids=1.
[    0.004000] 	Tasks RCU enabled.
[    0.004000] RCU: Adjusting geometry for rcu_fanout_leaf=16, nr_cpu_ids=1
[    0.004000] NR_IRQS: 524544, nr_irqs: 256, preallocated irqs: 16
[    0.004000] Console: colour VGA+ 80x25
[    0.004000] console [tty1] enabled
[    0.004000] console [ttyS0] enabled
[    0.004000] ACPI: Core revision 20170831
[    0.004000] ACPI: 2 ACPI AML tables successfully acquired and loaded
[    0.004000] APIC: Switch to symmetric I/O mode setup
[    0.004000] x2apic enabled
[    0.004000] Switched APIC routing to physical x2apic.
[    0.004000] ..TIMER: vector=0x30 apic1=0 pin1=2 apic2=-1 pin2=-1
[    0.004000] tsc: Detected 3696.000 MHz processor
[    0.004005] Calibrating delay loop (skipped) preset value.. 7392.00 BogoMIPS (lpj=14784000)
[    0.004913] pid_max: default: 32768 minimum: 301
[    0.005437] Security Framework initialized
[    0.005895] Yama: becoming mindful.
[    0.006305] AppArmor: AppArmor initialized
[    0.012020] Dentry cache hash table entries: 131072 (order: 8, 1048576 bytes)
[    0.012817] Inode-cache hash table entries: 65536 (order: 7, 524288 bytes)
[    0.016009] Mount-cache hash table entries: 2048 (order: 2, 16384 bytes)
[    0.016726] Mountpoint-cache hash table entries: 2048 (order: 2, 16384 bytes)
[    0.017652] process: using mwait in idle threads
[    0.018168] Last level iTLB entries: 4KB 64, 2MB 8, 4MB 8
[    0.018741] Last level dTLB entries: 4KB 64, 2MB 0, 4MB 0, 1GB 4
[    0.019400] Spectre V1 : Mitigation: usercopy/swapgs barriers and __user pointer sanitization
[    0.020002] Spectre V2 : Mitigation: Full generic retpoline
[    0.020595] Spectre V2 : Spectre v2 / SpectreRSB mitigation: Filling RSB on context switch
[    0.021467] Speculative Store Bypass: Vulnerable
[    0.021986] MDS: Vulnerable: Clear CPU buffers attempted, no microcode
[    0.028009] Freeing SMP alternatives memory: 36K
[    0.138283] smpboot: CPU0: Intel(R) Core(TM) i7-8700K CPU @ 3.70GHz (family: 0x6, model: 0x9e, stepping: 0xa)
[    0.139398] Performance Events: unsupported p6 CPU model 158 no PMU driver, software events only.
[    0.140000] Hierarchical SRCU implementation.
[    0.140000] NMI watchdog: Perf event create on CPU 0 failed with -2
[    0.140000] NMI watchdog: Perf NMI watchdog permanently disabled
[    0.140023] smp: Bringing up secondary CPUs ...
[    0.140521] smp: Brought up 1 node, 1 CPU
[    0.140973] smpboot: Max logical packages: 1
[    0.141445] smpboot: Total of 1 processors activated (7392.00 BogoMIPS)
[    0.142206] devtmpfs: initialized
[    0.142627] x86/mm: Memory block size: 128MB
[    0.143180] evm: security.selinux
[    0.143563] evm: security.SMACK64
[    0.144003] evm: security.SMACK64EXEC
[    0.144413] evm: security.SMACK64TRANSMUTE
[    0.144861] evm: security.SMACK64MMAP
[    0.145270] evm: security.apparmor
[    0.145656] evm: security.ima
[    0.146009] evm: security.capability
[    0.146470] clocksource: jiffies: mask: 0xffffffff max_cycles: 0xffffffff, max_idle_ns: 7645041785100000 ns
[    0.147490] futex hash table entries: 256 (order: 2, 16384 bytes)
[    0.148026] pinctrl core: initialized pinctrl subsystem
[    0.148649] RTC time: 12:11:47, date: 03/05/20
[    0.149208] NET: Registered protocol family 16
[    0.149740] audit: initializing netlink subsys (disabled)
[    0.150447] cpuidle: using governor ladder
[    0.150908] cpuidle: using governor menu
[    0.151369] ACPI: bus type PCI registered
[    0.152004] acpiphp: ACPI Hot Plug PCI Controller Driver version: 0.5
[    0.152679] audit: type=2000 audit(1583410312.560:1): state=initialized audit_enabled=0 res=1
[    0.153637] PCI: Using configuration type 1 for base access
[    0.154873] HugeTLB registered 2.00 MiB page size, pre-allocated 0 pages
[    0.156110] ACPI: Added _OSI(Module Device)
[    0.160002] ACPI: Added _OSI(Processor Device)
[    0.160495] ACPI: Added _OSI(3.0 _SCP Extensions)
[    0.161006] ACPI: Added _OSI(Processor Aggregator Device)
[    0.161592] ACPI: Added _OSI(Linux-Dell-Video)
[    0.162123] ACPI: Added _OSI(Linux-Lenovo-NV-HDMI-Audio)
[    0.162691] ACPI: Added _OSI(Linux-HPI-Hybrid-Graphics)
[    0.163451] ACPI: Executed 1 blocks of module-level executable AML code
[    0.166066] ACPI: Interpreter enabled
[    0.166491] ACPI: (supports S0 S5)
[    0.166878] ACPI: Using IOAPIC for interrupt routing
[    0.167554] PCI: Using host bridge windows from ACPI; if necessary, use "pci=nocrs" and report a bug
[    0.168113] ACPI: Enabled 2 GPEs in block 00 to 07
[    0.173044] ACPI: PCI Root Bridge [PCI0] (domain 0000 [bus 00-ff])
[    0.173705] acpi PNP0A03:00: _OSC: OS supports [ASPM ClockPM Segments MSI]
[    0.174727] acpi PNP0A03:00: _OSC: not requesting OS control; OS requires [ExtendedConfig ASPM ClockPM MSI]
[    0.175759] acpi PNP0A03:00: fail to add MMCONFIG information, can't access extended PCI configuration space under this bridge.
[    0.176228] PCI host bridge to bus 0000:00
[    0.176680] pci_bus 0000:00: root bus resource [io  0x0000-0x0cf7 window]
[    0.177476] pci_bus 0000:00: root bus resource [io  0x0d00-0xffff window]
[    0.178261] pci_bus 0000:00: root bus resource [mem 0x000a0000-0x000bffff window]
[    0.179054] pci_bus 0000:00: root bus resource [mem 0x40000000-0xfdffffff window]
[    0.180002] pci_bus 0000:00: root bus resource [bus 00-ff]
[    0.181862] pci 0000:00:01.1: legacy IDE quirk: reg 0x10: [io  0x01f0-0x01f7]
[    0.182600] pci 0000:00:01.1: legacy IDE quirk: reg 0x14: [io  0x03f6]
[    0.183288] pci 0000:00:01.1: legacy IDE quirk: reg 0x18: [io  0x0170-0x0177]
[    0.184001] pci 0000:00:01.1: legacy IDE quirk: reg 0x1c: [io  0x0376]
[    0.192868] pci 0000:00:07.0: quirk: [io  0x4000-0x403f] claimed by PIIX4 ACPI
[    0.193667] pci 0000:00:07.0: quirk: [io  0x4100-0x410f] claimed by PIIX4 SMB
[    0.199079] ACPI: PCI Interrupt Link [LNKA] (IRQs 5 9 10 *11)
[    0.199979] ACPI: PCI Interrupt Link [LNKB] (IRQs 5 9 *10 11)
[    0.200075] ACPI: PCI Interrupt Link [LNKC] (IRQs 5 *9 10 11)
[    0.200762] ACPI: PCI Interrupt Link [LNKD] (IRQs 5 9 10 *11)
[    0.201570] SCSI subsystem initialized
[    0.202083] pci 0000:00:02.0: vgaarb: setting as boot VGA device
[    0.202877] pci 0000:00:02.0: vgaarb: VGA device added: decodes=io+mem,owns=io+mem,locks=none
[    0.204004] pci 0000:00:02.0: vgaarb: bridge control possible
[    0.204622] vgaarb: loaded
[    0.204970] ACPI: bus type USB registered
[    0.205431] usbcore: registered new interface driver usbfs
[    0.206017] usbcore: registered new interface driver hub
[    0.206597] usbcore: registered new device driver usb
[    0.207178] EDAC MC: Ver: 3.0.0
[    0.208143] PCI: Using ACPI for IRQ routing
[    0.208787] NetLabel: Initializing
[    0.209184] NetLabel:  domain hash size = 128
[    0.210060] NetLabel:  protocols = UNLABELED CIPSOv4 CALIPSO
[    0.210731] NetLabel:  unlabeled traffic allowed by default
[    0.211420] clocksource: Switched to clocksource kvm-clock
[    0.236808] VFS: Disk quotas dquot_6.6.0
[    0.237296] VFS: Dquot-cache hash table entries: 512 (order 0, 4096 bytes)
[    0.238068] AppArmor: AppArmor Filesystem Enabled
[    0.238599] pnp: PnP ACPI init
[    0.239598] pnp: PnP ACPI: found 3 devices
[    0.245137] clocksource: acpi_pm: mask: 0xffffff max_cycles: 0xffffff, max_idle_ns: 2085701024 ns
[    0.246128] NET: Registered protocol family 2
[    0.246689] TCP established hash table entries: 8192 (order: 4, 65536 bytes)
[    0.247436] TCP bind hash table entries: 8192 (order: 5, 131072 bytes)
[    0.248125] TCP: Hash tables configured (established 8192 bind 8192)
[    0.248828] UDP hash table entries: 512 (order: 2, 16384 bytes)
[    0.249456] UDP-Lite hash table entries: 512 (order: 2, 16384 bytes)
[    0.250153] NET: Registered protocol family 1
[    0.250641] pci 0000:00:00.0: Limiting direct PCI/PCI transfers
[    0.251288] pci 0000:00:01.0: Activating ISA DMA hang workarounds
[    0.251966] pci 0000:00:02.0: Video device with shadowed ROM at [mem 0x000c0000-0x000dffff]
[    0.252951] Unpacking initramfs...
[    0.635100] Freeing initrd memory: 19204K
[    0.635639] clocksource: tsc: mask: 0xffffffffffffffff max_cycles: 0x6a8d280fdb9, max_idle_ns: 881591151302 ns
[    0.636867] platform rtc_cmos: registered platform RTC device (no PNP device found)
[    0.637710] Scanning for low memory corruption every 60 seconds
[    0.638635] Initialise system trusted keyrings
[    0.639139] Key type blacklist registered
[    0.639612] workingset: timestamp_bits=36 max_order=18 bucket_order=0
[    0.648416] zbud: loaded
[    0.649033] squashfs: version 4.0 (2009/01/31) Phillip Lougher
[    0.649817] fuse init (API version 7.26)
[    0.650826] Key type asymmetric registered
[    0.651292] Asymmetric key parser 'x509' registered
[    0.651895] Block layer SCSI generic (bsg) driver version 0.4 loaded (major 246)
[    0.652740] io scheduler noop registered
[    0.653181] io scheduler deadline registered
[    0.653670] io scheduler cfq registered (default)
[    0.654323] ACPI: AC Adapter [AC] (on-line)
[    0.654821] input: Power Button as /devices/LNXSYSTM:00/LNXPWRBN:00/input/input0
[    0.655643] ACPI: Power Button [PWRF]
[    0.656128] input: Sleep Button as /devices/LNXSYSTM:00/LNXSLPBN:00/input/input1
[    0.656942] ACPI: Sleep Button [SLPF]
[    0.657475] Serial: 8250/16550 driver, 32 ports, IRQ sharing enabled
[    0.678798] 00:02: ttyS0 at I/O 0x3f8 (irq = 4, base_baud = 115200) is a 16550A
[    0.680448] Linux agpgart interface v0.103
[    0.681875] loop: module loaded
[    0.682508] scsi host0: ata_piix
[    0.682923] scsi host1: ata_piix
[    0.683404] ata1: PATA max UDMA/33 cmd 0x1f0 ctl 0x3f6 bmdma 0xd000 irq 14
[    0.684215] ata2: PATA max UDMA/33 cmd 0x170 ctl 0x376 bmdma 0xd008 irq 15
[    0.685353] libphy: Fixed MDIO Bus: probed
[    0.685845] tun: Universal TUN/TAP device driver, 1.6
[    0.686417] PPP generic driver version 2.4.2
[    0.686925] ehci_hcd: USB 2.0 'Enhanced' Host Controller (EHCI) Driver
[    0.687616] ehci-pci: EHCI PCI platform driver
[    0.688116] ehci-platform: EHCI generic platform driver
[    0.688892] ohci_hcd: USB 1.1 'Open' Host Controller (OHCI) Driver
[    0.689568] ohci-pci: OHCI PCI platform driver
[    0.690065] ohci-platform: OHCI generic platform driver
[    0.690657] uhci_hcd: USB Universal Host Controller Interface driver
[    0.691355] i8042: PNP: PS/2 Controller [PNP0303:PS2K,PNP0f03:PS2M] at 0x60,0x64 irq 1,12
[    0.692707] serio: i8042 KBD port at 0x60,0x64 irq 1
[    0.693272] serio: i8042 AUX port at 0x60,0x64 irq 12
[    0.693862] mousedev: PS/2 mouse device common for all mice
[    0.694629] input: AT Translated Set 2 keyboard as /devices/platform/i8042/serio0/input/input2
[    0.695838] rtc_cmos rtc_cmos: rtc core: registered rtc_cmos as rtc0
[    0.696564] rtc_cmos rtc_cmos: alarms up to one day, 114 bytes nvram
[    0.697251] i2c /dev entries driver
[    0.697682] device-mapper: uevent: version 1.0.3
[    0.698227] device-mapper: ioctl: 4.37.0-ioctl (2017-09-20) initialised: dm-devel@redhat.com
[    0.699141] ledtrig-cpu: registered to indicate activity on CPUs
[    0.699943] intel_pmc_core:  initialized
[    0.700719] NET: Registered protocol family 10
[    0.702959] Segment Routing with IPv6
[    0.703411] NET: Registered protocol family 17
[    0.703929] Key type dns_resolver registered
[    0.704486] mce: Using 0 MCE banks
[    0.704894] RAS: Correctable Errors collector initialized.
[    0.705491] sched_clock: Marking stable (704420099, 0)->(839185825, -134765726)
[    0.706355] registered taskstats version 1
[    0.706822] Loading compiled-in X.509 certificates
[    0.708521] Loaded X.509 cert 'Build time autogenerated kernel key: f0020782f0d3a548186fb3f47aed88387a71e859'
[    0.709595] zswap: loaded using pool lzo/zbud
[    0.711684] Key type big_key registered
[    0.712167] Key type trusted registered
[    0.713339] Key type encrypted registered
[    0.713802] AppArmor: AppArmor sha1 policy hashing enabled
[    0.714394] ima: No TPM chip found, activating TPM-bypass! (rc=-19)
[    0.715070] ima: Allocated hash algorithm: sha1
[    0.715582] evm: HMAC attrs: 0x1
[    0.716155]   Magic number: 12:244:177
[    0.716639] rtc_cmos rtc_cmos: setting system clock to 2020-03-05 12:11:48 UTC (1583410308)
[    0.717618] BIOS EDD facility v0.16 2004-Jun-25, 0 devices found
[    0.718302] EDD information not available.
[    0.849878] Freeing unused kernel image memory: 2428K
[    0.860290] Write protecting the kernel read-only data: 20480k
[    0.861154] Freeing unused kernel image memory: 2008K
[    0.861837] Freeing unused kernel image memory: 1880K
[    0.866166] x86/mm: Checked W+X mappings: passed, no W+X pages found.
[    0.866844] x86/mm: Checking user space page tables
[    0.871084] x86/mm: Checked W+X mappings: passed, no W+X pages found.
Loading, please wait...
starting version 237
[    0.929716] e1000: Intel(R) PRO/1000 Network Driver - version 7.3.21-k8-NAPI
[    0.930465] e1000: Copyright (c) 1999-2006 Intel Corporation.
[    0.934277] Fusion MPT base driver 3.04.20
[    0.934748] Copyright (c) 1999-2008 LSI Corporation
[    0.939823] Fusion MPT SPI Host driver 3.04.20
[    0.953654] AVX2 version of gcm_enc/dec engaged.
[    0.954202] AES CTR mode by8 optimization enabled
[    1.141833] input: ImExPS/2 Generic Explorer Mouse as /devices/platform/i8042/serio1/input/input4
[    1.295153] e1000 0000:00:03.0 eth0: (PCI:33MHz:32-bit) 02:33:ec:f4:7d:44
[    1.295885] e1000 0000:00:03.0 eth0: Intel(R) PRO/1000 Network Connection
[    1.297123] mptbase: ioc0: Initiating bringup
[    1.392641] ioc0: LSI53C1030 A0: Capabilities={Initiator}
[    1.632620] scsi host2: ioc0: LSI53C1030 A0, FwRev=00000000h, Ports=1, MaxQ=256, IRQ=20
[    1.801136] scsi 2:0:0:0: Direct-Access     VBOX     HARDDISK         1.0  PQ: 0 ANSI: 5
[    1.802060] scsi target2:0:0: Beginning Domain Validation
[    1.803059] scsi target2:0:0: Domain Validation skipping write tests
[    1.803740] scsi target2:0:0: Ending Domain Validation
[    1.804355] scsi target2:0:0: asynchronous
[    1.804842] random: fast init done
[    1.805408] scsi 2:0:1:0: Direct-Access     VBOX     HARDDISK         1.0  PQ: 0 ANSI: 5
[    1.806278] scsi target2:0:1: Beginning Domain Validation
[    1.807324] scsi target2:0:1: Domain Validation skipping write tests
[    1.808015] scsi target2:0:1: Ending Domain Validation
[    1.808617] scsi target2:0:1: asynchronous
[    1.811080] random: systemd-udevd: uninitialized urandom read (16 bytes read)
[    1.811842] random: systemd-udevd: uninitialized urandom read (16 bytes read)
[    1.812616] random: systemd-udevd: uninitialized urandom read (16 bytes read)
[    1.813545] sd 2:0:0:0: [sda] 20971520 512-byte logical blocks: (10.7 GB/10.0 GiB)
[    1.814382] sd 2:0:0:0: [sda] Write Protect is off
[    1.815002] sd 2:0:0:0: [sda] Incomplete mode parameter data
[    1.815602] sd 2:0:0:0: [sda] Assuming drive cache: write through
[    1.816420] sd 2:0:0:0: Attached scsi generic sg0 type 0
[    1.817609] sd 2:0:1:0: [sdb] 20480 512-byte logical blocks: (10.5 MB/10.0 MiB)
[    1.818583] sd 2:0:1:0: [sdb] Write Protect is off
[    1.819206] sd 2:0:1:0: [sdb] Incomplete mode parameter data
[    1.819831] sd 2:0:1:0: [sdb] Assuming drive cache: write through
[    1.820609]  sda: sda1
[    1.821383] sd 2:0:0:0: [sda] Attached SCSI disk
[    1.821946] sd 2:0:1:0: Attached scsi generic sg1 type 0
[    1.823434] sd 2:0:1:0: [sdb] Attached SCSI disk
[    2.151289] e1000 0000:00:08.0 eth1: (PCI:33MHz:32-bit) 08:00:27:d2:0f:8f
[    2.152077] e1000 0000:00:08.0 eth1: Intel(R) PRO/1000 Network Connection
[    2.153439] e1000 0000:00:08.0 enp0s8: renamed from eth1
[    2.156566] e1000 0000:00:03.0 enp0s3: renamed from eth0
Begin: Loading essential drivers ... [    3.460307] raid6: sse2x1   gen() 14764 MB/s
[    3.508417] raid6: sse2x1   xor() 10751 MB/s
[    3.556050] raid6: sse2x2   gen() 17852 MB/s
[    3.604155] raid6: sse2x2   xor() 12114 MB/s
[    3.652266] raid6: sse2x4   gen() 21011 MB/s
[    3.700370] raid6: sse2x4   xor() 12808 MB/s
[    3.748483] raid6: avx2x1   gen() 29446 MB/s
[    3.796112] raid6: avx2x1   xor() 20535 MB/s
[    3.844211] raid6: avx2x2   gen() 35825 MB/s
[    3.892319] raid6: avx2x2   xor() 22760 MB/s
[    3.940433] raid6: avx2x4   gen() 41249 MB/s
[    3.988054] raid6: avx2x4   xor() 24915 MB/s
[    3.988579] raid6: using algorithm avx2x4 gen() 41249 MB/s
[    3.989167] raid6: .... xor() 24915 MB/s, rmw enabled
[    3.989715] raid6: using avx2x2 recovery algorithm
[    3.991301] xor: automatically using best checksumming function   avx       
[    3.992909] async_tx: api initialized (async)
done.
Begin: Running /scripts/init-premount ... done.
Begin: Mounting root file system ... Begin: Running /scripts/local-top ... done.
Begin: Running /scripts/local-premount ... [    4.027514] Btrfs loaded, crc32c=crc32c-intel
Scanning for Btrfs filesystems
done.
Warning: fsck not present, so skipping root file system
[    4.044030] EXT4-fs (sda1): mounted filesystem with ordered data mode. Opts: (null)
done.
Begin: Running /scripts/local-bottom ... done.
Begin: Running /scripts/init-bottom ... done.
[    4.165777] ip_tables: (C) 2000-2006 Netfilter Core Team
[    4.171074] systemd[1]: systemd 237 running in system mode. (+PAM +AUDIT +SELINUX +IMA +APPARMOR +SMACK +SYSVINIT +UTMP +LIBCRYPTSETUP +GCRYPT +GNUTLS +ACL +XZ +LZ4 +SECCOMP +BLKID +ELFUTILS +KMOD -IDN2 +IDN -PCRE2 default-hierarchy=hybrid)
[    4.173343] systemd[1]: Detected virtualization oracle.
[    4.173914] systemd[1]: Detected architecture x86-64.

Welcome to [1mUbuntu 18.04.4 LTS[0m!

[    4.176123] systemd[1]: Set hostname to <ubuntu>.
[    4.179090] systemd[1]: Initializing machine ID from random generator.
[    4.179851] systemd[1]: Installed transient /etc/machine-id file.
[    4.346683] systemd[1]: Set up automount Arbitrary Executable File Formats File System Automount Point.
[[0;32m  OK  [0m] Set up automount Arbitrary Executabâ€¦rmats File System Automount Point.
[    4.348550] systemd[1]: Started Forward Password Requests to Wall Directory Watch.
[[0;32m  OK  [0m] Started Forward Password Requests to Wall Directory Watch.
[    4.350008] systemd[1]: Reached target System Time Synchronized.
[[0;32m  OK  [0m] Reached target System Time Synchronized.
[    4.351517] systemd[1]: Created slice User and Session Slice.
[[0;32m  OK  [0m] Created slice User and Session Slice.
[[0;32m  OK  [0m] Created slice System Slice.
[[0;32m  OK  [0m] Reached target Slices.
[[0;32m  OK  [0m] Listening on Network Service Netlink Socket.
[[0;32m  OK  [0m] Listening on LVM2 poll daemon socket.
[[0;32m  OK  [0m] Listening on Journal Socket.
         Mounting Kernel Debug File System...
         Starting Load Kernel Modules...
         Starting Set the console keyboard layout...
         Mounting POSIX Message Queue File System...
[[0;32m  OK  [0m] Listening on Journal Socket (/dev/log).
[[0;32m  OK  [0m] Listening on udev Kernel Socket.
         Starting Uncomplicated firewall...
         Starting Create list of required stâ€¦ce nodes for the current kernel...
[[0;32m  OK  [0m] Listening on Journal Audit Socket.
[[0;32m  OK  [0m] Reached target Swap.
         Starting Remount Root and Kernel File Systems...
[[0;32m  OK  [0m] Listening on LVM2 metadata daemon socket.
[[0;32m  OK  [0m] Created slice system-serial\x2dgetty.slice.
[[0;32m  OK  [0m] Listening on Syslog Socket.
         Starting Journal Service...
[[0;32m  OK  [0m] Listening on udev Control Socket.
         Starting udev Coldplug all Devices...
         Mounting Huge Pages File System...
[[0;32m  OK  [0m] Listening on /dev/initctl Compatibility Named Pipe.
[[0;32m  OK  [0m] Reached target User and Group Name Lookups.
[[0;32m  OK  [0m] Listening on Device-mapper event daemon FIFOs.
         Starting Monitoring of LVM2 mirrorsâ€¦ng dmeventd or progress polling...
[[0;32m  OK  [0m] Started Uncomplicated firewall.
[    4.390469] Loading iSCSI transport class v2.0-870.
[    4.393999] iscsi: registered transport (tcp)
[    4.403716] iscsi: registered transport (iser)
[[0;32m  OK  [0m] Started Load Kernel Modules.
         Starting Apply Kernel Variables...
         Mounting Kernel Configuration File System...
         Mounting FUSE Control File System...
[[0;32m  OK  [0m] Started Create list of required staâ€¦vice nodes for the current kernel.
         Starting Create Static Device Nodes in /dev...
[[0;32m  OK  [0m] Mounted Huge Pages File System.
[[0;32m  OK  [0m] Mounted Kernel Debug File System.
[[0;32m  OK  [0m] Mounted POSIX Message Queue File System.
[[0;32m  OK  [0m] Mounted FUSE Control File System.
[[0;32m  OK  [0m] Mounted Kernel Configuration File System.
[[0;32m  OK  [0m] Started udev Coldplug all Devices.
[[0;32m  OK  [0m] Started LVM2 metadata daemon.
[[0;32m  OK  [0m] Started Create Static Device Nodes in /dev.
[[0;32m  OK  [0m] Started Remount Root and Kernel File Systems.
         Starting Load/Save Random Seed...
         Starting udev Kernel Device Manager...
[[0;32m  OK  [0m] Started Journal Service.
[[0;32m  OK  [0m] Started Apply Kernel Variables.
         Starting Flush Journal to Persistent Storage...
[[0;32m  OK  [0m] Started Load/Save Random Seed.
[[0;32m  OK  [0m] Started Monitoring of LVM2 mirrors,â€¦sing dmeventd or progress polling.
[[0;32m  OK  [0m] Started udev Kernel Device Manager.
[[0;32m  OK  [0m] Started Flush Journal to Persistent Storage.
[[0;32m  OK  [0m] Found device /dev/ttyS0.
[[0;32m  OK  [0m] Listening on Load/Save RF Kill Switch Status /dev/rfkill Watch.
[[0;32m  OK  [0m] Started Set the console keyboard layout.
[[0;32m  OK  [0m] Reached target Local File Systems (Pre).
[[0;32m  OK  [0m] Reached target Local File Systems.
         Starting Commit a transient machine-id on disk...
         Starting Create Volatile Files and Directories...
         Starting AppArmor initialization...
         Starting ebtables ruleset management...
         Starting Set console font and keymap...
         Starting Tell Plymouth To Write Out Runtime Data...
[[0;32m  OK  [0m] Started Dispatch Password Requests to Console Directory Watch.
[[0;32m  OK  [0m] Reached target Local Encrypted Volumes.
[[0;32m  OK  [0m] Started Tell Plymouth To Write Out Runtime Data.
[[0;32m  OK  [0m] Started Create Volatile Files and Directories.
         Starting Update UTMP about System Boot/Shutdown...
[[0;32m  OK  [0m] Started Commit a transient machine-id on disk.
[[0;32m  OK  [0m] Started Update UTMP about System Boot/Shutdown.
[[0;32m  OK  [0m] Started ebtables ruleset management.
[[0;32m  OK  [0m] Started AppArmor initialization.
         Starting Initial cloud-init job (pre-networking)...
[[0;32m  OK  [0m] Started Set console font and keymap.
[    7.543917] cloud-init[763]: Cloud-init v. 19.4-33-gbb4131a2-0ubuntu1~18.04.1 running 'init-local' at Thu, 05 Mar 2020 12:11:55 +0000. Up 7.30 seconds.
[[0;32m  OK  [0m] Started Initial cloud-init job (pre-networking).
[[0;32m  OK  [0m] Reached target Network (Pre).
         Starting Network Service...
[[0;32m  OK  [0m] Started Network Service.
         Starting Wait for Network to be Configured...
         Starting Network Name Resolution...
[[0;32m  OK  [0m] Started Network Name Resolution.
[[0;32m  OK  [0m] Reached target Network.
[[0;32m  OK  [0m] Reached target Host and Network Name Lookups.
[[0;32m  OK  [0m] Started Wait for Network to be Configured.
         Starting Initial cloud-init job (metadata service crawler)...
[    9.706770] cloud-init[902]: Cloud-init v. 19.4-33-gbb4131a2-0ubuntu1~18.04.1 running 'init' at Thu, 05 Mar 2020 12:11:57 +0000. Up 9.61 seconds.
[    9.708480] cloud-init[902]: ci-info: ++++++++++++++++++++++++++++++++++++++Net device info+++++++++++++++++++++++++++++++++++++++
[    9.709504] cloud-init[902]: ci-info: +--------+-------+----------------------------+---------------+--------+-------------------+
[    9.711631] cloud-init[902]: ci-info: | Device |   Up  |          Address           |      Mask     | Scope  |     Hw-Address    |
[    9.713436] cloud-init[902]: ci-info: +--------+-------+----------------------------+---------------+--------+-------------------+
[    9.714726] cloud-init[902]: ci-info: | enp0s3 |  True |         10.0.2.15          | 255.255.255.0 | global | 02:33:ec:f4:7d:44 |
[    9.716757] cloud-init[902]: ci-info: | enp0s3 |  True | fe80::33:ecff:fef4:7d44/64 |       .       |  link  | 02:33:ec:f4:7d:44 |
[    9.718614] cloud-init[902]: ci-info: | enp0s8 | False |             .              |       .       |   .    | 08:00:27:d2:0f:8f |
[    9.721076] cloud-init[902]: ci-info: |   lo   |  True |         127.0.0.1          |   255.0.0.0   |  host  |         .         |
[    9.724417] cloud-init[902]: ci-info: |   lo   |  True |          ::1/128           |       .       |  host  |         .         |
[    9.726440] cloud-init[902]: ci-info: +--------+-------+----------------------------+---------------+--------+-------------------+
[    9.731188] cloud-init[902]: ci-info: ++++++++++++++++++++++++++++Route IPv4 info+++++++++++++++++++++++++++++
[    9.732046] cloud-init[902]: ci-info: +-------+-------------+----------+-----------------+-----------+-------+
[    9.733072] cloud-init[902]: ci-info: | Route | Destination | Gateway  |     Genmask     | Interface | Flags |
[    9.733943] cloud-init[902]: ci-info: +-------+-------------+----------+-----------------+-----------+-------+
[    9.734865] cloud-init[902]: ci-info: |   0   |   0.0.0.0   | 10.0.2.2 |     0.0.0.0     |   enp0s3  |   UG  |
[    9.740063] cloud-init[902]: ci-info: |   1   |   10.0.2.0  | 0.0.0.0  |  255.255.255.0  |   enp0s3  |   U   |
[    9.741829] cloud-init[902]: ci-info: |   2   |   10.0.2.2  | 0.0.0.0  | 255.255.255.255 |   enp0s3  |   UH  |
[    9.743022] cloud-init[902]: ci-info: +-------+-------------+----------+-----------------+-----------+-------+
[    9.744222] cloud-init[902]: ci-info: +++++++++++++++++++Route IPv6 info+++++++++++++++++++
[    9.746724] cloud-init[902]: ci-info: +-------+-------------+---------+-----------+-------+
[    9.747469] cloud-init[902]: ci-info: | Route | Destination | Gateway | Interface | Flags |
[    9.749653] cloud-init[902]: ci-info: +-------+-------------+---------+-----------+-------+
[    9.750486] cloud-init[902]: ci-info: |   1   |  fe80::/64  |    ::   |   enp0s3  |   U   |
[    9.751333] cloud-init[902]: ci-info: |   3   |    local    |    ::   |   enp0s3  |   U   |
[    9.752327] cloud-init[902]: ci-info: |   4   |   ff00::/8  |    ::   |   enp0s3  |   U   |
[    9.753214] cloud-init[902]: ci-info: +-------+-------------+---------+-----------+-------+
[   10.236409] cloud-init[902]: Generating public/private rsa key pair.
[   10.237026] cloud-init[902]: Your identification has been saved in /etc/ssh/ssh_host_rsa_key.
[   10.237821] cloud-init[902]: Your public key has been saved in /etc/ssh/ssh_host_rsa_key.pub.
[   10.238561] cloud-init[902]: The key fingerprint is:
[   10.239082] cloud-init[902]: SHA256:CwX1wsOWDl+cX3lJ1pmaqqyq0O7OEs/0DklYDqspbEs root@ubuntu-bionic
[   10.242233] cloud-init[902]: The key's randomart image is:
[   10.242808] cloud-init[902]: +---[RSA 2048]----+
[   10.243302] cloud-init[902]: |      ...      o+|
[   10.243793] cloud-init[902]: |       + + .  o+o|
[   10.248328] cloud-init[902]: | . .  . O =   =..|
[   10.248821] cloud-init[902]: |  *    * + . + . |
[   10.249316] cloud-init[902]: | o o  . S   o    |
[   10.249810] cloud-init[902]: |ooo..  . . .     |
[   10.250301] cloud-init[902]: |+E=+.   o .      |
[   10.250787] cloud-init[902]: |+.=o..   o       |
[   10.251275] cloud-init[902]: | .+*oo...        |
[   10.251760] cloud-init[902]: +----[SHA256]-----+
[   10.256788] cloud-init[902]: Generating public/private dsa key pair.
[   10.257422] cloud-init[902]: Your identification has been saved in /etc/ssh/ssh_host_dsa_key.
[   10.258192] cloud-init[902]: Your public key has been saved in /etc/ssh/ssh_host_dsa_key.pub.
[   10.258950] cloud-init[902]: The key fingerprint is:
[   10.259467] cloud-init[902]: SHA256:1RBIgdIkOHcjRNHeBqyOwVnxFa3cuvtAw8x41m0eO6M root@ubuntu-bionic
[   10.260263] cloud-init[902]: The key's randomart image is:
[   10.260806] cloud-init[902]: +---[DSA 1024]----+
[   10.264534] cloud-init[902]: |   +*B.o==o.     |
[   10.265013] cloud-init[902]: |  o =oO.. .o     |
[   10.265493] cloud-init[902]: | . = *.= o. .    |
[   10.265975] cloud-init[902]: |  + . .==o..     |
[   10.266455] cloud-init[902]: |   +  ..S.. +    |
[   10.266938] cloud-init[902]: |  . .  +.. o o   |
[   10.268438] cloud-init[902]: |        ..  =    |
[   10.268922] cloud-init[902]: |        .. . o   |
[   10.272498] cloud-init[902]: |        .oE      |
[   10.272983] cloud-init[902]: +----[SHA256]-----+
[   10.273470] cloud-init[902]: Generating public/private ecdsa key pair.
[   10.274084] cloud-init[902]: Your identification has been saved in /etc/ssh/ssh_host_ecdsa_key.
[   10.274870] cloud-init[902]: Your public key has been saved in /etc/ssh/ssh_host_ecdsa_key.pub.
[   10.276386] cloud-init[902]: The key fingerprint is:
[   10.280378] cloud-init[902]: SHA256:+SSqj5O7Fz8gqFUr3wKMmwAwK3SoP+QksTG3wgn0uTY root@ubuntu-bionic
[   10.281178] cloud-init[902]: The key's randomart image is:
[   10.281715] cloud-init[902]: +---[ECDSA 256]---+
[   10.282191] cloud-init[902]: |...              |
[   10.282677] cloud-init[902]: |Boo..            |
[   10.283159] cloud-init[902]: |*Oo+             |
[   10.283643] cloud-init[902]: |Oo+ o    .       |
[   10.288417] cloud-init[902]: |oX E .  S .      |
[   10.288914] cloud-init[902]: |o @ + o. +       |
[   10.289398] cloud-init[902]: |.= = +.+  .      |
[   10.289888] cloud-init[902]: |+   =oo o        |
[   10.290367] cloud-init[902]: |    =B.  .       |
[   10.290851] cloud-init[902]: +----[SHA256]-----+
[   10.291329] cloud-init[902]: Generating public/private ed25519 key pair.
[   10.291952] cloud-init[902]: Your identification has been saved in /etc/ssh/ssh_host_ed25519_key.
[   10.295021] cloud-init[902]: Your public key has been saved in /etc/ssh/ssh_host_ed25519_key.pub.
[   10.295888] cloud-init[902]: The key fingerprint is:
[   10.296431] cloud-init[902]: SHA256:rlRFPLQgAJPfKgZOD0Y6RhhP7p3vLsn0XdHeqrQry54 root@ubuntu-bionic
[[0;32m  OK  [0m] Started Initial cloud-init job (metadata service crawler).
[[0;32m  OK  [0m] Reached target Network is Online.
[   10.298953] cloud-init         Starting Availability of block devices...
[[0;32m  OK  [0m] Reached target Remote File Systems (Pre).
[[0;32m  OK  [0m] Reached target Remote File Systems.
[[0;32m  OK  [0m] Reached target Cloud-config availability.
[[0;32m  OK  [0m] Reached target System Initialization.
[902]: The key's randomart image is:
[   10.302662] cloud-init[902]: +--[ED25519 256]--+
[   10.303165] cloud-init[902]: |o.+o... .oo      |
[[0;32m  OK  [0m] Listening on D-Bus System Message Bus Socket.
[[0;32m  OK  [0m] Listening on UUID daemon activation socket.
         Starting Socket activation for snappy daemon.
[[0;32m  OK  [0m] Started Daily apt download activities.
[[0;32m  OK  [0m] Started Discard unused blocks once a week.
[   10.316422] [[0;32m  OK  [0m] Started ACPI Events Check.
[[0;32m  OK  [0m] Reached target Paths.
[[0;32m  OK  [0m] Started Daily Cleanup of Temporary Directories.
[[0;32m  OK  [0m] Started Message of the Day.
[[0;32m  OK  [0m] Listening on Open-iSCSI iscsid Socket.
cloud-init[902]: |.*..   . oo.     |
[   10.320162] cloud-init[902]: |+ o. .    oo     |
[   10.320725] cloud-init[902]: |+* ....  .. .    |
         Starting LXD - unix socket.
[[0;32m  OK  [0m] Listening on ACPID Listen Socket.[   10.324304] cloud-init[902]: |=o+ o.  S  o .   |
[   10.324778] cloud-init[902]: | .o.o. o  . . .  |
[   10.325247] cloud-init[902]: | . + oo....  .   |
[   10.325715] cloud-init[902]: |    +o.ooo ..    |
[   10.326287] cloud-init[902]: |     o+.Eo+o     |
[   10.326757] cloud-init[902]: +----[SHA256]-----+

[[0;32m  OK  [0m] Started Daily apt upgrade and clean activities.
[[0;32m  OK  [0m] Reached target Timers.
[[0;32m  OK  [0m] Started Availability of block devices.
[[0;32m  OK  [0m] Listening on Socket activation for snappy daemon.
[[0;32m  OK  [0m] Listening on LXD - unix socket.
[[0;32m  OK  [0m] Reached target Sockets.
[[0;32m  OK  [0m] Reached target Basic System.
         Starting LSB: Record successful boot for GRUB...
         Starting Virtualbox guest utils...
         Starting Dispatcher daemon for systemd-networkd...
[[0;32m  OK  [0m] Started Deferred execution scheduler.
         Starting Permit User Sessions...
[[0;32m  OK  [0m] Started D-Bus System Message Bus.
[[0;32m  OK  [0m] Started FUSE filesystem for LXC.
         Starting Accounts Service...
         Starting Login Service...
         Starting Pollinate to seed the pseudo random number generator...
         Starting LSB: automatic crash report generation...
[[0;32m  OK  [0m] Started Regular background program processing daemon.
[[0;32m  OK  [0m] Started irqbalance daemon.
         Starting System Logging Service...
         Starting Snappy daemon...
         Starting LXD - container startup/shutdown...
[[0;32m  OK  [0m] Started Permit User Sessions.
         Starting Terminate Plymouth Boot Screen...
         Starting Hold until boot process finishes up...
[[0;32m  OK  [0m] Started Hold until boot process finishes up.
         Starting Set console scheme...
[[0;32m  OK  [0m] Started Serial Getty on ttyS0.
[[0;32m  OK  [0m] Started Terminate Plymouth Boot Screen.
[[0;32m  OK  [0m] Started LSB: automatic crash report generation.
[[0;32m  OK  [0m] Started System Logging Service.
[[0;32m  OK  [0m] Started Set console scheme.
[[0;32m  OK  [0m] Created slice system-getty.slice.
[[0;32m  OK  [0m] Started Getty on tty1.
[[0;32m  OK  [0m] Reached target Login Prompts.
[[0;32m  OK  [0m] Started Login Service.
[[0;32m  OK  [0m] Started Unattended Upgrades Shutdown.
         Starting Authorization Manager...
[[0;32m  OK  [0m] Started LSB: Record successful boot for GRUB.
[[0;32m  OK  [0m] Started Authorization Manager.
[[0;32m  OK  [0m] Started Accounts Service.
[[0;32m  OK  [0m] Started Virtualbox guest utils.
[[0;32m  OK  [0m] Started Dispatcher daemon for systemd-networkd.
[[0;32m  OK  [0m] Started LXD - container startup/shutdown.
[[0;32m  OK  [0m] Started Snappy daemon.
         Starting Wait until snapd is fully seeded...
[[0;32m  OK  [0m] Started Pollinate to seed the pseudo random number generator.
         Starting OpenBSD Secure Shell server...
[[0;32m  OK  [0m] Started OpenBSD Secure Shell server.
[[0;32m  OK  [0m] Created slice User Slice of vagrant.
         Starting User Manager for UID 1000...
[[0;32m  OK  [0m] Started Session 1 of user vagrant.
[[0;32m  OK  [0m] Started User Manager for UID 1000.
[[0;32m  OK  [0m] Started Wait until snapd is fully seeded.
[[0;32m  OK  [0m] Reached target Multi-User System.
[[0;32m  OK  [0m] Reached target Graphical Interface.
         Starting Update UTMP about System Runlevel Changes...
         Starting Apply the settings specified in cloud-config...
[[0;32m  OK  [0m] Started Update UTMP about System Runlevel Changes.
[   13.654183] cloud-init[1339]: Cloud-init v. 19.4-33-gbb4131a2-0ubuntu1~18.04.1 running 'modules:config' at Thu, 05 Mar 2020 12:12:00 +0000. Up 13.04 seconds.
[[0;32m  OK  [0m] Started Apply the settings specified in cloud-config.
         Starting Execute cloud user/final scripts...
ci-info: no authorized SSH keys fingerprints found for user ubuntu.
<14>Mar  5 12:12:01 ec2: 
<14>Mar  5 12:12:01 ec2: #############################################################
<14>Mar  5 12:12:01 ec2: -----BEGIN SSH HOST KEY FINGERPRINTS-----
<14>Mar  5 12:12:01 ec2: 1024 SHA256:1RBIgdIkOHcjRNHeBqyOwVnxFa3cuvtAw8x41m0eO6M root@ubuntu-bionic (DSA)
<14>Mar  5 12:12:01 ec2: 256 SHA256:+SSqj5O7Fz8gqFUr3wKMmwAwK3SoP+QksTG3wgn0uTY root@ubuntu-bionic (ECDSA)
<14>Mar  5 12:12:02 ec2: 256 SHA256:rlRFPLQgAJPfKgZOD0Y6RhhP7p3vLsn0XdHeqrQry54 root@ubuntu-bionic (ED25519)
<14>Mar  5 12:12:02 ec2: 2048 SHA256:CwX1wsOWDl+cX3lJ1pmaqqyq0O7OEs/0DklYDqspbEs root@ubuntu-bionic (RSA)
<14>Mar  5 12:12:02 ec2: -----END SSH HOST KEY FINGERPRINTS-----
<14>Mar  5 12:12:02 ec2: #############################################################
-----BEGIN SSH HOST KEY KEYS-----
ecdsa-sha2-nistp256 AAAAE2VjZHNhLXNoYTItbmlzdHAyNTYAAAAIbmlzdHAyNTYAAABBBC4yQST6PRGNH/X2LeyYLdL3Zqj+RLAYAKdnrbHF6cTnF5IQ0JcACH4zErRKZLENv4kKPtqOftOOu04RwJWV4YE= root@ubuntu-bionic
ssh-ed25519 AAAAC3NzaC1lZDI1NTE5AAAAINNXJxus5wLAyju00AWB9GVYX5+J2z7w4QuW6EEmcgWA root@ubuntu-bionic
ssh-rsa AAAAB3NzaC1yc2EAAAADAQABAAABAQCapI4Gugpu4Lj2+iUoYVltgmsfHoSzAjbmWaKOMrDKkA+rMeUW44UGH1fLbYONvJ4ItdBeE79tGwZb2918O8jWcoSCr7L+rFyRPWP9ZW3UKn/Uc+Ih3H9HVcny0hvbFB0jQBxaUWhoCTw2OOkczSOqz8tWrPiHedpJA8ryGK42UX/OFqJ14o8QmvJNSYM1SCC8prKRe4+qgparj8G5RPDhe5V9L9r/dnmp5Z3UTw7HrCc2tX7bLO/jdzmU9PbaG9Gki+RHLOJ1XYrZLIREY/iviCbdEoDoc7EnWeOHU6SKo6UCKwMYMTwxQ3Wk+lX3fNEL42IljtA93jp4UFs5xKTT root@ubuntu-bionic
-----END SSH HOST KEY KEYS-----
[   14.241762] cloud-init[1444]: Cloud-init v. 19.4-33-gbb4131a2-0ubuntu1~18.04.1 running 'modules:final' at Thu, 05 Mar 2020 12:12:01 +0000. Up 14.10 seconds.
[   14.243003] cloud-init[1444]: ci-info: no authorized SSH keys fingerprints found for user ubuntu.
[   14.243869] cloud-init[1444]: Cloud-init v. 19.4-33-gbb4131a2-0ubuntu1~18.04.1 finished at Thu, 05 Mar 2020 12:12:02 +0000. Datasource DataSourceNoCloud [seed=/dev/sdb][dsmode=net].  Up 14.23 seconds
[[0;32m  OK  [0m] Started Execute cloud user/final scripts.
[[0;32m  OK  [0m] Reached target Cloud-init target.

Ubuntu 18.04.4 LTS ubuntu-bionic ttyS0

ubuntu-bionic login: 