[    0.000000] Linux version 4.15.0-88-generic (buildd@lgw01-amd64-036) (gcc version 7.4.0 (Ubuntu 7.4.0-1ubuntu1~18.04.1)) #88-Ubuntu SMP Tue Feb 11 20:11:34 UTC 2020 (Ubuntu 4.15.0-88.88-generic 4.15.18)
[    0.000000] Command line: BOOT_IMAGE=/boot/vmlinuz-4.15.0-88-generic root=LABEL=cloudimg-rootfs ro console=tty1 console=ttyS0
[    0.000000] KERNEL supported cpus:
[    0.000000]   Intel GenuineIntel
[    0.000000]   AMD AuthenticAMD
[    0.000000]   Centaur CentaurHauls
[    0.000000] x86/fpu: Supporting XSAVE feature 0x001: 'x87 floating point registers'
[    0.000000] x86/fpu: Supporting XSAVE feature 0x002: 'SSE registers'
[    0.000000] x86/fpu: Supporting XSAVE feature 0x004: 'AVX registers'
[    0.000000] x86/fpu: xstate_offset[2]:  576, xstate_sizes[2]:  256
[    0.000000] x86/fpu: Enabled xstate features 0x7, context size is 832 bytes, using 'standard' format.
[    0.000000] e820: BIOS-provided physical RAM map:
[    0.000000] BIOS-e820: [mem 0x0000000000000000-0x000000000009fbff] usable
[    0.000000] BIOS-e820: [mem 0x000000000009fc00-0x000000000009ffff] reserved
[    0.000000] BIOS-e820: [mem 0x00000000000f0000-0x00000000000fffff] reserved
[    0.000000] BIOS-e820: [mem 0x0000000000100000-0x000000003ffeffff] usable
[    0.000000] BIOS-e820: [mem 0x000000003fff0000-0x000000003fffffff] ACPI data
[    0.000000] BIOS-e820: [mem 0x00000000fec00000-0x00000000fec00fff] reserved
[    0.000000] BIOS-e820: [mem 0x00000000fee00000-0x00000000fee00fff] reserved
[    0.000000] BIOS-e820: [mem 0x00000000fffc0000-0x00000000ffffffff] reserved
[    0.000000] NX (Execute Disable) protection: active
[    0.000000] SMBIOS 2.5 present.
[    0.000000] DMI: innotek GmbH VirtualBox/VirtualBox, BIOS VirtualBox 12/01/2006
[    0.000000] Hypervisor detected: KVM
[    0.000000] e820: last_pfn = 0x3fff0 max_arch_pfn = 0x400000000
[    0.000000] MTRR: Disabled
[    0.000000] x86/PAT: MTRRs disabled, skipping PAT initialization too.
[    0.000000] CPU MTRRs all blank - virtualized system.
[    0.000000] x86/PAT: Configuration [0-7]: WB  WT  UC- UC  WB  WT  UC- UC  
[    0.000000] found SMP MP-table at [mem 0x0009fff0-0x0009ffff]
[    0.000000] Scanning 1 areas for low memory corruption
[    0.000000] RAMDISK: [mem 0x35a6d000-0x36d2dfff]
[    0.000000] ACPI: Early table checksum verification disabled
[    0.000000] ACPI: RSDP 0x00000000000E0000 000024 (v02 VBOX  )
[    0.000000] ACPI: XSDT 0x000000003FFF0030 00003C (v01 VBOX   VBOXXSDT 00000001 ASL  00000061)
[    0.000000] ACPI: FACP 0x000000003FFF00F0 0000F4 (v04 VBOX   VBOXFACP 00000001 ASL  00000061)
[    0.000000] ACPI: DSDT 0x000000003FFF0470 0022EA (v02 VBOX   VBOXBIOS 00000002 INTL 20100528)
[    0.000000] ACPI: FACS 0x000000003FFF0200 000040
[    0.000000] ACPI: FACS 0x000000003FFF0200 000040
[    0.000000] ACPI: APIC 0x000000003FFF0240 000054 (v02 VBOX   VBOXAPIC 00000001 ASL  00000061)
[    0.000000] ACPI: SSDT 0x000000003FFF02A0 0001CC (v01 VBOX   VBOXCPUT 00000002 INTL 20100528)
[    0.000000] No NUMA configuration found
[    0.000000] Faking a node at [mem 0x0000000000000000-0x000000003ffeffff]
[    0.000000] NODE_DATA(0) allocated [mem 0x3ffc5000-0x3ffeffff]
[    0.000000] kvm-clock: cpu 0, msr 0:3ff44001, primary cpu clock
[    0.000000] kvm-clock: Using msrs 4b564d01 and 4b564d00
[    0.000000] kvm-clock: using sched offset of 4451600589 cycles
[    0.000000] clocksource: kvm-clock: mask: 0xffffffffffffffff max_cycles: 0x1cd42e4dffb, max_idle_ns: 881590591483 ns
[    0.000000] Zone ranges:
[    0.000000]   DMA      [mem 0x0000000000001000-0x0000000000ffffff]
[    0.000000]   DMA32    [mem 0x0000000001000000-0x000000003ffeffff]
[    0.000000]   Normal   empty
[    0.000000]   Device   empty
[    0.000000] Movable zone start for each node
[    0.000000] Early memory node ranges
[    0.000000]   node   0: [mem 0x0000000000001000-0x000000000009efff]
[    0.000000]   node   0: [mem 0x0000000000100000-0x000000003ffeffff]
[    0.000000] Reserved but unavailable: 98 pages
[    0.000000] Initmem setup node 0 [mem 0x0000000000001000-0x000000003ffeffff]
[    0.000000] ACPI: PM-Timer IO Port: 0x4008
[    0.000000] IOAPIC[0]: apic_id 1, version 32, address 0xfec00000, GSI 0-23
[    0.000000] ACPI: INT_SRC_OVR (bus 0 bus_irq 0 global_irq 2 dfl dfl)
[    0.000000] ACPI: INT_SRC_OVR (bus 0 bus_irq 9 global_irq 9 low level)
[    0.000000] Using ACPI (MADT) for SMP configuration information
[    0.000000] smpboot: Allowing 1 CPUs, 0 hotplug CPUs
[    0.000000] PM: Registered nosave memory: [mem 0x00000000-0x00000fff]
[    0.000000] PM: Registered nosave memory: [mem 0x0009f000-0x0009ffff]
[    0.000000] PM: Registered nosave memory: [mem 0x000a0000-0x000effff]
[    0.000000] PM: Registered nosave memory: [mem 0x000f0000-0x000fffff]
[    0.000000] e820: [mem 0x40000000-0xfebfffff] available for PCI devices
[    0.000000] Booting paravirtualized kernel on KVM
[    0.000000] clocksource: refined-jiffies: mask: 0xffffffff max_cycles: 0xffffffff, max_idle_ns: 7645519600211568 ns
[    0.000000] random: get_random_bytes called from start_kernel+0x99/0x4fd with crng_init=0
[    0.000000] setup_percpu: NR_CPUS:8192 nr_cpumask_bits:1 nr_cpu_ids:1 nr_node_ids:1
[    0.000000] percpu: Embedded 45 pages/cpu s147456 r8192 d28672 u2097152
[    0.000000] PV qspinlock hash table entries: 256 (order: 0, 4096 bytes)
[    0.000000] Built 1 zonelists, mobility grouping on.  Total pages: 257913
[    0.000000] Policy zone: DMA32
[    0.000000] Kernel command line: BOOT_IMAGE=/boot/vmlinuz-4.15.0-88-generic root=LABEL=cloudimg-rootfs ro console=tty1 console=ttyS0
[    0.000000] Memory: 983248K/1048120K available (12300K kernel code, 2481K rwdata, 4264K rodata, 2428K init, 2712K bss, 64872K reserved, 0K cma-reserved)
[    0.000000] SLUB: HWalign=64, Order=0-3, MinObjects=0, CPUs=1, Nodes=1
[    0.000000] Kernel/User page tables isolation: enabled
[    0.000000] ftrace: allocating 39344 entries in 154 pages
[    0.004000] Hierarchical RCU implementation.
[    0.004000] 	RCU restricting CPUs from NR_CPUS=8192 to nr_cpu_ids=1.
[    0.004000] 	Tasks RCU enabled.
[    0.004000] RCU: Adjusting geometry for rcu_fanout_leaf=16, nr_cpu_ids=1
[    0.004000] NR_IRQS: 524544, nr_irqs: 256, preallocated irqs: 16
[    0.004000] Console: colour VGA+ 80x25
[    0.004000] console [tty1] enabled
[    0.004000] console [ttyS0] enabled
[    0.004000] ACPI: Core revision 20170831
[    0.004000] ACPI: 2 ACPI AML tables successfully acquired and loaded
[    0.004000] APIC: Switch to symmetric I/O mode setup
[    0.004000] x2apic enabled
[    0.004000] Switched APIC routing to physical x2apic.
[    0.004000] ..TIMER: vector=0x30 apic1=0 pin1=2 apic2=-1 pin2=-1
[    0.004000] tsc: Detected 3696.002 MHz processor
[    0.004005] Calibrating delay loop (skipped) preset value.. 7392.00 BogoMIPS (lpj=14784008)
[    0.005070] pid_max: default: 32768 minimum: 301
[    0.005722] Security Framework initialized
[    0.006266] Yama: becoming mindful.
[    0.006756] AppArmor: AppArmor initialized
[    0.012027] Dentry cache hash table entries: 131072 (order: 8, 1048576 bytes)
[    0.016042] Inode-cache hash table entries: 65536 (order: 7, 524288 bytes)
[    0.016908] Mount-cache hash table entries: 2048 (order: 2, 16384 bytes)
[    0.017752] Mountpoint-cache hash table entries: 2048 (order: 2, 16384 bytes)
[    0.018830] process: using mwait in idle threads
[    0.019442] Last level iTLB entries: 4KB 64, 2MB 8, 4MB 8
[    0.020001] Last level dTLB entries: 4KB 64, 2MB 0, 4MB 0, 1GB 4
[    0.020775] Spectre V1 : Mitigation: usercopy/swapgs barriers and __user pointer sanitization
[    0.021852] Spectre V2 : Mitigation: Full generic retpoline
[    0.022555] Spectre V2 : Spectre v2 / SpectreRSB mitigation: Filling RSB on context switch
[    0.023608] Speculative Store Bypass: Vulnerable
[    0.024032] MDS: Vulnerable: Clear CPU buffers attempted, no microcode
[    0.032321] Freeing SMP alternatives memory: 36K
[    0.142327] smpboot: CPU0: Intel(R) Core(TM) i7-8700K CPU @ 3.70GHz (family: 0x6, model: 0x9e, stepping: 0xa)
[    0.143639] Performance Events: unsupported p6 CPU model 158 no PMU driver, software events only.
[    0.144000] Hierarchical SRCU implementation.
[    0.144000] NMI watchdog: Perf event create on CPU 0 failed with -2
[    0.144001] NMI watchdog: Perf NMI watchdog permanently disabled
[    0.144808] smp: Bringing up secondary CPUs ...
[    0.145404] smp: Brought up 1 node, 1 CPU
[    0.145937] smpboot: Max logical packages: 1
[    0.146496] smpboot: Total of 1 processors activated (7392.00 BogoMIPS)
[    0.147405] devtmpfs: initialized
[    0.148041] x86/mm: Memory block size: 128MB
[    0.148716] evm: security.selinux
[    0.149174] evm: security.SMACK64
[    0.149633] evm: security.SMACK64EXEC
[    0.150122] evm: security.SMACK64TRANSMUTE
[    0.150667] evm: security.SMACK64MMAP
[    0.151163] evm: security.apparmor
[    0.151629] evm: security.ima
[    0.152002] evm: security.capability
[    0.152566] clocksource: jiffies: mask: 0xffffffff max_cycles: 0xffffffff, max_idle_ns: 7645041785100000 ns
[    0.153853] futex hash table entries: 256 (order: 2, 16384 bytes)
[    0.154643] pinctrl core: initialized pinctrl subsystem
[    0.155379] RTC time: 19:58:32, date: 03/09/20
[    0.156058] NET: Registered protocol family 16
[    0.156704] audit: initializing netlink subsys (disabled)
[    0.157481] cpuidle: using governor ladder
[    0.158029] cpuidle: using governor menu
[    0.158575] ACPI: bus type PCI registered
[    0.159116] acpiphp: ACPI Hot Plug PCI Controller Driver version: 0.5
[    0.160068] PCI: Using configuration type 1 for base access
[    0.160807] audit: type=2000 audit(1583783918.270:1): state=initialized audit_enabled=0 res=1
[    0.162724] HugeTLB registered 2.00 MiB page size, pre-allocated 0 pages
[    0.168128] ACPI: Added _OSI(Module Device)
[    0.172004] ACPI: Added _OSI(Processor Device)
[    0.172596] ACPI: Added _OSI(3.0 _SCP Extensions)
[    0.173207] ACPI: Added _OSI(Processor Aggregator Device)
[    0.173917] ACPI: Added _OSI(Linux-Dell-Video)
[    0.174515] ACPI: Added _OSI(Linux-Lenovo-NV-HDMI-Audio)
[    0.175195] ACPI: Added _OSI(Linux-HPI-Hybrid-Graphics)
[    0.176240] ACPI: Executed 1 blocks of module-level executable AML code
[    0.180094] ACPI: Interpreter enabled
[    0.180605] ACPI: (supports S0 S5)
[    0.181068] ACPI: Using IOAPIC for interrupt routing
[    0.181925] PCI: Using host bridge windows from ACPI; if necessary, use "pci=nocrs" and report a bug
[    0.183206] ACPI: Enabled 2 GPEs in block 00 to 07
[    0.188961] ACPI: PCI Root Bridge [PCI0] (domain 0000 [bus 00-ff])
[    0.189746] acpi PNP0A03:00: _OSC: OS supports [ASPM ClockPM Segments MSI]
[    0.191125] acpi PNP0A03:00: _OSC: not requesting OS control; OS requires [ExtendedConfig ASPM ClockPM MSI]
[    0.192008] acpi PNP0A03:00: fail to add MMCONFIG information, can't access extended PCI configuration space under this bridge.
[    0.193714] PCI host bridge to bus 0000:00
[    0.194255] pci_bus 0000:00: root bus resource [io  0x0000-0x0cf7 window]
[    0.195101] pci_bus 0000:00: root bus resource [io  0x0d00-0xffff window]
[    0.196002] pci_bus 0000:00: root bus resource [mem 0x000a0000-0x000bffff window]
[    0.196969] pci_bus 0000:00: root bus resource [mem 0x40000000-0xfdffffff window]
[    0.197933] pci_bus 0000:00: root bus resource [bus 00-ff]
[    0.200564] pci 0000:00:01.1: legacy IDE quirk: reg 0x10: [io  0x01f0-0x01f7]
[    0.201508] pci 0000:00:01.1: legacy IDE quirk: reg 0x14: [io  0x03f6]
[    0.202328] pci 0000:00:01.1: legacy IDE quirk: reg 0x18: [io  0x0170-0x0177]
[    0.203210] pci 0000:00:01.1: legacy IDE quirk: reg 0x1c: [io  0x0376]
[    0.212582] pci 0000:00:07.0: quirk: [io  0x4000-0x403f] claimed by PIIX4 ACPI
[    0.213539] pci 0000:00:07.0: quirk: [io  0x4100-0x410f] claimed by PIIX4 SMB
[    0.219246] ACPI: PCI Interrupt Link [LNKA] (IRQs 5 9 10 *11)
[    0.220094] ACPI: PCI Interrupt Link [LNKB] (IRQs 5 9 *10 11)
[    0.220919] ACPI: PCI Interrupt Link [LNKC] (IRQs 5 *9 10 11)
[    0.221747] ACPI: PCI Interrupt Link [LNKD] (IRQs 5 9 10 *11)
[    0.222690] SCSI subsystem initialized
[    0.223309] pci 0000:00:02.0: vgaarb: setting as boot VGA device
[    0.224000] pci 0000:00:02.0: vgaarb: VGA device added: decodes=io+mem,owns=io+mem,locks=none
[    0.224002] pci 0000:00:02.0: vgaarb: bridge control possible
[    0.224731] vgaarb: loaded
[    0.225127] ACPI: bus type USB registered
[    0.225686] usbcore: registered new interface driver usbfs
[    0.226396] usbcore: registered new interface driver hub
[    0.227091] usbcore: registered new device driver usb
[    0.228033] EDAC MC: Ver: 3.0.0
[    0.228686] PCI: Using ACPI for IRQ routing
[    0.229437] NetLabel: Initializing
[    0.229904] NetLabel:  domain hash size = 128
[    0.230478] NetLabel:  protocols = UNLABELED CIPSOv4 CALIPSO
[    0.231202] NetLabel:  unlabeled traffic allowed by default
[    0.232075] clocksource: Switched to clocksource kvm-clock
[    0.311247] VFS: Disk quotas dquot_6.6.0
[    0.311825] VFS: Dquot-cache hash table entries: 512 (order 0, 4096 bytes)
[    0.312763] AppArmor: AppArmor Filesystem Enabled
[    0.313401] pnp: PnP ACPI init
[    0.314669] pnp: PnP ACPI: found 3 devices
[    0.320456] clocksource: acpi_pm: mask: 0xffffff max_cycles: 0xffffff, max_idle_ns: 2085701024 ns
[    0.321627] NET: Registered protocol family 2
[    0.322309] TCP established hash table entries: 8192 (order: 4, 65536 bytes)
[    0.323215] TCP bind hash table entries: 8192 (order: 5, 131072 bytes)
[    0.324042] TCP: Hash tables configured (established 8192 bind 8192)
[    0.324871] UDP hash table entries: 512 (order: 2, 16384 bytes)
[    0.325618] UDP-Lite hash table entries: 512 (order: 2, 16384 bytes)
[    0.326451] NET: Registered protocol family 1
[    0.327034] pci 0000:00:00.0: Limiting direct PCI/PCI transfers
[    0.327805] pci 0000:00:01.0: Activating ISA DMA hang workarounds
[    0.328632] pci 0000:00:02.0: Video device with shadowed ROM at [mem 0x000c0000-0x000dffff]
[    0.329784] Unpacking initramfs...
[    1.159422] Freeing initrd memory: 19204K
[    1.160062] clocksource: tsc: mask: 0xffffffffffffffff max_cycles: 0x6a8d2ad56ed, max_idle_ns: 881591064802 ns
[    1.161351] platform rtc_cmos: registered platform RTC device (no PNP device found)
[    1.162357] Scanning for low memory corruption every 60 seconds
[    1.163464] Initialise system trusted keyrings
[    1.164007] Key type blacklist registered
[    1.164650] workingset: timestamp_bits=36 max_order=18 bucket_order=0
[    1.192679] zbud: loaded
[    1.193453] squashfs: version 4.0 (2009/01/31) Phillip Lougher
[    1.194290] fuse init (API version 7.26)
[    1.195319] Key type asymmetric registered
[    1.195862] Asymmetric key parser 'x509' registered
[    1.196525] Block layer SCSI generic (bsg) driver version 0.4 loaded (major 246)
[    1.197492] io scheduler noop registered
[    1.198018] io scheduler deadline registered
[    1.198604] io scheduler cfq registered (default)
[    1.199467] ACPI: AC Adapter [AC] (on-line)
[    1.200059] input: Power Button as /devices/LNXSYSTM:00/LNXPWRBN:00/input/input0
[    1.201046] ACPI: Power Button [PWRF]
[    1.201591] input: Sleep Button as /devices/LNXSYSTM:00/LNXSLPBN:00/input/input1
[    1.202554] ACPI: Sleep Button [SLPF]
[    1.203196] Serial: 8250/16550 driver, 32 ports, IRQ sharing enabled
[    1.224551] 00:02: ttyS0 at I/O 0x3f8 (irq = 4, base_baud = 115200) is a 16550A
[    1.226483] Linux agpgart interface v0.103
[    1.228177] loop: module loaded
[    1.228960] scsi host0: ata_piix
[    1.229446] scsi host1: ata_piix
[    1.229919] ata1: PATA max UDMA/33 cmd 0x1f0 ctl 0x3f6 bmdma 0xd000 irq 14
[    1.230775] ata2: PATA max UDMA/33 cmd 0x170 ctl 0x376 bmdma 0xd008 irq 15
[    1.231944] libphy: Fixed MDIO Bus: probed
[    1.232523] tun: Universal TUN/TAP device driver, 1.6
[    1.233203] PPP generic driver version 2.4.2
[    1.233796] ehci_hcd: USB 2.0 'Enhanced' Host Controller (EHCI) Driver
[    1.234623] ehci-pci: EHCI PCI platform driver
[    1.235214] ehci-platform: EHCI generic platform driver
[    1.235899] ohci_hcd: USB 1.1 'Open' Host Controller (OHCI) Driver
[    1.236924] ohci-pci: OHCI PCI platform driver
[    1.237515] ohci-platform: OHCI generic platform driver
[    1.238206] uhci_hcd: USB Universal Host Controller Interface driver
[    1.239037] i8042: PNP: PS/2 Controller [PNP0303:PS2K,PNP0f03:PS2M] at 0x60,0x64 irq 1,12
[    1.240488] serio: i8042 KBD port at 0x60,0x64 irq 1
[    1.241150] serio: i8042 AUX port at 0x60,0x64 irq 12
[    1.241869] mousedev: PS/2 mouse device common for all mice
[    1.242760] input: AT Translated Set 2 keyboard as /devices/platform/i8042/serio0/input/input2
[    1.244135] rtc_cmos rtc_cmos: rtc core: registered rtc_cmos as rtc0
[    1.244976] rtc_cmos rtc_cmos: alarms up to one day, 114 bytes nvram
[    1.245778] i2c /dev entries driver
[    1.246291] device-mapper: uevent: version 1.0.3
[    1.246933] device-mapper: ioctl: 4.37.0-ioctl (2017-09-20) initialised: dm-devel@redhat.com
[    1.248005] ledtrig-cpu: registered to indicate activity on CPUs
[    1.248870] intel_pmc_core:  initialized
[    1.249521] NET: Registered protocol family 10
[    1.252052] Segment Routing with IPv6
[    1.252599] NET: Registered protocol family 17
[    1.253259] Key type dns_resolver registered
[    1.253882] mce: Using 0 MCE banks
[    1.254356] RAS: Correctable Errors collector initialized.
[    1.255057] sched_clock: Marking stable (1252582737, 0)->(1476754681, -224171944)
[    1.256125] registered taskstats version 1
[    1.256695] Loading compiled-in X.509 certificates
[    1.258575] Loaded X.509 cert 'Build time autogenerated kernel key: f0020782f0d3a548186fb3f47aed88387a71e859'
[    1.259835] zswap: loaded using pool lzo/zbud
[    1.262207] Key type big_key registered
[    1.262736] Key type trusted registered
[    1.264102] Key type encrypted registered
[    1.264676] AppArmor: AppArmor sha1 policy hashing enabled
[    1.265378] ima: No TPM chip found, activating TPM-bypass! (rc=-19)
[    1.266177] ima: Allocated hash algorithm: sha1
[    1.266776] evm: HMAC attrs: 0x1
[    1.267422]   Magic number: 12:116:1001
[    1.267998] rtc_cmos rtc_cmos: setting system clock to 2020-03-09 19:58:33 UTC (1583783913)
[    1.269168] BIOS EDD facility v0.16 2004-Jun-25, 0 devices found
[    1.269926] EDD information not available.
[    1.397659] Freeing unused kernel image memory: 2428K
[    1.408477] Write protecting the kernel read-only data: 20480k
[    1.409512] Freeing unused kernel image memory: 2008K
[    1.410323] Freeing unused kernel image memory: 1880K
[    1.417286] x86/mm: Checked W+X mappings: passed, no W+X pages found.
[    1.418128] x86/mm: Checking user space page tables
[    1.425160] x86/mm: Checked W+X mappings: passed, no W+X pages found.
Loading, please wait...
starting version 237
[    1.534054] e1000: Intel(R) PRO/1000 Network Driver - version 7.3.21-k8-NAPI
[    1.534954] e1000: Copyright (c) 1999-2006 Intel Corporation.
[    1.538625] Fusion MPT base driver 3.04.20
[    1.539180] Copyright (c) 1999-2008 LSI Corporation
[    1.545834] Fusion MPT SPI Host driver 3.04.20
[    1.557569] AVX2 version of gcm_enc/dec engaged.
[    1.558203] AES CTR mode by8 optimization enabled
[    1.752530] input: ImExPS/2 Generic Explorer Mouse as /devices/platform/i8042/serio1/input/input4
[    1.907437] e1000 0000:00:03.0 eth0: (PCI:33MHz:32-bit) 02:33:ec:f4:7d:44
[    1.908330] e1000 0000:00:03.0 eth0: Intel(R) PRO/1000 Network Connection
[    1.909834] mptbase: ioc0: Initiating bringup
[    2.004311] ioc0: LSI53C1030 A0: Capabilities={Initiator}
[    2.272627] scsi host2: ioc0: LSI53C1030 A0, FwRev=00000000h, Ports=1, MaxQ=256, IRQ=20
[    2.440325] scsi 2:0:0:0: Direct-Access     VBOX     HARDDISK         1.0  PQ: 0 ANSI: 5
[    2.441381] scsi target2:0:0: Beginning Domain Validation
[    2.443568] scsi target2:0:0: Domain Validation skipping write tests
[    2.444392] scsi target2:0:0: Ending Domain Validation
[    2.445150] random: fast init done
[    2.445712] scsi target2:0:0: asynchronous
[    2.446493] scsi 2:0:1:0: Direct-Access     VBOX     HARDDISK         1.0  PQ: 0 ANSI: 5
[    2.447543] scsi target2:0:1: Beginning Domain Validation
[    2.448747] scsi target2:0:1: Domain Validation skipping write tests
[    2.449570] scsi target2:0:1: Ending Domain Validation
[    2.450269] scsi target2:0:1: asynchronous
[    2.452993] random: systemd-udevd: uninitialized urandom read (16 bytes read)
[    2.453914] random: systemd-udevd: uninitialized urandom read (16 bytes read)
[    2.454823] random: systemd-udevd: uninitialized urandom read (16 bytes read)
[    2.455926] sd 2:0:0:0: [sda] 20971520 512-byte logical blocks: (10.7 GB/10.0 GiB)
[    2.456961] sd 2:0:0:0: [sda] Write Protect is off
[    2.457662] sd 2:0:0:0: [sda] Incomplete mode parameter data
[    2.458392] sd 2:0:0:0: [sda] Assuming drive cache: write through
[    2.459326] sd 2:0:0:0: Attached scsi generic sg0 type 0
[    2.460637] sd 2:0:1:0: [sdb] 20480 512-byte logical blocks: (10.5 MB/10.0 MiB)
[    2.461631] sd 2:0:1:0: [sdb] Write Protect is off
[    2.462409] sd 2:0:1:0: [sdb] Incomplete mode parameter data
[    2.463137] sd 2:0:1:0: [sdb] Assuming drive cache: write through
[    2.464107] sd 2:0:1:0: Attached scsi generic sg1 type 0
[    2.464838]  sda: sda1
[    2.465820] sd 2:0:0:0: [sda] Attached SCSI disk
[    2.467438] sd 2:0:1:0: [sdb] Attached SCSI disk
[    2.811579] e1000 0000:00:08.0 eth1: (PCI:33MHz:32-bit) 08:00:27:ff:b7:e1
[    2.812464] e1000 0000:00:08.0 eth1: Intel(R) PRO/1000 Network Connection
[    2.814103] e1000 0000:00:08.0 enp0s8: renamed from eth1
[    2.816084] e1000 0000:00:03.0 enp0s3: renamed from eth0
Begin: Loading essential drivers ... [    4.196484] raid6: sse2x1   gen() 14843 MB/s
[    4.244103] raid6: sse2x1   xor() 10646 MB/s
[    4.292224] raid6: sse2x2   gen() 18235 MB/s
[    4.340322] raid6: sse2x2   xor() 11847 MB/s
[    4.388437] raid6: sse2x4   gen() 20144 MB/s
[    4.436065] raid6: sse2x4   xor() 12686 MB/s
[    4.484161] raid6: avx2x1   gen() 29717 MB/s
[    4.532279] raid6: avx2x1   xor() 20943 MB/s
[    4.580382] raid6: avx2x2   gen() 36723 MB/s
[    4.628496] raid6: avx2x2   xor() 22651 MB/s
[    4.676118] raid6: avx2x4   gen() 40720 MB/s
[    4.724222] raid6: avx2x4   xor() 25724 MB/s
[    4.724804] raid6: using algorithm avx2x4 gen() 40720 MB/s
[    4.725510] raid6: .... xor() 25724 MB/s, rmw enabled
[    4.726163] raid6: using avx2x2 recovery algorithm
[    4.727995] xor: automatically using best checksumming function   avx       
[    4.729863] async_tx: api initialized (async)
done.
Begin: Running /scripts/init-premount ... done.
Begin: Mounting root file system ... Begin: Running /scripts/local-top ... done.
Begin: Running /scripts/local-premount ... [    4.768406] Btrfs loaded, crc32c=crc32c-intel
Scanning for Btrfs filesystems
done.
Warning: fsck not present, so skipping root file system
[    4.786698] EXT4-fs (sda1): mounted filesystem with ordered data mode. Opts: (null)
done.
Begin: Running /scripts/local-bottom ... done.
Begin: Running /scripts/init-bottom ... done.
[    4.915795] ip_tables: (C) 2000-2006 Netfilter Core Team
[    4.922138] systemd[1]: systemd 237 running in system mode. (+PAM +AUDIT +SELINUX +IMA +APPARMOR +SMACK +SYSVINIT +UTMP +LIBCRYPTSETUP +GCRYPT +GNUTLS +ACL +XZ +LZ4 +SECCOMP +BLKID +ELFUTILS +KMOD -IDN2 +IDN -PCRE2 default-hierarchy=hybrid)
[    4.924802] systemd[1]: Detected virtualization oracle.
[    4.925481] systemd[1]: Detected architecture x86-64.

Welcome to [1mUbuntu 18.04.4 LTS[0m!

[    4.927922] systemd[1]: Set hostname to <ubuntu>.
[    4.931629] systemd[1]: Initializing machine ID from random generator.
[    4.932525] systemd[1]: Installed transient /etc/machine-id file.
[    5.135931] systemd[1]: Reached target User and Group Name Lookups.
[[0;32m  OK  [0m] Reached target User and Group Name Lookups.
[    5.137562] systemd[1]: Set up automount Arbitrary Executable File Formats File System Automount Point.
[[0;32m  OK  [0m] Set up automount Arbitrary Executabâ€¦rmats File System Automount Point.
[    5.139601] systemd[1]: Reached target System Time Synchronized.
[[0;32m  OK  [0m] Reached target System Time Synchronized.
[    5.141031] systemd[1]: Started Forward Password Requests to Wall Directory Watch.
[[0;32m  OK  [0m] Started Forward Password Requests to Wall Directory Watch.
[[0;32m  OK  [0m] Reached target Swap.
[[0;32m  OK  [0m] Created slice User and Session Slice.
[[0;32m  OK  [0m] Created slice System Slice.
[[0;32m  OK  [0m] Listening on Journal Audit Socket.
[[0;32m  OK  [0m] Reached target Slices.
[[0;32m  OK  [0m] Listening on udev Kernel Socket.
[[0;32m  OK  [0m] Created slice system-serial\x2dgetty.slice.
[[0;32m  OK  [0m] Listening on Journal Socket (/dev/log).
[[0;32m  OK  [0m] Listening on Syslog Socket.
[[0;32m  OK  [0m] Listening on Network Service Netlink Socket.
[[0;32m  OK  [0m] Listening on /dev/initctl Compatibility Named Pipe.
[[0;32m  OK  [0m] Listening on Device-mapper event daemon FIFOs.
[[0;32m  OK  [0m] Listening on udev Control Socket.
[[0;32m  OK  [0m] Listening on Journal Socket.
         Mounting Kernel Debug File System...
         Starting Load Kernel Modules...
         Starting Create list of required stâ€¦ce nodes for the current kernel...
         Starting Set the console keyboard layout...
         Starting Uncomplicated firewall...
[[0;32m  OK  [0m] Listening on LVM2 metadata daemon socket.
         Starting Monitoring of LVM2 mirrorsâ€¦ng dmeventd or progress polling...
         Starting Remount Root and Kernel File Systems...
         Starting udev Coldplug all Devices...
         Starting Journal Service...
[[0;32m  OK  [0m] Listening on LVM2 poll daemon socket.
         Mounting Huge Pages File System...
         [    5.174214] Loading iSCSI transport class v2.0-870.
Mounting POSIX Message Queue File System...
[[0;32m  OK  [0m] Mounted Kernel Debug File System.
[[0;32m  OK  [0m] Started Create list of required staâ€¦vice nodes for the current kernel.
         Starting Create Static Device Nodes in /dev...
[[0;32m  OK  [0m] Mounted Huge Pages File System.
[[0;32m  OK  [0m] Mounted POSIX Message Queue File System.
[[0;32m  OK  [0m] Started Uncomplicated firewall.
[[0;32m  OK  [0m] Started LVM2 metadata daemon.
[[0;32m  OK  [0m] Started Create Static Device Nodes in /dev.
[    5.277834] iscsi: registered transport (tcp)
[[0;32m  OK  [0m] Started udev Coldplug all Devices.
[[0;32m  OK  [0m] Started Journal Service.
[    5.308408] EXT4-fs (sda1): re-mounted. Opts: (null)
[[0;32m  OK  [0m] Started Remount Root and Kernel File Systems.
         Starting Load/Save Random Seed...
[    5.318169] iscsi: registered transport (iser)
         Starting udev Kernel Device Manager...
         Starting Flush Journal to Persistent Storage...
[[0;32m  OK  [0m] Started Load Kernel Modules.
         Mounting FUSE Control File System...
         Mounting Kernel Configuration File System...
         Starting Apply Kernel Variables...
[[0;32m  OK  [0m] Mounted FUSE Control File System.
[[0;32m  OK  [0m] Mounted Kernel Configuration File System.
[[0;32m  OK  [0m] Started Load/Save Random Seed.
[    5.382550] systemd-journald[405]: Received request to flush runtime journal from PID 1
[[0;32m  OK  [0m] Started Monitoring of LVM2 mirrors,â€¦sing dmeventd or progress polling.
[[0;32m  OK  [0m] Started udev Kernel Device Manager.
[[0;32m  OK  [0m] Started Apply Kernel Variables.
[[0;32m  OK  [0m] Started Flush Journal to Persistent Storage.
[[0;32m  OK  [0m] Found device /dev/ttyS0.
[[0;32m  OK  [0m] Listening on Load/Save RF Kill Switch Status /dev/rfkill Watch.
[[0;32m  OK  [0m] Started Set the console keyboard layout.
[[0;32m  OK  [0m] Started Dispatch Password Requests to Console Directory Watch.
[[0;32m  OK  [0m] Reached target Local Encrypted Volumes.
[[0;32m  OK  [0m] Reached target Local File Systems (Pre).
[[0;32m  OK  [0m] Reached target Local File Systems.
         Starting Commit a transient machine-id on disk...
         Starting Set console font and keymap...
         Starting Create Volatile Files and Directories...
         Starting AppArmor initialization...
         Starting Tell Plymouth To Write Out Runtime Data...
         Starting ebtables ruleset management...
[[0;32m  OK  [0m] Started Tell Plymouth To Write Out Runtime Data.
[[0;32m  OK  [0m] Started Commit a transient machine-id on disk.
[[0;32m  OK  [0m] Started Create Volatile Files and Directories.
         Starting Update UTMP about System Boot/Shutdown...
[[0;32m  OK  [0m] Started Update UTMP about System Boot/Shutdown.
[[0;32m  OK  [0m] Started ebtables ruleset management.
[[0;32m  OK  [0m] Started Set console font and keymap.
[[0;32m  OK  [0m] Started AppArmor initialization.
         Starting Initial cloud-init job (pre-networking)...
[   10.922386] cloud-init[787]: Cloud-init v. 19.4-33-gbb4131a2-0ubuntu1~18.04.1 running 'init-local' at Mon, 09 Mar 2020 19:58:42 +0000. Up 10.45 seconds.
[[0;32m  OK  [0m] Started Initial cloud-init job (pre-networking).
[[0;32m  OK  [0m] Reached target Network (Pre).
         Starting Network Service...
[[0;32m  OK  [0m] Started Network Service.
         Starting Network Name Resolution...
         Starting Wait for Network to be Configured...
[[0;32m  OK  [0m] Started Network Name Resolution.
[[0;32m  OK  [0m] Reached target Host and Network Name Lookups.
[[0;32m  OK  [0m] Reached target Network.
[[0;32m  OK  [0m] Started Wait for Network to be Configured.
         Starting Initial cloud-init job (metadata service crawler)...
[   12.770076] cloud-init[904]: Cloud-init v. 19.4-33-gbb4131a2-0ubuntu1~18.04.1 running 'init' at Mon, 09 Mar 2020 19:58:44 +0000. Up 12.61 seconds.
[   12.772052] cloud-init[904]: ci-info: ++++++++++++++++++++++++++++++++++++++Net device info+++++++++++++++++++++++++++++++++++++++
[   12.773238] cloud-init[904]: ci-info: +--------+-------+----------------------------+---------------+--------+-------------------+
[   12.776240] cloud-init[904]: ci-info: | Device |   Up  |          Address           |      Mask     | Scope  |     Hw-Address    |
[   12.778533] cloud-init[904]: ci-info: +--------+-------+----------------------------+---------------+--------+-------------------+
[   12.780068] cloud-init[904]: ci-info: | enp0s3 |  True |         10.0.2.15          | 255.255.255.0 | global | 02:33:ec:f4:7d:44 |
[   12.782653] cloud-init[904]: ci-info: | enp0s3 |  True | fe80::33:ecff:fef4:7d44/64 |       .       |  link  | 02:33:ec:f4:7d:44 |
[   12.784731] cloud-init[904]: ci-info: | enp0s8 | False |             .              |       .       |   .    | 08:00:27:ff:b7:e1 |
[   12.788210] cloud-init[904]: ci-info: |   lo   |  True |         127.0.0.1          |   255.0.0.0   |  host  |         .         |
[   12.790983] cloud-init[904]: ci-info: |   lo   |  True |          ::1/128           |       .       |  host  |         .         |
[   12.793175] cloud-init[904]: ci-info: +--------+-------+----------------------------+---------------+--------+-------------------+
[   12.795353] cloud-init[904]: ci-info: ++++++++++++++++++++++++++++Route IPv4 info+++++++++++++++++++++++++++++
[   12.800832] cloud-init[904]: ci-info: +-------+-------------+----------+-----------------+-----------+-------+
[   12.801862] cloud-init[904]: ci-info: | Route | Destination | Gateway  |     Genmask     | Interface | Flags |
[   12.802885] cloud-init[904]: ci-info: +-------+-------------+----------+-----------------+-----------+-------+
[   12.805025] cloud-init[904]: ci-info: |   0   |   0.0.0.0   | 10.0.2.2 |     0.0.0.0     |   enp0s3  |   UG  |
[   12.806935] cloud-init[904]: ci-info: |   1   |   10.0.2.0  | 0.0.0.0  |  255.255.255.0  |   enp0s3  |   U   |
[   12.810364] cloud-init[904]: ci-info: |   2   |   10.0.2.2  | 0.0.0.0  | 255.255.255.255 |   enp0s3  |   UH  |
[   12.811800] cloud-init[904]: ci-info: +-------+-------------+----------+-----------------+-----------+-------+
[   12.814227] cloud-init[904]: ci-info: +++++++++++++++++++Route IPv6 info+++++++++++++++++++
[   12.815895] cloud-init[904]: ci-info: +-------+-------------+---------+-----------+-------+
[   12.816752] cloud-init[904]: ci-info: | Route | Destination | Gateway | Interface | Flags |
[   12.818772] cloud-init[904]: ci-info: +-------+-------------+---------+-----------+-------+
[   12.820501] cloud-init[904]: ci-info: |   1   |  fe80::/64  |    ::   |   enp0s3  |   U   |
[   12.821386] cloud-init[904]: ci-info: |   3   |    local    |    ::   |   enp0s3  |   U   |
[   12.824462] cloud-init[904]: ci-info: |   4   |   ff00::/8  |    ::   |   enp0s3  |   U   |
[   12.825341] cloud-init[904]: ci-info: +-------+-------------+---------+-----------+-------+
[   13.283466] cloud-init[904]: Generating public/private rsa key pair.
[   13.284300] cloud-init[904]: Your identification has been saved in /etc/ssh/ssh_host_rsa_key.
[   13.285323] cloud-init[904]: Your public key has been saved in /etc/ssh/ssh_host_rsa_key.pub.
[   13.286231] cloud-init[904]: The key fingerprint is:
[   13.287748] cloud-init[904]: SHA256:CtjOrkfNELWcCNsHTf9Sd9Kn+1sPcd9oZZLXMy0NVJY root@ubuntu-bionic
[   13.292180] cloud-init[904]: The key's randomart image is:
[   13.292839] cloud-init[904]: +---[RSA 2048]----+
[   13.293570] cloud-init[904]: |  . .+o       ..+|
[   13.294159] cloud-init[904]: |   +.+.+     o E |
[   13.294734] cloud-init[904]: |  . o.= . . o + .|
[   13.296141] cloud-init[904]: |   o..   o . o *o|
[   13.296723] cloud-init[904]: |  . o+  S .   *oO|
[   13.300109] cloud-init[904]: |   o..o. .     @=|
[   13.300710] cloud-init[904]: |   .o .       = +|
[   13.301293] cloud-init[904]: |   ..        . oo|
[   13.301980] cloud-init[904]: |  .o.          .+|
[   13.304082] cloud-init[904]: +----[SHA256]-----+
[   13.304670] cloud-init[904]: Generating public/private dsa key pair.
[   13.305395] cloud-init[904]: Your identification has been saved in /etc/ssh/ssh_host_dsa_key.
[   13.308549] cloud-init[904]: Your public key has been saved in /etc/ssh/ssh_host_dsa_key.pub.
[   13.309455] cloud-init[904]: The key fingerprint is:
[   13.312534] cloud-init[904]: SHA256:Ow6lXvHwXjPtqI6aaBoc3LhcmMtP5Xqh6T3L+rplPw8 root@ubuntu-bionic
[   13.313529] cloud-init[904]: The key's randomart image is:
[   13.314174] cloud-init[904]: +---[DSA 1024]----+
[   13.316475] cloud-init[904]: |                 |
[   13.317065] cloud-init[904]: |                 |
[   13.317642] cloud-init[904]: |                 |
[   13.320459] cloud-init[904]: | . =             |
[   13.321054] cloud-init[904]: |  * o . S        |
[   13.321637] cloud-init[904]: | + = o.o *   .   |
[   13.324421] cloud-init[904]: |  B .o*.E o + .  |
[   13.325016] cloud-init[904]: |   ++Oo*.= . =   |
[   13.325603] cloud-init[904]: |  .+O*O+++=.. .  |
[   13.326182] cloud-init[904]: +----[SHA256]-----+
[   13.328393] cloud-init[904]: Generating public/private ecdsa key pair.
[   13.329156] cloud-init[904]: Your identification has been saved in /etc/ssh/ssh_host_ecdsa_key.
[   13.332389] cloud-init[904]: Your public key has been saved in /etc/ssh/ssh_host_ecdsa_key.pub.
[   13.333348] cloud-init[904]: The key fingerprint is:
[   13.336332] cloud-init[904]: SHA256:pA9Uw9POl8gXtsdkknOcezFaVmQq0h2IdNK9h8qnIxo root@ubuntu-bionic
[   13.337305] cloud-init[904]: The key's randomart image is:
[   13.337952] cloud-init[904]: +---[ECDSA 256]---+
[   13.338524] cloud-init[904]: |       .oooo.=.o=|
[   13.340277] cloud-init[904]: |       .o.o+O.BO |
[   13.340867] cloud-init[904]: |      . .=.oo@*+o|
[   13.344266] cloud-init[904]: |     . o  =.=o* o|
[   13.344868] cloud-init[904]: |      o S  + o o |
[   13.345453] cloud-init[904]: |       o    o .  |
[   13.346029] cloud-init[904]: |        E    o   |
[   13.348220] cloud-init[904]: |         .. o    |
[   13.348810] cloud-init[904]: |        .. . .   |
[   13.349388] cloud-init[904]: +----[SHA256]-----+
[   13.352196] cloud-init[904]: Generating public/private ed25519 key pair.
[   13.352972] cloud-init[904]: Your identification has been saved in /etc/ssh/ssh_host_ed25519_key.
[   13.353945] cloud-init[904]: Your public key has been saved in /etc/ssh/ssh_host_ed25519_key.pub.
[   13.356157] cloud-init[904]: The key fingerprint is:
[   13.358117] cloud-init[904]: SHA256:SBcS2T2QTd2jd2ukVBfxZ6wlgyy7E/4CSw+Xg+DWn40 root@ubuntu-bionic
[   13.359156] cloud-init[904]: The key's randomart image is:
[[0;32m  OK  [0m] Started Initial cloud-init job (metadata service crawler).
[[0;32m  OK  [0m] Reached target Network is Online.
[   13.361980]          Starting Availability of block devices...
[[0;32m  OK  [0m] Reached target Remote File Systems (Pre).
[[0;32m  OK  [0mcloud-init[904]: +--[ED25519 256]--+
[   13.364623] cloud-init[904]: |      o+o*.. . oo|
[   13.365190] cloud-init[904]: |      ..o.+...ooo|
[   13.365755] cloud-init[904]: |      . . ..o.+.B|
[   13.366320] cloud-init[904]: |     ..o   o...Bo|
[   13.366883] cloud-init[904]: |     ..oS.o...+..|
[   13.367444] cloud-init[904]: |      o *.+o . o |
[   13.368022] ] Reached target Remote File Systems.
[[0;32m  OK  [0m] Reached target Cloud-config availability.
[[0;32m  OK  [0m] Reached target System Initialization.
[[0;32m  OK  [0m] Listening on UUID daemon activation socket.
[[0;32m  OK  [0m] Listening on ACPID Listen Socket.
[[0;32m  OK  [0m] Started Discard unused blocks once a week.
         Starting LXD - unix socket.
[[0;32m  OK  [0m] Listening on D-Bus System Message Bus Socket.
[[0;32m  OK  [0m] Started Daily apt download activities.
[[0;32m  OK  [0m] Started Daily apt upgrade and clean activities.
[[0;32m  OK  [0m] Started Daily Cleanup of Temporary Directories.
cloud-init[904]: |     . . B+=  .  |
[[0;32m  OK  [0m] Started ACPI Events Check.
[[0;32m  OK  [0m] Reached target Paths.
[[0;32m  OK  [0m] Listening on Open-iSCSI iscsid Socket.
[   13.384828] cloud-init[904]: |        . Eo.    |
[   13.385703] cloud-init[904]: |           ..    |
         Starting Socket activation for snappy daemon.
[[0;32m  OK  [0m] Started Message of the Day.
[[0;32m  OK  [0m] Reached target Timers.
[   13.389571] cloud-init[904]: +----[SHA256]-----+
[[0;32m  OK  [0m] Listening on LXD - unix socket.
[[0;32m  OK  [0m] Started Availability of block devices.
[[0;32m  OK  [0m] Listening on Socket activation for snappy daemon.
[[0;32m  OK  [0m] Reached target Sockets.
[[0;32m  OK  [0m] Reached target Basic System.
[[0;32m  OK  [0m] Started FUSE filesystem for LXC.
         Starting System Logging Service...
         Starting Dispatcher daemon for systemd-networkd...
         Starting Permit User Sessions...
[[0;32m  OK  [0m] Started Regular background program processing daemon.
[[0;32m  OK  [0m] Started Deferred execution scheduler.
[[0;32m  OK  [0m] Started irqbalance daemon.
[[0;32m  OK  [0m] Started D-Bus System Message Bus.
         Starting LSB: Record successful boot for GRUB...
         Starting Virtualbox guest utils...
         Starting Accounts Service...
         Starting LSB: automatic crash report generation...
         Starting Pollinate to seed the pseudo random number generator...
         Starting Snappy daemon...
         Starting Login Service...
         Starting LXD - container startup/shutdown...
[[0;32m  OK  [0m] Started System Logging Service.
[[0;32m  OK  [0m] Started Permit User Sessions.
         Starting Terminate Plymouth Boot Screen...
         Starting Hold until boot process finishes up...
[[0;32m  OK  [0m] Started Hold until boot process finishes up.
[[0;32m  OK  [0m] Started Serial Getty on ttyS0.
         Starting Set console scheme...
[[0;32m  OK  [0m] Started Terminate Plymouth Boot Screen.
[[0;32m  OK  [0m] Started Set console scheme.
[[0;32m  OK  [0m] Created slice system-getty.slice.
[[0;32m  OK  [0m] Started Getty on tty1.
[[0;32m  OK  [0m] Reached target Login Prompts.
[[0;32m  OK  [0m] Started LSB: automatic crash report generation.
[[0;32m  OK  [0m] Started Login Service.
[[0;32m  OK  [0m] Started Unattended Upgrades Shutdown.
[[0;32m  OK  [0m] Started LSB: Record successful boot for GRUB.
         Starting Authorization Manager...
[[0;32m  OK  [0m] Started Authorization Manager.
[[0;32m  OK  [0m] Started Accounts Service.
[[0;32m  OK  [0m] Started LXD - container startup/shutdown.
[[0;32m  OK  [0m] Started Virtualbox guest utils.
[[0;32m  OK  [0m] Started Dispatcher daemon for systemd-networkd.
[[0;32m  OK  [0m] Started Snappy daemon.
         Starting Wait until snapd is fully seeded...
[[0;32m  OK  [0m] Started Pollinate to seed the pseudo random number generator.
         Starting OpenBSD Secure Shell server...
[[0;32m  OK  [0m] Started OpenBSD Secure Shell server.
[[0;32m  OK  [0m] Started Wait until snapd is fully seeded.
         Starting Apply the settings specified in cloud-config...
[[0;32m  OK  [0m] Reached target Multi-User System.
[[0;32m  OK  [0m] Reached target Graphical Interface.
         Starting Update UTMP about System Runlevel Changes...
[[0;32m  OK  [0m] Started Update UTMP about System Runlevel Changes.
[   16.841851] cloud-init[1255]: Cloud-init v. 19.4-33-gbb4131a2-0ubuntu1~18.04.1 running 'modules:config' at Mon, 09 Mar 2020 19:58:48 +0000. Up 16.31 seconds.
[[0;32m  OK  [0m] Started Apply the settings specified in cloud-config.
         Starting Execute cloud user/final scripts...
[[0;32m  OK  [0m] Created slice User Slice of vagrant.
         Starting User Manager for UID 1000...
[[0;32m  OK  [0m] Started Session 1 of user vagrant.
[[0;32m  OK  [0m] Started User Manager for UID 1000.
ci-info: no authorized SSH keys fingerprints found for user ubuntu.
<14>Mar  9 19:58:50 ec2: 
<14>Mar  9 19:58:50 ec2: #############################################################
<14>Mar  9 19:58:50 ec2: -----BEGIN SSH HOST KEY FINGERPRINTS-----
<14>Mar  9 19:58:50 ec2: 1024 SHA256:Ow6lXvHwXjPtqI6aaBoc3LhcmMtP5Xqh6T3L+rplPw8 root@ubuntu-bionic (DSA)
<14>Mar  9 19:58:50 ec2: 256 SHA256:pA9Uw9POl8gXtsdkknOcezFaVmQq0h2IdNK9h8qnIxo root@ubuntu-bionic (ECDSA)
<14>Mar  9 19:58:50 ec2: 256 SHA256:SBcS2T2QTd2jd2ukVBfxZ6wlgyy7E/4CSw+Xg+DWn40 root@ubuntu-bionic (ED25519)
<14>Mar  9 19:58:50 ec2: 2048 SHA256:CtjOrkfNELWcCNsHTf9Sd9Kn+1sPcd9oZZLXMy0NVJY root@ubuntu-bionic (RSA)
<14>Mar  9 19:58:50 ec2: -----END SSH HOST KEY FINGERPRINTS-----
<14>Mar  9 19:58:50 ec2: #############################################################
-----BEGIN SSH HOST KEY KEYS-----
ecdsa-sha2-nistp256 AAAAE2VjZHNhLXNoYTItbmlzdHAyNTYAAAAIbmlzdHAyNTYAAABBBMBRpdMLvwLOb0Z5Nef2zzIvSARz0hmJqleI4F9LILEHVE2go7cRB3lJNoDCgoepZrijSBsTa9KLOhWPS+SIDTc= root@ubuntu-bionic
ssh-ed25519 AAAAC3NzaC1lZDI1NTE5AAAAIJnTvuT2DBTxzpl3X5ff/7UJszyFt7+fdV+fE2XpfHYy root@ubuntu-bionic
ssh-rsa AAAAB3NzaC1yc2EAAAADAQABAAABAQDOKpI49ykFPzsClaO7lUM2A8FMdfUNklpWDe0+Laolmd3xoukvNAQ5Vu0VLVRBFJHv944kUXoX9RgJ0mCphrSlFx8aqzYcGptJAgp6WH1vMw7rDfPLfHMoqDFWLVGxDjXU/7vM+u6Y8HYnuhyriBYQQjmD9k3wsXgt2orKsajaRnURNdPhe4Cu0KoO/1aztmCL7mywTr9GkUrWimBVGkgmGYFdIPYIBclpyVunZJ+CB6VFNcslvli+7FNSzFqViXs67KW4qp4kEtx3KdDDIwK7WiDaw3VF+EyyIFQgmg/8np2WBKvy3PMc6pvOOEY6HW/tDzUsXZ8BSCk+EH94xoNj root@ubuntu-bionic
-----END SSH HOST KEY KEYS-----
[   17.934616] cloud-init[1296]: Cloud-init v. 19.4-33-gbb4131a2-0ubuntu1~18.04.1 running 'modules:final' at Mon, 09 Mar 2020 19:58:49 +0000. Up 17.63 seconds.
[   17.936055] cloud-init[1296]: ci-info: no authorized SSH keys fingerprints found for user ubuntu.
[   17.937033] cloud-init[1296]: Cloud-init v. 19.4-33-gbb4131a2-0ubuntu1~18.04.1 finished at Mon, 09 Mar 2020 19:58:50 +0000. Datasource DataSourceNoCloud [seed=/dev/sdb][dsmode=net].  Up 17.92 seconds
[[0;32m  OK  [0m] Started Execute cloud user/final scripts.
[[0;32m  OK  [0m] Reached target Cloud-init target.

Ubuntu 18.04.4 LTS ubuntu-bionic ttyS0

ubuntu-bionic login: 