[    0.000000] Linux version 4.15.0-88-generic (buildd@lgw01-amd64-036) (gcc version 7.4.0 (Ubuntu 7.4.0-1ubuntu1~18.04.1)) #88-Ubuntu SMP Tue Feb 11 20:11:34 UTC 2020 (Ubuntu 4.15.0-88.88-generic 4.15.18)
[    0.000000] Command line: BOOT_IMAGE=/boot/vmlinuz-4.15.0-88-generic root=LABEL=cloudimg-rootfs ro console=tty1 console=ttyS0
[    0.000000] KERNEL supported cpus:
[    0.000000]   Intel GenuineIntel
[    0.000000]   AMD AuthenticAMD
[    0.000000]   Centaur CentaurHauls
[    0.000000] x86/fpu: Supporting XSAVE feature 0x001: 'x87 floating point registers'
[    0.000000] x86/fpu: Supporting XSAVE feature 0x002: 'SSE registers'
[    0.000000] x86/fpu: Supporting XSAVE feature 0x004: 'AVX registers'
[    0.000000] x86/fpu: xstate_offset[2]:  576, xstate_sizes[2]:  256
[    0.000000] x86/fpu: Enabled xstate features 0x7, context size is 832 bytes, using 'standard' format.
[    0.000000] e820: BIOS-provided physical RAM map:
[    0.000000] BIOS-e820: [mem 0x0000000000000000-0x000000000009fbff] usable
[    0.000000] BIOS-e820: [mem 0x000000000009fc00-0x000000000009ffff] reserved
[    0.000000] BIOS-e820: [mem 0x00000000000f0000-0x00000000000fffff] reserved
[    0.000000] BIOS-e820: [mem 0x0000000000100000-0x000000003ffeffff] usable
[    0.000000] BIOS-e820: [mem 0x000000003fff0000-0x000000003fffffff] ACPI data
[    0.000000] BIOS-e820: [mem 0x00000000fec00000-0x00000000fec00fff] reserved
[    0.000000] BIOS-e820: [mem 0x00000000fee00000-0x00000000fee00fff] reserved
[    0.000000] BIOS-e820: [mem 0x00000000fffc0000-0x00000000ffffffff] reserved
[    0.000000] NX (Execute Disable) protection: active
[    0.000000] SMBIOS 2.5 present.
[    0.000000] DMI: innotek GmbH VirtualBox/VirtualBox, BIOS VirtualBox 12/01/2006
[    0.000000] Hypervisor detected: KVM
[    0.000000] e820: last_pfn = 0x3fff0 max_arch_pfn = 0x400000000
[    0.000000] MTRR: Disabled
[    0.000000] x86/PAT: MTRRs disabled, skipping PAT initialization too.
[    0.000000] CPU MTRRs all blank - virtualized system.
[    0.000000] x86/PAT: Configuration [0-7]: WB  WT  UC- UC  WB  WT  UC- UC  
[    0.000000] found SMP MP-table at [mem 0x0009fff0-0x0009ffff]
[    0.000000] Scanning 1 areas for low memory corruption
[    0.000000] RAMDISK: [mem 0x35a6d000-0x36d2dfff]
[    0.000000] ACPI: Early table checksum verification disabled
[    0.000000] ACPI: RSDP 0x00000000000E0000 000024 (v02 VBOX  )
[    0.000000] ACPI: XSDT 0x000000003FFF0030 00003C (v01 VBOX   VBOXXSDT 00000001 ASL  00000061)
[    0.000000] ACPI: FACP 0x000000003FFF00F0 0000F4 (v04 VBOX   VBOXFACP 00000001 ASL  00000061)
[    0.000000] ACPI: DSDT 0x000000003FFF0470 0022EA (v02 VBOX   VBOXBIOS 00000002 INTL 20100528)
[    0.000000] ACPI: FACS 0x000000003FFF0200 000040
[    0.000000] ACPI: FACS 0x000000003FFF0200 000040
[    0.000000] ACPI: APIC 0x000000003FFF0240 000054 (v02 VBOX   VBOXAPIC 00000001 ASL  00000061)
[    0.000000] ACPI: SSDT 0x000000003FFF02A0 0001CC (v01 VBOX   VBOXCPUT 00000002 INTL 20100528)
[    0.000000] No NUMA configuration found
[    0.000000] Faking a node at [mem 0x0000000000000000-0x000000003ffeffff]
[    0.000000] NODE_DATA(0) allocated [mem 0x3ffc5000-0x3ffeffff]
[    0.000000] kvm-clock: cpu 0, msr 0:3ff44001, primary cpu clock
[    0.000000] kvm-clock: Using msrs 4b564d01 and 4b564d00
[    0.000000] kvm-clock: using sched offset of 3469273525 cycles
[    0.000000] clocksource: kvm-clock: mask: 0xffffffffffffffff max_cycles: 0x1cd42e4dffb, max_idle_ns: 881590591483 ns
[    0.000000] Zone ranges:
[    0.000000]   DMA      [mem 0x0000000000001000-0x0000000000ffffff]
[    0.000000]   DMA32    [mem 0x0000000001000000-0x000000003ffeffff]
[    0.000000]   Normal   empty
[    0.000000]   Device   empty
[    0.000000] Movable zone start for each node
[    0.000000] Early memory node ranges
[    0.000000]   node   0: [mem 0x0000000000001000-0x000000000009efff]
[    0.000000]   node   0: [mem 0x0000000000100000-0x000000003ffeffff]
[    0.000000] Reserved but unavailable: 98 pages
[    0.000000] Initmem setup node 0 [mem 0x0000000000001000-0x000000003ffeffff]
[    0.000000] ACPI: PM-Timer IO Port: 0x4008
[    0.000000] IOAPIC[0]: apic_id 1, version 32, address 0xfec00000, GSI 0-23
[    0.000000] ACPI: INT_SRC_OVR (bus 0 bus_irq 0 global_irq 2 dfl dfl)
[    0.000000] ACPI: INT_SRC_OVR (bus 0 bus_irq 9 global_irq 9 low level)
[    0.000000] Using ACPI (MADT) for SMP configuration information
[    0.000000] smpboot: Allowing 1 CPUs, 0 hotplug CPUs
[    0.000000] PM: Registered nosave memory: [mem 0x00000000-0x00000fff]
[    0.000000] PM: Registered nosave memory: [mem 0x0009f000-0x0009ffff]
[    0.000000] PM: Registered nosave memory: [mem 0x000a0000-0x000effff]
[    0.000000] PM: Registered nosave memory: [mem 0x000f0000-0x000fffff]
[    0.000000] e820: [mem 0x40000000-0xfebfffff] available for PCI devices
[    0.000000] Booting paravirtualized kernel on KVM
[    0.000000] clocksource: refined-jiffies: mask: 0xffffffff max_cycles: 0xffffffff, max_idle_ns: 7645519600211568 ns
[    0.000000] random: get_random_bytes called from start_kernel+0x99/0x4fd with crng_init=0
[    0.000000] setup_percpu: NR_CPUS:8192 nr_cpumask_bits:1 nr_cpu_ids:1 nr_node_ids:1
[    0.000000] percpu: Embedded 45 pages/cpu s147456 r8192 d28672 u2097152
[    0.000000] PV qspinlock hash table entries: 256 (order: 0, 4096 bytes)
[    0.000000] Built 1 zonelists, mobility grouping on.  Total pages: 257913
[    0.000000] Policy zone: DMA32
[    0.000000] Kernel command line: BOOT_IMAGE=/boot/vmlinuz-4.15.0-88-generic root=LABEL=cloudimg-rootfs ro console=tty1 console=ttyS0
[    0.000000] Memory: 983248K/1048120K available (12300K kernel code, 2481K rwdata, 4264K rodata, 2428K init, 2712K bss, 64872K reserved, 0K cma-reserved)
[    0.000000] SLUB: HWalign=64, Order=0-3, MinObjects=0, CPUs=1, Nodes=1
[    0.000000] Kernel/User page tables isolation: enabled
[    0.000000] ftrace: allocating 39344 entries in 154 pages
[    0.004000] Hierarchical RCU implementation.
[    0.004000] 	RCU restricting CPUs from NR_CPUS=8192 to nr_cpu_ids=1.
[    0.004000] 	Tasks RCU enabled.
[    0.004000] RCU: Adjusting geometry for rcu_fanout_leaf=16, nr_cpu_ids=1
[    0.004000] NR_IRQS: 524544, nr_irqs: 256, preallocated irqs: 16
[    0.004000] Console: colour VGA+ 80x25
[    0.004000] console [tty1] enabled
[    0.004000] console [ttyS0] enabled
[    0.004000] ACPI: Core revision 20170831
[    0.004000] ACPI: 2 ACPI AML tables successfully acquired and loaded
[    0.004000] APIC: Switch to symmetric I/O mode setup
[    0.004000] x2apic enabled
[    0.004000] Switched APIC routing to physical x2apic.
[    0.004000] ..TIMER: vector=0x30 apic1=0 pin1=2 apic2=-1 pin2=-1
[    0.004000] tsc: Detected 3696.000 MHz processor
[    0.004000] Calibrating delay loop (skipped) preset value.. 7392.00 BogoMIPS (lpj=14784000)
[    0.004002] pid_max: default: 32768 minimum: 301
[    0.004523] Security Framework initialized
[    0.005000] Yama: becoming mindful.
[    0.005410] AppArmor: AppArmor initialized
[    0.012010] Dentry cache hash table entries: 131072 (order: 8, 1048576 bytes)
[    0.012803] Inode-cache hash table entries: 65536 (order: 7, 524288 bytes)
[    0.013530] Mount-cache hash table entries: 2048 (order: 2, 16384 bytes)
[    0.014244] Mountpoint-cache hash table entries: 2048 (order: 2, 16384 bytes)
[    0.016183] process: using mwait in idle threads
[    0.016755] Last level iTLB entries: 4KB 64, 2MB 8, 4MB 8
[    0.017341] Last level dTLB entries: 4KB 64, 2MB 0, 4MB 0, 1GB 4
[    0.017983] Spectre V1 : Mitigation: usercopy/swapgs barriers and __user pointer sanitization
[    0.018883] Spectre V2 : Mitigation: Full generic retpoline
[    0.019471] Spectre V2 : Spectre v2 / SpectreRSB mitigation: Filling RSB on context switch
[    0.020001] Speculative Store Bypass: Vulnerable
[    0.020521] MDS: Vulnerable: Clear CPU buffers attempted, no microcode
[    0.027151] Freeing SMP alternatives memory: 36K
[    0.137013] smpboot: CPU0: Intel(R) Core(TM) i7-8700K CPU @ 3.70GHz (family: 0x6, model: 0x9e, stepping: 0xa)
[    0.138116] Performance Events: unsupported p6 CPU model 158 no PMU driver, software events only.
[    0.139078] Hierarchical SRCU implementation.
[    0.139951] NMI watchdog: Perf event create on CPU 0 failed with -2
[    0.140000] NMI watchdog: Perf NMI watchdog permanently disabled
[    0.140023] smp: Bringing up secondary CPUs ...
[    0.140523] smp: Brought up 1 node, 1 CPU
[    0.140967] smpboot: Max logical packages: 1
[    0.141448] smpboot: Total of 1 processors activated (7392.00 BogoMIPS)
[    0.142214] devtmpfs: initialized
[    0.142624] x86/mm: Memory block size: 128MB
[    0.143183] evm: security.selinux
[    0.143564] evm: security.SMACK64
[    0.144002] evm: security.SMACK64EXEC
[    0.144471] evm: security.SMACK64TRANSMUTE
[    0.144924] evm: security.SMACK64MMAP
[    0.145353] evm: security.apparmor
[    0.145739] evm: security.ima
[    0.146135] evm: security.capability
[    0.146598] clocksource: jiffies: mask: 0xffffffff max_cycles: 0xffffffff, max_idle_ns: 7645041785100000 ns
[    0.147624] futex hash table entries: 256 (order: 2, 16384 bytes)
[    0.148028] pinctrl core: initialized pinctrl subsystem
[    0.148671] RTC time: 11:25:53, date: 03/05/20
[    0.149222] NET: Registered protocol family 16
[    0.149780] audit: initializing netlink subsys (disabled)
[    0.150460] cpuidle: using governor ladder
[    0.150957] cpuidle: using governor menu
[    0.151428] ACPI: bus type PCI registered
[    0.152005] acpiphp: ACPI Hot Plug PCI Controller Driver version: 0.5
[    0.152691] audit: type=2000 audit(1583407558.868:1): state=initialized audit_enabled=0 res=1
[    0.153660] PCI: Using configuration type 1 for base access
[    0.154917] HugeTLB registered 2.00 MiB page size, pre-allocated 0 pages
[    0.156109] ACPI: Added _OSI(Module Device)
[    0.160002] ACPI: Added _OSI(Processor Device)
[    0.160494] ACPI: Added _OSI(3.0 _SCP Extensions)
[    0.164001] ACPI: Added _OSI(Processor Aggregator Device)
[    0.164588] ACPI: Added _OSI(Linux-Dell-Video)
[    0.165085] ACPI: Added _OSI(Linux-Lenovo-NV-HDMI-Audio)
[    0.165656] ACPI: Added _OSI(Linux-HPI-Hybrid-Graphics)
[    0.166439] ACPI: Executed 1 blocks of module-level executable AML code
[    0.169512] ACPI: Interpreter enabled
[    0.169934] ACPI: (supports S0 S5)
[    0.170327] ACPI: Using IOAPIC for interrupt routing
[    0.171039] PCI: Using host bridge windows from ACPI; if necessary, use "pci=nocrs" and report a bug
[    0.172000] ACPI: Enabled 2 GPEs in block 00 to 07
[    0.176249] ACPI: PCI Root Bridge [PCI0] (domain 0000 [bus 00-ff])
[    0.176975] acpi PNP0A03:00: _OSC: OS supports [ASPM ClockPM Segments MSI]
[    0.178003] acpi PNP0A03:00: _OSC: not requesting OS control; OS requires [ExtendedConfig ASPM ClockPM MSI]
[    0.179036] acpi PNP0A03:00: fail to add MMCONFIG information, can't access extended PCI configuration space under this bridge.
[    0.180204] PCI host bridge to bus 0000:00
[    0.180666] pci_bus 0000:00: root bus resource [io  0x0000-0x0cf7 window]
[    0.181385] pci_bus 0000:00: root bus resource [io  0x0d00-0xffff window]
[    0.182098] pci_bus 0000:00: root bus resource [mem 0x000a0000-0x000bffff window]
[    0.182907] pci_bus 0000:00: root bus resource [mem 0x40000000-0xfdffffff window]
[    0.183714] pci_bus 0000:00: root bus resource [bus 00-ff]
[    0.185298] pci 0000:00:01.1: legacy IDE quirk: reg 0x10: [io  0x01f0-0x01f7]
[    0.186061] pci 0000:00:01.1: legacy IDE quirk: reg 0x14: [io  0x03f6]
[    0.186753] pci 0000:00:01.1: legacy IDE quirk: reg 0x18: [io  0x0170-0x0177]
[    0.187500] pci 0000:00:01.1: legacy IDE quirk: reg 0x1c: [io  0x0376]
[    0.196684] pci 0000:00:07.0: quirk: [io  0x4000-0x403f] claimed by PIIX4 ACPI
[    0.197488] pci 0000:00:07.0: quirk: [io  0x4100-0x410f] claimed by PIIX4 SMB
[    0.202631] ACPI: PCI Interrupt Link [LNKA] (IRQs 5 9 10 *11)
[    0.203445] ACPI: PCI Interrupt Link [LNKB] (IRQs 5 9 *10 11)
[    0.204071] ACPI: PCI Interrupt Link [LNKC] (IRQs 5 *9 10 11)
[    0.204755] ACPI: PCI Interrupt Link [LNKD] (IRQs 5 9 10 *11)
[    0.205562] SCSI subsystem initialized
[    0.206047] pci 0000:00:02.0: vgaarb: setting as boot VGA device
[    0.206688] pci 0000:00:02.0: vgaarb: VGA device added: decodes=io+mem,owns=io+mem,locks=none
[    0.207593] pci 0000:00:02.0: vgaarb: bridge control possible
[    0.208001] vgaarb: loaded
[    0.208394] ACPI: bus type USB registered
[    0.208853] usbcore: registered new interface driver usbfs
[    0.209444] usbcore: registered new interface driver hub
[    0.210025] usbcore: registered new device driver usb
[    0.210603] EDAC MC: Ver: 3.0.0
[    0.211149] PCI: Using ACPI for IRQ routing
[    0.212048] NetLabel: Initializing
[    0.212439] NetLabel:  domain hash size = 128
[    0.212950] NetLabel:  protocols = UNLABELED CIPSOv4 CALIPSO
[    0.213616] NetLabel:  unlabeled traffic allowed by default
[    0.214356] clocksource: Switched to clocksource kvm-clock
[    0.239704] VFS: Disk quotas dquot_6.6.0
[    0.240186] VFS: Dquot-cache hash table entries: 512 (order 0, 4096 bytes)
[    0.240955] AppArmor: AppArmor Filesystem Enabled
[    0.241481] pnp: PnP ACPI init
[    0.242485] pnp: PnP ACPI: found 3 devices
[    0.248014] clocksource: acpi_pm: mask: 0xffffff max_cycles: 0xffffff, max_idle_ns: 2085701024 ns
[    0.249009] NET: Registered protocol family 2
[    0.249582] TCP established hash table entries: 8192 (order: 4, 65536 bytes)
[    0.250327] TCP bind hash table entries: 8192 (order: 5, 131072 bytes)
[    0.251020] TCP: Hash tables configured (established 8192 bind 8192)
[    0.251727] UDP hash table entries: 512 (order: 2, 16384 bytes)
[    0.252376] UDP-Lite hash table entries: 512 (order: 2, 16384 bytes)
[    0.253058] NET: Registered protocol family 1
[    0.253541] pci 0000:00:00.0: Limiting direct PCI/PCI transfers
[    0.254194] pci 0000:00:01.0: Activating ISA DMA hang workarounds
[    0.254945] pci 0000:00:02.0: Video device with shadowed ROM at [mem 0x000c0000-0x000dffff]
[    0.255892] Unpacking initramfs...
[    0.617245] Freeing initrd memory: 19204K
[    0.617788] clocksource: tsc: mask: 0xffffffffffffffff max_cycles: 0x6a8d280fdb9, max_idle_ns: 881591151302 ns
[    0.618905] platform rtc_cmos: registered platform RTC device (no PNP device found)
[    0.619736] Scanning for low memory corruption every 60 seconds
[    0.620705] Initialise system trusted keyrings
[    0.621234] Key type blacklist registered
[    0.621722] workingset: timestamp_bits=36 max_order=18 bucket_order=0
[    0.630298] zbud: loaded
[    0.630929] squashfs: version 4.0 (2009/01/31) Phillip Lougher
[    0.631620] fuse init (API version 7.26)
[    0.632508] Key type asymmetric registered
[    0.632972] Asymmetric key parser 'x509' registered
[    0.633515] Block layer SCSI generic (bsg) driver version 0.4 loaded (major 246)
[    0.634348] io scheduler noop registered
[    0.634795] io scheduler deadline registered
[    0.635285] io scheduler cfq registered (default)
[    0.635935] ACPI: AC Adapter [AC] (on-line)
[    0.636444] input: Power Button as /devices/LNXSYSTM:00/LNXPWRBN:00/input/input0
[    0.637247] ACPI: Power Button [PWRF]
[    0.637717] input: Sleep Button as /devices/LNXSYSTM:00/LNXSLPBN:00/input/input1
[    0.638527] ACPI: Sleep Button [SLPF]
[    0.639063] Serial: 8250/16550 driver, 32 ports, IRQ sharing enabled
[    0.660166] 00:02: ttyS0 at I/O 0x3f8 (irq = 4, base_baud = 115200) is a 16550A
[    0.661707] Linux agpgart interface v0.103
[    0.663119] loop: module loaded
[    0.663766] scsi host0: ata_piix
[    0.664237] scsi host1: ata_piix
[    0.664631] ata1: PATA max UDMA/33 cmd 0x1f0 ctl 0x3f6 bmdma 0xd000 irq 14
[    0.665353] ata2: PATA max UDMA/33 cmd 0x170 ctl 0x376 bmdma 0xd008 irq 15
[    0.666300] libphy: Fixed MDIO Bus: probed
[    0.666757] tun: Universal TUN/TAP device driver, 1.6
[    0.667320] PPP generic driver version 2.4.2
[    0.667813] ehci_hcd: USB 2.0 'Enhanced' Host Controller (EHCI) Driver
[    0.668517] ehci-pci: EHCI PCI platform driver
[    0.669010] ehci-platform: EHCI generic platform driver
[    0.669570] ohci_hcd: USB 1.1 'Open' Host Controller (OHCI) Driver
[    0.670248] ohci-pci: OHCI PCI platform driver
[    0.670739] ohci-platform: OHCI generic platform driver
[    0.671306] uhci_hcd: USB Universal Host Controller Interface driver
[    0.671997] i8042: PNP: PS/2 Controller [PNP0303:PS2K,PNP0f03:PS2M] at 0x60,0x64 irq 1,12
[    0.673409] serio: i8042 KBD port at 0x60,0x64 irq 1
[    0.673964] serio: i8042 AUX port at 0x60,0x64 irq 12
[    0.674554] mousedev: PS/2 mouse device common for all mice
[    0.675303] input: AT Translated Set 2 keyboard as /devices/platform/i8042/serio0/input/input2
[    0.676466] rtc_cmos rtc_cmos: rtc core: registered rtc_cmos as rtc0
[    0.677174] rtc_cmos rtc_cmos: alarms up to one day, 114 bytes nvram
[    0.677847] i2c /dev entries driver
[    0.678266] device-mapper: uevent: version 1.0.3
[    0.678845] device-mapper: ioctl: 4.37.0-ioctl (2017-09-20) initialised: dm-devel@redhat.com
[    0.679754] ledtrig-cpu: registered to indicate activity on CPUs
[    0.680471] intel_pmc_core:  initialized
[    0.681005] NET: Registered protocol family 10
[    0.683082] Segment Routing with IPv6
[    0.683516] NET: Registered protocol family 17
[    0.684021] Key type dns_resolver registered
[    0.684567] mce: Using 0 MCE banks
[    0.684961] RAS: Correctable Errors collector initialized.
[    0.685549] sched_clock: Marking stable (684516253, 0)->(805290908, -120774655)
[    0.686390] registered taskstats version 1
[    0.686857] Loading compiled-in X.509 certificates
[    0.688479] Loaded X.509 cert 'Build time autogenerated kernel key: f0020782f0d3a548186fb3f47aed88387a71e859'
[    0.689577] zswap: loaded using pool lzo/zbud
[    0.691484] Key type big_key registered
[    0.691924] Key type trusted registered
[    0.693078] Key type encrypted registered
[    0.693536] AppArmor: AppArmor sha1 policy hashing enabled
[    0.694136] ima: No TPM chip found, activating TPM-bypass! (rc=-19)
[    0.694802] ima: Allocated hash algorithm: sha1
[    0.695306] evm: HMAC attrs: 0x1
[    0.695840]   Magic number: 12:894:427
[    0.696348] rtc_cmos rtc_cmos: setting system clock to 2020-03-05 11:25:54 UTC (1583407554)
[    0.697269] BIOS EDD facility v0.16 2004-Jun-25, 0 devices found
[    0.697904] EDD information not available.
[    0.833613] Freeing unused kernel image memory: 2428K
[    0.844026] Write protecting the kernel read-only data: 20480k
[    0.844924] Freeing unused kernel image memory: 2008K
[    0.845624] Freeing unused kernel image memory: 1880K
[    0.850157] x86/mm: Checked W+X mappings: passed, no W+X pages found.
[    0.850854] x86/mm: Checking user space page tables
[    0.855309] x86/mm: Checked W+X mappings: passed, no W+X pages found.
Loading, please wait...
starting version 237
[    0.926384] e1000: Intel(R) PRO/1000 Network Driver - version 7.3.21-k8-NAPI
[    0.927155] e1000: Copyright (c) 1999-2006 Intel Corporation.
[    0.930538] Fusion MPT base driver 3.04.20
[    0.931003] Copyright (c) 1999-2008 LSI Corporation
[    0.945722] AVX2 version of gcm_enc/dec engaged.
[    0.946249] AES CTR mode by8 optimization enabled
[    0.948002] Fusion MPT SPI Host driver 3.04.20
[    1.139934] input: ImExPS/2 Generic Explorer Mouse as /devices/platform/i8042/serio1/input/input4
[    1.303188] e1000 0000:00:03.0 eth0: (PCI:33MHz:32-bit) 02:33:ec:f4:7d:44
[    1.303924] e1000 0000:00:03.0 eth0: Intel(R) PRO/1000 Network Connection
[    1.305161] mptbase: ioc0: Initiating bringup
[    1.400655] ioc0: LSI53C1030 A0: Capabilities={Initiator}
[    1.648589] scsi host2: ioc0: LSI53C1030 A0, FwRev=00000000h, Ports=1, MaxQ=256, IRQ=20
[    1.816325] scsi 2:0:0:0: Direct-Access     VBOX     HARDDISK         1.0  PQ: 0 ANSI: 5
[    1.817212] scsi target2:0:0: Beginning Domain Validation
[    1.818991] scsi target2:0:0: Domain Validation skipping write tests
[    1.819664] scsi target2:0:0: Ending Domain Validation
[    1.820254] scsi target2:0:0: asynchronous
[    1.820725] random: fast init done
[    1.821278] scsi 2:0:1:0: Direct-Access     VBOX     HARDDISK         1.0  PQ: 0 ANSI: 5
[    1.822143] scsi target2:0:1: Beginning Domain Validation
[    1.823148] scsi target2:0:1: Domain Validation skipping write tests
[    1.823820] scsi target2:0:1: Ending Domain Validation
[    1.824421] scsi target2:0:1: asynchronous
[    1.826690] random: systemd-udevd: uninitialized urandom read (16 bytes read)
[    1.827501] random: systemd-udevd: uninitialized urandom read (16 bytes read)
[    1.828266] random: systemd-udevd: uninitialized urandom read (16 bytes read)
[    1.829198] sd 2:0:0:0: [sda] 20971520 512-byte logical blocks: (10.7 GB/10.0 GiB)
[    1.830056] sd 2:0:0:0: [sda] Write Protect is off
[    1.830628] sd 2:0:0:0: [sda] Incomplete mode parameter data
[    1.831240] sd 2:0:0:0: [sda] Assuming drive cache: write through
[    1.832218] sd 2:0:0:0: Attached scsi generic sg0 type 0
[    1.833286] sd 2:0:1:0: [sdb] 20480 512-byte logical blocks: (10.5 MB/10.0 MiB)
[    1.834142]  sda: sda1
[    1.834433] sd 2:0:1:0: [sdb] Write Protect is off
[    1.835085] sd 2:0:1:0: [sdb] Incomplete mode parameter data
[    1.835688] sd 2:0:1:0: [sdb] Assuming drive cache: write through
[    1.836860] sd 2:0:0:0: [sda] Attached SCSI disk
[    1.837397] sd 2:0:1:0: Attached scsi generic sg1 type 0
[    1.838967] sd 2:0:1:0: [sdb] Attached SCSI disk
[    2.167302] e1000 0000:00:08.0 eth1: (PCI:33MHz:32-bit) 08:00:27:81:3a:70
[    2.168033] e1000 0000:00:08.0 eth1: Intel(R) PRO/1000 Network Connection
[    2.169399] e1000 0000:00:08.0 enp0s8: renamed from eth1
[    2.170963] e1000 0000:00:03.0 enp0s3: renamed from eth0
Begin: Loading essential drivers ... [    3.476283] raid6: sse2x1   gen() 14892 MB/s
[    3.524398] raid6: sse2x1   xor() 10790 MB/s
[    3.572513] raid6: sse2x2   gen() 17926 MB/s
[    3.620618] raid6: sse2x2   xor() 12225 MB/s
[    3.668233] raid6: sse2x4   gen() 21316 MB/s
[    3.716353] raid6: sse2x4   xor() 12966 MB/s
[    3.764453] raid6: avx2x1   gen() 29594 MB/s
[    3.812070] raid6: avx2x1   xor() 20525 MB/s
[    3.860188] raid6: avx2x2   gen() 37400 MB/s
[    3.908298] raid6: avx2x2   xor() 22749 MB/s
[    3.956408] raid6: avx2x4   gen() 39851 MB/s
[    4.004523] raid6: avx2x4   xor() 25694 MB/s
[    4.005015] raid6: using algorithm avx2x4 gen() 39851 MB/s
[    4.005604] raid6: .... xor() 25694 MB/s, rmw enabled
[    4.006142] raid6: using avx2x2 recovery algorithm
[    4.007840] xor: automatically using best checksumming function   avx       
[    4.009504] async_tx: api initialized (async)
done.
Begin: Running /scripts/init-premount ... done.
Begin: Mounting root file system ... Begin: Running /scripts/local-top ... done.
Begin: Running /scripts/local-premount ... [    4.042471] Btrfs loaded, crc32c=crc32c-intel
Scanning for Btrfs filesystems
done.
Warning: fsck not present, so skipping root file system
[    4.057901] EXT4-fs (sda1): mounted filesystem with ordered data mode. Opts: (null)
done.
Begin: Running /scripts/local-bottom ... done.
Begin: Running /scripts/init-bottom ... done.
[    4.180517] ip_tables: (C) 2000-2006 Netfilter Core Team
[    4.185674] systemd[1]: systemd 237 running in system mode. (+PAM +AUDIT +SELINUX +IMA +APPARMOR +SMACK +SYSVINIT +UTMP +LIBCRYPTSETUP +GCRYPT +GNUTLS +ACL +XZ +LZ4 +SECCOMP +BLKID +ELFUTILS +KMOD -IDN2 +IDN -PCRE2 default-hierarchy=hybrid)
[    4.187885] systemd[1]: Detected virtualization oracle.
[    4.188511] systemd[1]: Detected architecture x86-64.

Welcome to [1mUbuntu 18.04.4 LTS[0m!

[    4.190782] systemd[1]: Set hostname to <ubuntu>.
[    4.193823] systemd[1]: Initializing machine ID from random generator.
[    4.194542] systemd[1]: Installed transient /etc/machine-id file.
[    4.365295] systemd[1]: Reached target System Time Synchronized.
[[0;32m  OK  [0m] Reached target System Time Synchronized.
[    4.366873] systemd[1]: Created slice System Slice.
[[0;32m  OK  [0m] Created slice System Slice.
[    4.367911] systemd[1]: Listening on Journal Socket.
[[0;32m  OK  [0m] Listening on Journal Socket.
[    4.369094] systemd[1]: Created slice system-serial\x2dgetty.slice.
[[0;32m  OK  [0m] Created slice system-serial\x2dgetty.slice.
[[0;32m  OK  [0m] Listening on Journal Socket (/dev/log).
[[0;32m  OK  [0m] Listening on udev Control Socket.
[[0;32m  OK  [0m] Listening on udev Kernel Socket.
[[0;32m  OK  [0m] Reached target Swap.
[[0;32m  OK  [0m] Listening on Syslog Socket.
         Mounting Kernel Debug File System...
[[0;32m  OK  [0m] Listening on /dev/initctl Compatibility Named Pipe.
         Mounting Huge Pages File System...
         Starting Set the console keyboard layout...
[[0;32m  OK  [0m] Set up automount Arbitrary Executabâ€¦rmats File System Automount Point.
         Starting Uncomplicated firewall...
[[0;32m  OK  [0m] Listening on Journal Audit Socket.
         Starting Remount Root and Kernel File Systems...
[[0;32m  OK  [0m] Listening on LVM2 poll daemon socket.
         Starting Load Kernel Modules...
[[0;32m  OK  [0m] Listening on Network Service Netlink Socket.
         Starting udev Coldplug all Devices...
[[0;32m  OK  [0m] Listening on LVM2 metadata daemon socket.
         Starting Create list of required stâ€¦ce nodes for the current kernel...
[[0;32m  OK  [0m] Created slice User and Session Slice.
[[0;32m  OK  [0m] Reached target Slices.
[[0;32m  OK  [0m] Reached target User and Group Name Lookups.
         Mounting POSIX Message Queue File System...
[[0;32m  OK  [0m] Listening on Device-mapper event daemon FIFOs.
         Starting Monitoring of LVM2 mirrorsâ€¦ng dmeventd or progress polling...
[    4.417462] Loading iSCSI transport class v2.0-870.
[    4.421062] iscsi: registered transport (tcp)
         Starting Journal Service...
[[0;32m  OK  [0m] Started Forward Password Requests to Wall Directory Watch.
[[0;32m  OK  [0m] Mounted Kernel Debug File System.
[[0;32m  OK  [0m] Mounted Huge Pages File System.
[[0;32m  OK  [0m] Started Uncomplicated firewall.
[[0;32m  OK  [0m] Started Create list of required staâ€¦vice nodes for the current kernel.
[[0;32m  OK  [0m] Mounted POSIX Message Queue File System.
         Starting Create Static Device Nodes in /dev...
[    4.453211] EXT4-fs (sda1): re-mounted. Opts: (null)
[[0;32m  OK  [0m] Started Remount Root and Kernel File Systems.
[    4.456681] iscsi: registered transport (iser)
         Starting Load/Save Random Seed...
[[0;32m  OK  [0m] Started Journal Service.
[[0;32m  OK  [0m] Started Load Kernel Modules.
[[0;32m  OK  [0m] Started udev Coldplug all Devices.
[[0;32m  OK  [0m] Started Create Static Device Nodes in /dev.
[[0;32m  OK  [0m] Started LVM2 metadata daemon.
         Starting udev Kernel Device Manager...
         Mounting Kernel Configuration File System...
         Starting Apply Kernel Variables...
         Mounting FUSE Control File System...
         Starting Flush Journal to Persistent Storage...
[[0;32m  OK  [0m] Mounted Kernel Configuration File System.
[[0;32m  OK  [0m] Mounted FUSE Control File System.
[[0;32m  OK  [0m] Started udev Kernel Device Manager.
[[0;32m  OK  [0m] Started Monitoring of LVM2 mirrors,â€¦sing dmeventd or progress polling.
[[0;32m  OK  [0m] Started Load/Save Random Seed.
[[0;32m  OK  [0m] Started Apply Kernel Variables.
[[0;32m  OK  [0m] Started Flush Journal to Persistent Storage.
[[0;32m  OK  [0m] Found device /dev/ttyS0.
[[0;32m  OK  [0m] Listening on Load/Save RF Kill Switch Status /dev/rfkill Watch.
[[0;32m  OK  [0m] Started Set the console keyboard layout.
[[0;32m  OK  [0m] Reached target Local File Systems (Pre).
[[0;32m  OK  [0m] Reached target Local File Systems.
         Starting Tell Plymouth To Write Out Runtime Data...
         Starting Commit a transient machine-id on disk...
         Starting Set console font and keymap...
         Starting ebtables ruleset management...
         Starting AppArmor initialization...
         Starting Create Volatile Files and Directories...
[[0;32m  OK  [0m] Started Dispatch Password Requests to Console Directory Watch.
[[0;32m  OK  [0m] Reached target Local Encrypted Volumes.
[[0;32m  OK  [0m] Started Tell Plymouth To Write Out Runtime Data.
[[0;32m  OK  [0m] Started Commit a transient machine-id on disk.
[[0;32m  OK  [0m] Started Create Volatile Files and Directories.
         Starting Update UTMP about System Boot/Shutdown...
[[0;32m  OK  [0m] Started Update UTMP about System Boot/Shutdown.
[[0;32m  OK  [0m] Started ebtables ruleset management.
[[0;32m  OK  [0m] Started AppArmor initialization.
         Starting Initial cloud-init job (pre-networking)...
[[0;32m  OK  [0m] Started Set console font and keymap.
[    7.516437] cloud-init[766]: Cloud-init v. 19.4-33-gbb4131a2-0ubuntu1~18.04.1 running 'init-local' at Thu, 05 Mar 2020 11:26:01 +0000. Up 7.27 seconds.
[[0;32m  OK  [0m] Started Initial cloud-init job (pre-networking).
[[0;32m  OK  [0m] Reached target Network (Pre).
         Starting Network Service...
[[0;32m  OK  [0m] Started Network Service.
         Starting Wait for Network to be Configured...
         Starting Network Name Resolution...
[[0;32m  OK  [0m] Started Network Name Resolution.
[[0;32m  OK  [0m] Reached target Host and Network Name Lookups.
[[0;32m  OK  [0m] Reached target Network.
[[0;32m  OK  [0m] Started Wait for Network to be Configured.
         Starting Initial cloud-init job (metadata service crawler)...
[    8.995694] cloud-init[901]: Cloud-init v. 19.4-33-gbb4131a2-0ubuntu1~18.04.1 running 'init' at Thu, 05 Mar 2020 11:26:02 +0000. Up 8.91 seconds.
[    8.997449] cloud-init[901]: ci-info: ++++++++++++++++++++++++++++++++++++++Net device info+++++++++++++++++++++++++++++++++++++++
[    8.998456] cloud-init[901]: ci-info: +--------+-------+----------------------------+---------------+--------+-------------------+
[    9.000276] cloud-init[901]: ci-info: | Device |   Up  |          Address           |      Mask     | Scope  |     Hw-Address    |
[    9.002217] cloud-init[901]: ci-info: +--------+-------+----------------------------+---------------+--------+-------------------+
[    9.003471] cloud-init[901]: ci-info: | enp0s3 |  True |         10.0.2.15          | 255.255.255.0 | global | 02:33:ec:f4:7d:44 |
[    9.005496] cloud-init[901]: ci-info: | enp0s3 |  True | fe80::33:ecff:fef4:7d44/64 |       .       |  link  | 02:33:ec:f4:7d:44 |
[    9.007352] cloud-init[901]: ci-info: | enp0s8 | False |             .              |       .       |   .    | 08:00:27:81:3a:70 |
[    9.010937] cloud-init[901]: ci-info: |   lo   |  True |         127.0.0.1          |   255.0.0.0   |  host  |         .         |
[    9.012678] cloud-init[901]: ci-info: |   lo   |  True |          ::1/128           |       .       |  host  |         .         |
[    9.014664] cloud-init[901]: ci-info: +--------+-------+----------------------------+---------------+--------+-------------------+
[    9.019000] cloud-init[901]: ci-info: ++++++++++++++++++++++++++++Route IPv4 info+++++++++++++++++++++++++++++
[    9.019989] cloud-init[901]: ci-info: +-------+-------------+----------+-----------------+-----------+-------+
[    9.020883] cloud-init[901]: ci-info: | Route | Destination | Gateway  |     Genmask     | Interface | Flags |
[    9.021745] cloud-init[901]: ci-info: +-------+-------------+----------+-----------------+-----------+-------+
[    9.022606] cloud-init[901]: ci-info: |   0   |   0.0.0.0   | 10.0.2.2 |     0.0.0.0     |   enp0s3  |   UG  |
[    9.027899] cloud-init[901]: ci-info: |   1   |   10.0.2.0  | 0.0.0.0  |  255.255.255.0  |   enp0s3  |   U   |
[    9.029689] cloud-init[901]: ci-info: |   2   |   10.0.2.2  | 0.0.0.0  | 255.255.255.255 |   enp0s3  |   UH  |
[    9.031651] cloud-init[901]: ci-info: +-------+-------------+----------+-----------------+-----------+-------+
[    9.032586] cloud-init[901]: ci-info: +++++++++++++++++++Route IPv6 info+++++++++++++++++++
[    9.034644] cloud-init[901]: ci-info: +-------+-------------+---------+-----------+-------+
[    9.035471] cloud-init[901]: ci-info: | Route | Destination | Gateway | Interface | Flags |
[    9.036337] cloud-init[901]: ci-info: +-------+-------------+---------+-----------+-------+
[    9.037082] cloud-init[901]: ci-info: |   1   |  fe80::/64  |    ::   |   enp0s3  |   U   |
[    9.037953] cloud-init[901]: ci-info: |   3   |    local    |    ::   |   enp0s3  |   U   |
[    9.038792] cloud-init[901]: ci-info: |   4   |   ff00::/8  |    ::   |   enp0s3  |   U   |
[    9.040054] cloud-init[901]: ci-info: +-------+-------------+---------+-----------+-------+
[    9.500550] cloud-init[901]: Generating public/private rsa key pair.
[    9.501205] cloud-init[901]: Your identification has been saved in /etc/ssh/ssh_host_rsa_key.
[    9.501967] cloud-init[901]: Your public key has been saved in /etc/ssh/ssh_host_rsa_key.pub.
[    9.502717] cloud-init[901]: The key fingerprint is:
[    9.503231] cloud-init[901]: SHA256:Xaf9HtCbKr9866ZVd416tFWi8McUqFDYlb0hyvJlHqM root@ubuntu-bionic
[    9.506232] cloud-init[901]: The key's randomart image is:
[    9.506794] cloud-init[901]: +---[RSA 2048]----+
[    9.507262] cloud-init[901]: |         +...+.  |
[    9.507749] cloud-init[901]: |        o . + o. |
[    9.512266] cloud-init[901]: |         o.o..+o.|
[    9.512760] cloud-init[901]: |        ..++=Booo|
[    9.513253] cloud-init[901]: |        So.=++*.*|
[    9.513741] cloud-init[901]: |          E .+.+*|
[    9.514304] cloud-init[901]: |            . o=.|
[    9.514785] cloud-init[901]: |           ...o+.|
[    9.515266] cloud-init[901]: |            o**oo|
[    9.515752] cloud-init[901]: +----[SHA256]-----+
[    9.520141] cloud-init[901]: Generating public/private dsa key pair.
[    9.520739] cloud-init[901]: Your identification has been saved in /etc/ssh/ssh_host_dsa_key.
[    9.521495] cloud-init[901]: Your public key has been saved in /etc/ssh/ssh_host_dsa_key.pub.
[    9.522264] cloud-init[901]: The key fingerprint is:
[    9.522775] cloud-init[901]: SHA256:XumnA2QjgnrFOM3N6wr6RBlnMeNcz3jTf9SZmvU1Jc8 root@ubuntu-bionic
[    9.523562] cloud-init[901]: The key's randomart image is:
[    9.528592] cloud-init[901]: +---[DSA 1024]----+
[    9.529070] cloud-init[901]: |    + .       . .|
[    9.529560] cloud-init[901]: |   o = + .     =+|
[    9.530045] cloud-init[901]: |  .*=o. = .   .=E|
[    9.530532] cloud-init[901]: |  +=* +.+. o .+ +|
[    9.531018] cloud-init[901]: | .oo . =S.o .o. .|
[    9.531501] cloud-init[901]: |...   ...o   .   |
[    9.531981] cloud-init[901]: | .o  .  ... .    |
[    9.532475] cloud-init[901]: | o .  .   .o     |
[    9.536483] cloud-init[901]: |... ..    ..     |
[    9.536986] cloud-init[901]: +----[SHA256]-----+
[    9.537474] cloud-init[901]: Generating public/private ecdsa key pair.
[    9.538091] cloud-init[901]: Your identification has been saved in /etc/ssh/ssh_host_ecdsa_key.
[    9.538858] cloud-init[901]: Your public key has been saved in /etc/ssh/ssh_host_ecdsa_key.pub.
[    9.539628] cloud-init[901]: The key fingerprint is:
[    9.544502] cloud-init[901]: SHA256:FQZhZ1Uu8bI8L5lqxV0mjF2Uefb8zjpZVVIGSUGNjRE root@ubuntu-bionic
[    9.545311] cloud-init[901]: The key's randomart image is:
[    9.545868] cloud-init[901]: +---[ECDSA 256]---+
[    9.546404] cloud-init[901]: |        +o=.o+E&*|
[    9.546886] cloud-init[901]: |       . + . +=+B|
[    9.547374] cloud-init[901]: |          . o+o=+|
[    9.547857] cloud-init[901]: |         . ..++ *|
[    9.548351] cloud-init[901]: |        S  .+. +o|
[    9.552363] cloud-init[901]: |            o=. o|
[    9.552862] cloud-init[901]: |           .+ .= |
[    9.553347] cloud-init[901]: |          .. .o o|
[    9.553833] cloud-init[901]: |         ..   .o |
[    9.554314] cloud-init[901]: +----[SHA256]-----+
[    9.554795] cloud-init[901]: Generating public/private ed25519 key pair.
[    9.555422] cloud-init[901]: Your identification has been saved in /etc/ssh/ssh_host_ed25519_key.
[    9.557267] cloud-init[901]: Your public key has been saved in /etc/ssh/ssh_host_ed25519_key.pub.
[[0;32m  OK  [0m] Started Initial cloud-init job (metadata service crawler).
[[0;32m  OK  [0m] Reached target System Initialization.
[[0;32m  OK  [0m] Started Daily Cleanup of Temporary Directories.[    9.560322] cloud-init[901]: The key fingerprint is:
[    9.560821] cloud-init[901]: SHA256:2f/4IiCH3gK5crIxA/tREvnMXi0ZObtpRqVI+dZY+NM root@ubuntu-bionic
[    9.561599] cloud-init[901]: The key's randomart image is:
[    9.562125] cloud-init[901]: +--[ED25519 256]--+
[    9.562593] cloud-init[901]: |                 |
[    9.563062] cloud-init[901]: |   . . o         |
[    9.563534] cloud-init[901]: |  o o = o        |
[    9.564006] 
[[0;32m  OK  [0m] Started Message of the Day.
cloud-init[901]: |   * o & +       |         Starting LXD - unix socket.
         Starting Socket activation for snappy daemon.
[[0;32m  OK  [0m] Listening on UUID daemon activation socket.
[[0;32m  OK  [0m] Started ACPI Events Check.
[[0;32m  OK  [0m] Reached target Paths.
[[0;32m  OK  [0m] Started Daily apt download activities.
[[0;32m  OK  [0m] Started Daily apt upgrade and clean activities.
[[0;32m  OK  [0m] Listening on ACPID Listen Socket.
[[0;32m  OK  [0m] Started Discard unused blocks once a week.
[[0;32m  OK  [0m] Listening on D-Bus System Message Bus Socket.
[[0;32m  OK  [0m] Listening on Open-iSCSI iscsid Socket.
[[0;32m  OK  [0m] Reached target Timers.
[[0;32m  OK  [0m] Reached target Cloud-config availability.
[[0;32m  OK  [0m
[    9.578633] cloud-init[901]: |. . *.@.S E      |
[    9.579120] cloud-init[901]: | o +o+o+o. .     |
[    9.579589] cloud-init[901]: |. = .+=+ .  .    |
] Reached target Network is Online.
[[0;32m  OK  [0m] Reached target Remote File Systems (Pre).
[[0;32m  OK  [0m] Reached target Remote File Systems.
         Starting Availability of block devices...
[[0;32m  OK  [0m] Listening on LXD - unix socket.
[[0;32m  OK  [0m] Listening on Socket activation for snappy daemon.
[[0;32m  OK  [0m] Reached target Sockets.[    9.585662] cloud-init[901]: | .o=ooo . . .o   |
[    9.586171] cloud-init[901]: |  o=   .   ..oo  |
[    9.586643] cloud-init[901]: +----[SHA256]-----+

[[0;32m  OK  [0m] Reached target Basic System.
[[0;32m  OK  [0m] Started Regular background program processing daemon.
[[0;32m  OK  [0m] Started FUSE filesystem for LXC.
         Starting Permit User Sessions...
         Starting Dispatcher daemon for systemd-networkd...
         Starting LSB: automatic crash report generation...
         Starting LSB: Record successful boot for GRUB...
         Starting Accounts Service...
[[0;32m  OK  [0m] Started D-Bus System Message Bus.
         Starting Pollinate to seed the pseudo random number generator...
         Starting Login Service...
[[0;32m  OK  [0m] Started Deferred execution scheduler.
         Starting Virtualbox guest utils...
         Starting Snappy daemon...
[[0;32m  OK  [0m] Started irqbalance daemon.
         Starting System Logging Service...
         Starting LXD - container startup/shutdown...
[[0;32m  OK  [0m] Started Availability of block devices.
[[0;32m  OK  [0m] Started Permit User Sessions.
[[0;32m  OK  [0m] Started System Logging Service.
         Starting Authorization Manager...
         Starting Terminate Plymouth Boot Screen...
         Starting Hold until boot process finishes up...
[[0;32m  OK  [0m] Started Hold until boot process finishes up.
         Starting Set console scheme...
[[0;32m  OK  [0m] Started Serial Getty on ttyS0.
[[0;32m  OK  [0m] Started LSB: automatic crash report generation.
[[0;32m  OK  [0m] Started Terminate Plymouth Boot Screen.
[[0;32m  OK  [0m] Started Login Service.
[[0;32m  OK  [0m] Started Unattended Upgrades Shutdown.
[[0;32m  OK  [0m] Started Set console scheme.
[[0;32m  OK  [0m] Created slice system-getty.slice.
[[0;32m  OK  [0m] Started Getty on tty1.
[[0;32m  OK  [0m] Reached target Login Prompts.
[[0;32m  OK  [0m] Started LSB: Record successful boot for GRUB.
[[0;32m  OK  [0m] Started Authorization Manager.
[[0;32m  OK  [0m] Started Accounts Service.
[[0;32m  OK  [0m] Started Virtualbox guest utils.
[[0;32m  OK  [0m] Started Dispatcher daemon for systemd-networkd.
[[0;32m  OK  [0m] Started LXD - container startup/shutdown.
[[0;32m  OK  [0m] Started Snappy daemon.
         Starting Wait until snapd is fully seeded...
[[0;32m  OK  [0m] Started Pollinate to seed the pseudo random number generator.
         Starting OpenBSD Secure Shell server...
[[0;32m  OK  [0m] Started OpenBSD Secure Shell server.
[[0;32m  OK  [0m] Started Wait until snapd is fully seeded.
[[0;32m  OK  [0m] Reached target Multi-User System.
[[0;32m  OK  [0m] Reached target Graphical Interface.
         Starting Update UTMP about System Runlevel Changes...
         Starting Apply the settings specified in cloud-config...
[[0;32m  OK  [0m] Started Update UTMP about System Runlevel Changes.
[[0;32m  OK  [0m] Created slice User Slice of vagrant.
         Starting User Manager for UID 1000...
[[0;32m  OK  [0m] Started Session 1 of user vagrant.
[[0;32m  OK  [0m] Started User Manager for UID 1000.
[   11.846212] cloud-init[1320]: Cloud-init v. 19.4-33-gbb4131a2-0ubuntu1~18.04.1 running 'modules:config' at Thu, 05 Mar 2020 11:26:05 +0000. Up 11.51 seconds.
[[0;32m  OK  [0m] Started Apply the settings specified in cloud-config.
         Starting Execute cloud user/final scripts...
ci-info: no authorized SSH keys fingerprints found for user ubuntu.
<14>Mar  5 11:26:06 ec2: 
<14>Mar  5 11:26:06 ec2: #############################################################
<14>Mar  5 11:26:06 ec2: -----BEGIN SSH HOST KEY FINGERPRINTS-----
<14>Mar  5 11:26:06 ec2: 1024 SHA256:XumnA2QjgnrFOM3N6wr6RBlnMeNcz3jTf9SZmvU1Jc8 root@ubuntu-bionic (DSA)
<14>Mar  5 11:26:06 ec2: 256 SHA256:FQZhZ1Uu8bI8L5lqxV0mjF2Uefb8zjpZVVIGSUGNjRE root@ubuntu-bionic (ECDSA)
<14>Mar  5 11:26:06 ec2: 256 SHA256:2f/4IiCH3gK5crIxA/tREvnMXi0ZObtpRqVI+dZY+NM root@ubuntu-bionic (ED25519)
<14>Mar  5 11:26:06 ec2: 2048 SHA256:Xaf9HtCbKr9866ZVd416tFWi8McUqFDYlb0hyvJlHqM root@ubuntu-bionic (RSA)
<14>Mar  5 11:26:06 ec2: -----END SSH HOST KEY FINGERPRINTS-----
<14>Mar  5 11:26:06 ec2: #############################################################
-----BEGIN SSH HOST KEY KEYS-----
ecdsa-sha2-nistp256 AAAAE2VjZHNhLXNoYTItbmlzdHAyNTYAAAAIbmlzdHAyNTYAAABBBAcre9bOsa19P6AGD8rZIAgZdVB/gLgB2wMFIFW43RplaPSap3PDgKqR/Bq4DtrvqF0Bdx1+ANCCdqDrfLvLh9o= root@ubuntu-bionic
ssh-ed25519 AAAAC3NzaC1lZDI1NTE5AAAAIMEmZNU0zYyioKCa5UbYX5F9aRXI+RelWk6X19q798ei root@ubuntu-bionic
ssh-rsa AAAAB3NzaC1yc2EAAAADAQABAAABAQCepKiO8KBYHRwRAkamNhTaYbp++ZxQ9iawvm1EWZDbF5viwK25hcl4smvRUM2ORXbtEwaJbF6Z/3GaBxk5MQ3ShU+KmMH9MN4Opk438E+ZKth6MlydyhJhjDFFTgBzl0xIWBlkIJ9+FC8rAW3wiCibei6sybtOEp/irBcRR9ZThQJmaLotTLiwXZdOrBhkOkveHsAJMI+QNp0Z+EUdgxyLcGIxijofy7X7f+wo/VVbzDeurDjc+Sdaa4r0pW8O6ABlsfJvyWqNePyMQlULMfgJpBD3DNEYeDd2ykuPsvxDeusxQQB7QiwLaIU4c606l9Es7SaULO72JaQzJJDiUDiX root@ubuntu-bionic
-----END SSH HOST KEY KEYS-----
[   12.593421] cloud-init[1406]: Cloud-init v. 19.4-33-gbb4131a2-0ubuntu1~18.04.1 running 'modules:final' at Thu, 05 Mar 2020 11:26:06 +0000. Up 12.40 seconds.
[   12.596559] cloud-init[1406]: ci-info: no authorized SSH keys fingerprints found for user ubuntu.
[   12.600043] cloud-init[1406]: Cloud-init v. 19.4-33-gbb4131a2-0ubuntu1~18.04.1 finished at Thu, 05 Mar 2020 11:26:06 +0000. Datasource DataSourceNoCloud [seed=/dev/sdb][dsmode=net].  Up 12.58 seconds
[[0;32m  OK  [0m] Started Execute cloud user/final scripts.
[[0;32m  OK  [0m] Reached target Cloud-init target.

Ubuntu 18.04.4 LTS ubuntu-bionic ttyS0

ubuntu-bionic login: 