[    0.000000] Linux version 4.15.0-88-generic (buildd@lgw01-amd64-036) (gcc version 7.4.0 (Ubuntu 7.4.0-1ubuntu1~18.04.1)) #88-Ubuntu SMP Tue Feb 11 20:11:34 UTC 2020 (Ubuntu 4.15.0-88.88-generic 4.15.18)
[    0.000000] Command line: BOOT_IMAGE=/boot/vmlinuz-4.15.0-88-generic root=LABEL=cloudimg-rootfs ro console=tty1 console=ttyS0
[    0.000000] KERNEL supported cpus:
[    0.000000]   Intel GenuineIntel
[    0.000000]   AMD AuthenticAMD
[    0.000000]   Centaur CentaurHauls
[    0.000000] x86/fpu: Supporting XSAVE feature 0x001: 'x87 floating point registers'
[    0.000000] x86/fpu: Supporting XSAVE feature 0x002: 'SSE registers'
[    0.000000] x86/fpu: Supporting XSAVE feature 0x004: 'AVX registers'
[    0.000000] x86/fpu: xstate_offset[2]:  576, xstate_sizes[2]:  256
[    0.000000] x86/fpu: Enabled xstate features 0x7, context size is 832 bytes, using 'standard' format.
[    0.000000] e820: BIOS-provided physical RAM map:
[    0.000000] BIOS-e820: [mem 0x0000000000000000-0x000000000009fbff] usable
[    0.000000] BIOS-e820: [mem 0x000000000009fc00-0x000000000009ffff] reserved
[    0.000000] BIOS-e820: [mem 0x00000000000f0000-0x00000000000fffff] reserved
[    0.000000] BIOS-e820: [mem 0x0000000000100000-0x000000003ffeffff] usable
[    0.000000] BIOS-e820: [mem 0x000000003fff0000-0x000000003fffffff] ACPI data
[    0.000000] BIOS-e820: [mem 0x00000000fec00000-0x00000000fec00fff] reserved
[    0.000000] BIOS-e820: [mem 0x00000000fee00000-0x00000000fee00fff] reserved
[    0.000000] BIOS-e820: [mem 0x00000000fffc0000-0x00000000ffffffff] reserved
[    0.000000] NX (Execute Disable) protection: active
[    0.000000] SMBIOS 2.5 present.
[    0.000000] DMI: innotek GmbH VirtualBox/VirtualBox, BIOS VirtualBox 12/01/2006
[    0.000000] Hypervisor detected: KVM
[    0.000000] e820: last_pfn = 0x3fff0 max_arch_pfn = 0x400000000
[    0.000000] MTRR: Disabled
[    0.000000] x86/PAT: MTRRs disabled, skipping PAT initialization too.
[    0.000000] CPU MTRRs all blank - virtualized system.
[    0.000000] x86/PAT: Configuration [0-7]: WB  WT  UC- UC  WB  WT  UC- UC  
[    0.000000] found SMP MP-table at [mem 0x0009fff0-0x0009ffff]
[    0.000000] Scanning 1 areas for low memory corruption
[    0.000000] RAMDISK: [mem 0x35a6d000-0x36d2dfff]
[    0.000000] ACPI: Early table checksum verification disabled
[    0.000000] ACPI: RSDP 0x00000000000E0000 000024 (v02 VBOX  )
[    0.000000] ACPI: XSDT 0x000000003FFF0030 00003C (v01 VBOX   VBOXXSDT 00000001 ASL  00000061)
[    0.000000] ACPI: FACP 0x000000003FFF00F0 0000F4 (v04 VBOX   VBOXFACP 00000001 ASL  00000061)
[    0.000000] ACPI: DSDT 0x000000003FFF0470 0022EA (v02 VBOX   VBOXBIOS 00000002 INTL 20100528)
[    0.000000] ACPI: FACS 0x000000003FFF0200 000040
[    0.000000] ACPI: FACS 0x000000003FFF0200 000040
[    0.000000] ACPI: APIC 0x000000003FFF0240 000054 (v02 VBOX   VBOXAPIC 00000001 ASL  00000061)
[    0.000000] ACPI: SSDT 0x000000003FFF02A0 0001CC (v01 VBOX   VBOXCPUT 00000002 INTL 20100528)
[    0.000000] No NUMA configuration found
[    0.000000] Faking a node at [mem 0x0000000000000000-0x000000003ffeffff]
[    0.000000] NODE_DATA(0) allocated [mem 0x3ffc5000-0x3ffeffff]
[    0.000000] kvm-clock: cpu 0, msr 0:3ff44001, primary cpu clock
[    0.000000] kvm-clock: Using msrs 4b564d01 and 4b564d00
[    0.000000] kvm-clock: using sched offset of 3565359207 cycles
[    0.000000] clocksource: kvm-clock: mask: 0xffffffffffffffff max_cycles: 0x1cd42e4dffb, max_idle_ns: 881590591483 ns
[    0.000000] Zone ranges:
[    0.000000]   DMA      [mem 0x0000000000001000-0x0000000000ffffff]
[    0.000000]   DMA32    [mem 0x0000000001000000-0x000000003ffeffff]
[    0.000000]   Normal   empty
[    0.000000]   Device   empty
[    0.000000] Movable zone start for each node
[    0.000000] Early memory node ranges
[    0.000000]   node   0: [mem 0x0000000000001000-0x000000000009efff]
[    0.000000]   node   0: [mem 0x0000000000100000-0x000000003ffeffff]
[    0.000000] Reserved but unavailable: 98 pages
[    0.000000] Initmem setup node 0 [mem 0x0000000000001000-0x000000003ffeffff]
[    0.000000] ACPI: PM-Timer IO Port: 0x4008
[    0.000000] IOAPIC[0]: apic_id 1, version 32, address 0xfec00000, GSI 0-23
[    0.000000] ACPI: INT_SRC_OVR (bus 0 bus_irq 0 global_irq 2 dfl dfl)
[    0.000000] ACPI: INT_SRC_OVR (bus 0 bus_irq 9 global_irq 9 low level)
[    0.000000] Using ACPI (MADT) for SMP configuration information
[    0.000000] smpboot: Allowing 1 CPUs, 0 hotplug CPUs
[    0.000000] PM: Registered nosave memory: [mem 0x00000000-0x00000fff]
[    0.000000] PM: Registered nosave memory: [mem 0x0009f000-0x0009ffff]
[    0.000000] PM: Registered nosave memory: [mem 0x000a0000-0x000effff]
[    0.000000] PM: Registered nosave memory: [mem 0x000f0000-0x000fffff]
[    0.000000] e820: [mem 0x40000000-0xfebfffff] available for PCI devices
[    0.000000] Booting paravirtualized kernel on KVM
[    0.000000] clocksource: refined-jiffies: mask: 0xffffffff max_cycles: 0xffffffff, max_idle_ns: 7645519600211568 ns
[    0.000000] random: get_random_bytes called from start_kernel+0x99/0x4fd with crng_init=0
[    0.000000] setup_percpu: NR_CPUS:8192 nr_cpumask_bits:1 nr_cpu_ids:1 nr_node_ids:1
[    0.000000] percpu: Embedded 45 pages/cpu s147456 r8192 d28672 u2097152
[    0.000000] PV qspinlock hash table entries: 256 (order: 0, 4096 bytes)
[    0.000000] Built 1 zonelists, mobility grouping on.  Total pages: 257913
[    0.000000] Policy zone: DMA32
[    0.000000] Kernel command line: BOOT_IMAGE=/boot/vmlinuz-4.15.0-88-generic root=LABEL=cloudimg-rootfs ro console=tty1 console=ttyS0
[    0.000000] Memory: 983248K/1048120K available (12300K kernel code, 2481K rwdata, 4264K rodata, 2428K init, 2712K bss, 64872K reserved, 0K cma-reserved)
[    0.000000] SLUB: HWalign=64, Order=0-3, MinObjects=0, CPUs=1, Nodes=1
[    0.000000] Kernel/User page tables isolation: enabled
[    0.000000] ftrace: allocating 39344 entries in 154 pages
[    0.004000] Hierarchical RCU implementation.
[    0.004000] 	RCU restricting CPUs from NR_CPUS=8192 to nr_cpu_ids=1.
[    0.004000] 	Tasks RCU enabled.
[    0.004000] RCU: Adjusting geometry for rcu_fanout_leaf=16, nr_cpu_ids=1
[    0.004000] NR_IRQS: 524544, nr_irqs: 256, preallocated irqs: 16
[    0.004000] Console: colour VGA+ 80x25
[    0.004000] console [tty1] enabled
[    0.004000] console [ttyS0] enabled
[    0.004000] ACPI: Core revision 20170831
[    0.004000] ACPI: 2 ACPI AML tables successfully acquired and loaded
[    0.004000] APIC: Switch to symmetric I/O mode setup
[    0.004000] x2apic enabled
[    0.004000] Switched APIC routing to physical x2apic.
[    0.004000] ..TIMER: vector=0x30 apic1=0 pin1=2 apic2=-1 pin2=-1
[    0.004000] tsc: Detected 3696.006 MHz processor
[    0.004006] Calibrating delay loop (skipped) preset value.. 7392.01 BogoMIPS (lpj=14784024)
[    0.005153] pid_max: default: 32768 minimum: 301
[    0.005783] Security Framework initialized
[    0.006350] Yama: becoming mindful.
[    0.006844] AppArmor: AppArmor initialized
[    0.008000] Dentry cache hash table entries: 131072 (order: 8, 1048576 bytes)
[    0.008043] Inode-cache hash table entries: 65536 (order: 7, 524288 bytes)
[    0.012017] Mount-cache hash table entries: 2048 (order: 2, 16384 bytes)
[    0.012869] Mountpoint-cache hash table entries: 2048 (order: 2, 16384 bytes)
[    0.014034] process: using mwait in idle threads
[    0.014645] Last level iTLB entries: 4KB 64, 2MB 8, 4MB 8
[    0.016002] Last level dTLB entries: 4KB 64, 2MB 0, 4MB 0, 1GB 4
[    0.016809] Spectre V1 : Mitigation: usercopy/swapgs barriers and __user pointer sanitization
[    0.017934] Spectre V2 : Mitigation: Full generic retpoline
[    0.018683] Spectre V2 : Spectre v2 / SpectreRSB mitigation: Filling RSB on context switch
[    0.019748] Speculative Store Bypass: Vulnerable
[    0.020025] MDS: Vulnerable: Clear CPU buffers attempted, no microcode
[    0.028182] Freeing SMP alternatives memory: 36K
[    0.138216] smpboot: CPU0: Intel(R) Core(TM) i7-8700K CPU @ 3.70GHz (family: 0x6, model: 0x9e, stepping: 0xa)
[    0.139559] Performance Events: unsupported p6 CPU model 158 no PMU driver, software events only.
[    0.140000] Hierarchical SRCU implementation.
[    0.140000] NMI watchdog: Perf event create on CPU 0 failed with -2
[    0.140001] NMI watchdog: Perf NMI watchdog permanently disabled
[    0.140818] smp: Bringing up secondary CPUs ...
[    0.141433] smp: Brought up 1 node, 1 CPU
[    0.141984] smpboot: Max logical packages: 1
[    0.142556] smpboot: Total of 1 processors activated (7392.01 BogoMIPS)
[    0.143477] devtmpfs: initialized
[    0.144042] x86/mm: Memory block size: 128MB
[    0.144731] evm: security.selinux
[    0.145201] evm: security.SMACK64
[    0.145661] evm: security.SMACK64EXEC
[    0.146164] evm: security.SMACK64TRANSMUTE
[    0.146713] evm: security.SMACK64MMAP
[    0.147214] evm: security.apparmor
[    0.148002] evm: security.ima
[    0.148428] evm: security.capability
[    0.149002] clocksource: jiffies: mask: 0xffffffff max_cycles: 0xffffffff, max_idle_ns: 7645041785100000 ns
[    0.150275] futex hash table entries: 256 (order: 2, 16384 bytes)
[    0.151086] pinctrl core: initialized pinctrl subsystem
[    0.151840] RTC time: 15:12:25, date: 03/08/20
[    0.152059] NET: Registered protocol family 16
[    0.152735] audit: initializing netlink subsys (disabled)
[    0.153528] cpuidle: using governor ladder
[    0.154097] cpuidle: using governor menu
[    0.154660] ACPI: bus type PCI registered
[    0.155208] acpiphp: ACPI Hot Plug PCI Controller Driver version: 0.5
[    0.156070] PCI: Using configuration type 1 for base access
[    0.156855] audit: type=2000 audit(1583680350.779:1): state=initialized audit_enabled=0 res=1
[    0.158823] HugeTLB registered 2.00 MiB page size, pre-allocated 0 pages
[    0.164127] ACPI: Added _OSI(Module Device)
[    0.168004] ACPI: Added _OSI(Processor Device)
[    0.168599] ACPI: Added _OSI(3.0 _SCP Extensions)
[    0.169224] ACPI: Added _OSI(Processor Aggregator Device)
[    0.169953] ACPI: Added _OSI(Linux-Dell-Video)
[    0.170552] ACPI: Added _OSI(Linux-Lenovo-NV-HDMI-Audio)
[    0.171249] ACPI: Added _OSI(Linux-HPI-Hybrid-Graphics)
[    0.172234] ACPI: Executed 1 blocks of module-level executable AML code
[    0.176364] ACPI: Interpreter enabled
[    0.176885] ACPI: (supports S0 S5)
[    0.177368] ACPI: Using IOAPIC for interrupt routing
[    0.178244] PCI: Using host bridge windows from ACPI; if necessary, use "pci=nocrs" and report a bug
[    0.179584] ACPI: Enabled 2 GPEs in block 00 to 07
[    0.185404] ACPI: PCI Root Bridge [PCI0] (domain 0000 [bus 00-ff])
[    0.186230] acpi PNP0A03:00: _OSC: OS supports [ASPM ClockPM Segments MSI]
[    0.187580] acpi PNP0A03:00: _OSC: not requesting OS control; OS requires [ExtendedConfig ASPM ClockPM MSI]
[    0.188009] acpi PNP0A03:00: fail to add MMCONFIG information, can't access extended PCI configuration space under this bridge.
[    0.189779] PCI host bridge to bus 0000:00
[    0.190353] pci_bus 0000:00: root bus resource [io  0x0000-0x0cf7 window]
[    0.191223] pci_bus 0000:00: root bus resource [io  0x0d00-0xffff window]
[    0.192002] pci_bus 0000:00: root bus resource [mem 0x000a0000-0x000bffff window]
[    0.193062] pci_bus 0000:00: root bus resource [mem 0x40000000-0xfdffffff window]
[    0.194142] pci_bus 0000:00: root bus resource [bus 00-ff]
[    0.197393] pci 0000:00:01.1: legacy IDE quirk: reg 0x10: [io  0x01f0-0x01f7]
[    0.198290] pci 0000:00:01.1: legacy IDE quirk: reg 0x14: [io  0x03f6]
[    0.199150] pci 0000:00:01.1: legacy IDE quirk: reg 0x18: [io  0x0170-0x0177]
[    0.200000] pci 0000:00:01.1: legacy IDE quirk: reg 0x1c: [io  0x0376]
[    0.208948] pci 0000:00:07.0: quirk: [io  0x4000-0x403f] claimed by PIIX4 ACPI
[    0.209945] pci 0000:00:07.0: quirk: [io  0x4100-0x410f] claimed by PIIX4 SMB
[    0.215904] ACPI: PCI Interrupt Link [LNKA] (IRQs 5 9 10 *11)
[    0.216292] ACPI: PCI Interrupt Link [LNKB] (IRQs 5 9 *10 11)
[    0.217131] ACPI: PCI Interrupt Link [LNKC] (IRQs 5 *9 10 11)
[    0.217972] ACPI: PCI Interrupt Link [LNKD] (IRQs 5 9 10 *11)
[    0.218938] SCSI subsystem initialized
[    0.219511] pci 0000:00:02.0: vgaarb: setting as boot VGA device
[    0.220000] pci 0000:00:02.0: vgaarb: VGA device added: decodes=io+mem,owns=io+mem,locks=none
[    0.220003] pci 0000:00:02.0: vgaarb: bridge control possible
[    0.220748] vgaarb: loaded
[    0.221153] ACPI: bus type USB registered
[    0.221721] usbcore: registered new interface driver usbfs
[    0.224011] usbcore: registered new interface driver hub
[    0.224710] usbcore: registered new device driver usb
[    0.225425] EDAC MC: Ver: 3.0.0
[    0.226082] PCI: Using ACPI for IRQ routing
[    0.226905] NetLabel: Initializing
[    0.227383] NetLabel:  domain hash size = 128
[    0.228003] NetLabel:  protocols = UNLABELED CIPSOv4 CALIPSO
[    0.228766] NetLabel:  unlabeled traffic allowed by default
[    0.229576] clocksource: Switched to clocksource kvm-clock
[    0.254417] VFS: Disk quotas dquot_6.6.0
[    0.255071] VFS: Dquot-cache hash table entries: 512 (order 0, 4096 bytes)
[    0.256065] AppArmor: AppArmor Filesystem Enabled
[    0.256716] pnp: PnP ACPI init
[    0.258005] pnp: PnP ACPI: found 3 devices
[    0.263788] clocksource: acpi_pm: mask: 0xffffff max_cycles: 0xffffff, max_idle_ns: 2085701024 ns
[    0.265008] NET: Registered protocol family 2
[    0.265684] TCP established hash table entries: 8192 (order: 4, 65536 bytes)
[    0.266583] TCP bind hash table entries: 8192 (order: 5, 131072 bytes)
[    0.267429] TCP: Hash tables configured (established 8192 bind 8192)
[    0.268266] UDP hash table entries: 512 (order: 2, 16384 bytes)
[    0.269030] UDP-Lite hash table entries: 512 (order: 2, 16384 bytes)
[    0.269867] NET: Registered protocol family 1
[    0.270450] pci 0000:00:00.0: Limiting direct PCI/PCI transfers
[    0.271236] pci 0000:00:01.0: Activating ISA DMA hang workarounds
[    0.272073] pci 0000:00:02.0: Video device with shadowed ROM at [mem 0x000c0000-0x000dffff]
[    0.273238] Unpacking initramfs...
[    0.621761] Freeing initrd memory: 19204K
[    0.622381] clocksource: tsc: mask: 0xffffffffffffffff max_cycles: 0x6a8d3326297, max_idle_ns: 881590805301 ns
[    0.623698] platform rtc_cmos: registered platform RTC device (no PNP device found)
[    0.624753] Scanning for low memory corruption every 60 seconds
[    0.625842] Initialise system trusted keyrings
[    0.626456] Key type blacklist registered
[    0.627039] workingset: timestamp_bits=36 max_order=18 bucket_order=0
[    0.635170] zbud: loaded
[    0.635955] squashfs: version 4.0 (2009/01/31) Phillip Lougher
[    0.636822] fuse init (API version 7.26)
[    0.637865] Key type asymmetric registered
[    0.638421] Asymmetric key parser 'x509' registered
[    0.639114] Block layer SCSI generic (bsg) driver version 0.4 loaded (major 246)
[    0.640106] io scheduler noop registered
[    0.640660] io scheduler deadline registered
[    0.641256] io scheduler cfq registered (default)
[    0.642157] ACPI: AC Adapter [AC] (on-line)
[    0.642767] input: Power Button as /devices/LNXSYSTM:00/LNXPWRBN:00/input/input0
[    0.643758] ACPI: Power Button [PWRF]
[    0.644332] input: Sleep Button as /devices/LNXSYSTM:00/LNXSLPBN:00/input/input1
[    0.645317] ACPI: Sleep Button [SLPF]
[    0.645969] Serial: 8250/16550 driver, 32 ports, IRQ sharing enabled
[    0.667362] 00:02: ttyS0 at I/O 0x3f8 (irq = 4, base_baud = 115200) is a 16550A
[    0.669378] Linux agpgart interface v0.103
[    0.671096] loop: module loaded
[    0.671878] scsi host0: ata_piix
[    0.672420] scsi host1: ata_piix
[    0.672898] ata1: PATA max UDMA/33 cmd 0x1f0 ctl 0x3f6 bmdma 0xd000 irq 14
[    0.673767] ata2: PATA max UDMA/33 cmd 0x170 ctl 0x376 bmdma 0xd008 irq 15
[    0.674953] libphy: Fixed MDIO Bus: probed
[    0.675509] tun: Universal TUN/TAP device driver, 1.6
[    0.676193] PPP generic driver version 2.4.2
[    0.676828] ehci_hcd: USB 2.0 'Enhanced' Host Controller (EHCI) Driver
[    0.677666] ehci-pci: EHCI PCI platform driver
[    0.678267] ehci-platform: EHCI generic platform driver
[    0.678955] ohci_hcd: USB 1.1 'Open' Host Controller (OHCI) Driver
[    0.679780] ohci-pci: OHCI PCI platform driver
[    0.680708] ohci-platform: OHCI generic platform driver
[    0.681412] uhci_hcd: USB Universal Host Controller Interface driver
[    0.682269] i8042: PNP: PS/2 Controller [PNP0303:PS2K,PNP0f03:PS2M] at 0x60,0x64 irq 1,12
[    0.683719] serio: i8042 KBD port at 0x60,0x64 irq 1
[    0.684414] serio: i8042 AUX port at 0x60,0x64 irq 12
[    0.685131] mousedev: PS/2 mouse device common for all mice
[    0.686037] input: AT Translated Set 2 keyboard as /devices/platform/i8042/serio0/input/input2
[    0.687440] rtc_cmos rtc_cmos: rtc core: registered rtc_cmos as rtc0
[    0.688330] rtc_cmos rtc_cmos: alarms up to one day, 114 bytes nvram
[    0.689167] i2c /dev entries driver
[    0.689685] device-mapper: uevent: version 1.0.3
[    0.690397] device-mapper: ioctl: 4.37.0-ioctl (2017-09-20) initialised: dm-devel@redhat.com
[    0.691510] ledtrig-cpu: registered to indicate activity on CPUs
[    0.692741] intel_pmc_core:  initialized
[    0.693669] NET: Registered protocol family 10
[    0.696627] Segment Routing with IPv6
[    0.697237] NET: Registered protocol family 17
[    0.697932] Key type dns_resolver registered
[    0.698587] mce: Using 0 MCE banks
[    0.699132] RAS: Correctable Errors collector initialized.
[    0.699870] sched_clock: Marking stable (696047119, 0)->(861069495, -165022376)
[    0.701023] registered taskstats version 1
[    0.701612] Loading compiled-in X.509 certificates
[    0.703643] Loaded X.509 cert 'Build time autogenerated kernel key: f0020782f0d3a548186fb3f47aed88387a71e859'
[    0.705008] zswap: loaded using pool lzo/zbud
[    0.707597] Key type big_key registered
[    0.708134] Key type trusted registered
[    0.709711] Key type encrypted registered
[    0.710282] AppArmor: AppArmor sha1 policy hashing enabled
[    0.711051] ima: No TPM chip found, activating TPM-bypass! (rc=-19)
[    0.711876] ima: Allocated hash algorithm: sha1
[    0.712574] evm: HMAC attrs: 0x1
[    0.713230]   Magic number: 12:340:234
[    0.713951] rtc_cmos rtc_cmos: setting system clock to 2020-03-08 15:12:26 UTC (1583680346)
[    0.715080] BIOS EDD facility v0.16 2004-Jun-25, 0 devices found
[    0.715882] EDD information not available.
[    0.841847] Freeing unused kernel image memory: 2428K
[    0.852162] Write protecting the kernel read-only data: 20480k
[    0.853234] Freeing unused kernel image memory: 2008K
[    0.854042] Freeing unused kernel image memory: 1880K
[    0.861031] x86/mm: Checked W+X mappings: passed, no W+X pages found.
[    0.861863] x86/mm: Checking user space page tables
[    0.868791] x86/mm: Checked W+X mappings: passed, no W+X pages found.
Loading, please wait...
starting version 237
[    0.950235] e1000: Intel(R) PRO/1000 Network Driver - version 7.3.21-k8-NAPI
[    0.951171] e1000: Copyright (c) 1999-2006 Intel Corporation.
[    0.958619] Fusion MPT base driver 3.04.20
[    0.959207] Copyright (c) 1999-2008 LSI Corporation
[    0.969215] Fusion MPT SPI Host driver 3.04.20
[    0.976752] AVX2 version of gcm_enc/dec engaged.
[    0.977378] AES CTR mode by8 optimization enabled
[    1.172885] input: ImExPS/2 Generic Explorer Mouse as /devices/platform/i8042/serio1/input/input4
[    1.335845] e1000 0000:00:03.0 eth0: (PCI:33MHz:32-bit) 02:33:ec:f4:7d:44
[    1.336759] e1000 0000:00:03.0 eth0: Intel(R) PRO/1000 Network Connection
[    1.338296] mptbase: ioc0: Initiating bringup
[    1.432642] ioc0: LSI53C1030 A0: Capabilities={Initiator}
[    1.672774] scsi host2: ioc0: LSI53C1030 A0, FwRev=00000000h, Ports=1, MaxQ=256, IRQ=20
[    1.840387] scsi 2:0:0:0: Direct-Access     VBOX     HARDDISK         1.0  PQ: 0 ANSI: 5
[    1.841481] scsi target2:0:0: Beginning Domain Validation
[    1.843756] scsi target2:0:0: Domain Validation skipping write tests
[    1.844656] scsi target2:0:0: Ending Domain Validation
[    1.845366] scsi target2:0:0: asynchronous
[    1.845950] random: fast init done
[    1.846630] scsi 2:0:1:0: Direct-Access     VBOX     HARDDISK         1.0  PQ: 0 ANSI: 5
[    1.847682] scsi target2:0:1: Beginning Domain Validation
[    1.849034] scsi target2:0:1: Domain Validation skipping write tests
[    1.849871] scsi target2:0:1: Ending Domain Validation
[    1.850590] scsi target2:0:1: asynchronous
[    1.853381] random: systemd-udevd: uninitialized urandom read (16 bytes read)
[    1.854305] random: systemd-udevd: uninitialized urandom read (16 bytes read)
[    1.855282] random: systemd-udevd: uninitialized urandom read (16 bytes read)
[    1.856424] sd 2:0:0:0: [sda] 20971520 512-byte logical blocks: (10.7 GB/10.0 GiB)
[    1.857521] sd 2:0:0:0: [sda] Write Protect is off
[    1.858235] sd 2:0:0:0: [sda] Incomplete mode parameter data
[    1.858954] sd 2:0:0:0: [sda] Assuming drive cache: write through
[    1.859845] sd 2:0:0:0: Attached scsi generic sg0 type 0
[    1.861189] sd 2:0:1:0: [sdb] 20480 512-byte logical blocks: (10.5 MB/10.0 MiB)
[    1.862190] sd 2:0:1:0: [sdb] Write Protect is off
[    1.863018] sd 2:0:1:0: [sdb] Incomplete mode parameter data
[    1.863750] sd 2:0:1:0: [sdb] Assuming drive cache: write through
[    1.864682] sd 2:0:1:0: Attached scsi generic sg1 type 0
[    1.865408]  sda: sda1
[    1.866471] sd 2:0:0:0: [sda] Attached SCSI disk
[    1.868146] sd 2:0:1:0: [sdb] Attached SCSI disk
[    2.203766] e1000 0000:00:08.0 eth1: (PCI:33MHz:32-bit) 08:00:27:5b:43:2b
[    2.204669] e1000 0000:00:08.0 eth1: Intel(R) PRO/1000 Network Connection
[    2.206317] e1000 0000:00:08.0 enp0s8: renamed from eth1
[    2.208529] e1000 0000:00:03.0 enp0s3: renamed from eth0
Begin: Loading essential drivers ... [    3.588073] raid6: sse2x1   gen() 14552 MB/s
[    3.636182] raid6: sse2x1   xor() 10739 MB/s
[    3.684307] raid6: sse2x2   gen() 17824 MB/s
[    3.732408] raid6: sse2x2   xor() 12102 MB/s
[    3.780026] raid6: sse2x4   gen() 20624 MB/s
[    3.828134] raid6: sse2x4   xor() 12768 MB/s
[    3.876247] raid6: avx2x1   gen() 29613 MB/s
[    3.924357] raid6: avx2x1   xor() 20796 MB/s
[    3.972470] raid6: avx2x2   gen() 35584 MB/s
[    4.020086] raid6: avx2x2   xor() 22230 MB/s
[    4.068197] raid6: avx2x4   gen() 40920 MB/s
[    4.116308] raid6: avx2x4   xor() 25320 MB/s
[    4.116909] raid6: using algorithm avx2x4 gen() 40920 MB/s
[    4.117625] raid6: .... xor() 25320 MB/s, rmw enabled
[    4.118292] raid6: using avx2x2 recovery algorithm
[    4.120114] xor: automatically using best checksumming function   avx       
[    4.122075] async_tx: api initialized (async)
done.
Begin: Running /scripts/init-premount ... done.
Begin: Mounting root file system ... Begin: Running /scripts/local-top ... done.
Begin: Running /scripts/local-premount ... [    4.161726] Btrfs loaded, crc32c=crc32c-intel
Scanning for Btrfs filesystems
done.
Warning: fsck not present, so skipping root file system
[    4.181476] EXT4-fs (sda1): mounted filesystem with ordered data mode. Opts: (null)
done.
Begin: Running /scripts/local-bottom ... done.
Begin: Running /scripts/init-bottom ... done.
[    4.318483] ip_tables: (C) 2000-2006 Netfilter Core Team
[    4.326033] systemd[1]: systemd 237 running in system mode. (+PAM +AUDIT +SELINUX +IMA +APPARMOR +SMACK +SYSVINIT +UTMP +LIBCRYPTSETUP +GCRYPT +GNUTLS +ACL +XZ +LZ4 +SECCOMP +BLKID +ELFUTILS +KMOD -IDN2 +IDN -PCRE2 default-hierarchy=hybrid)
[    4.328764] systemd[1]: Detected virtualization oracle.
[    4.329452] systemd[1]: Detected architecture x86-64.

Welcome to [1mUbuntu 18.04.4 LTS[0m!

[    4.332074] systemd[1]: Set hostname to <ubuntu>.
[    4.336204] systemd[1]: Initializing machine ID from random generator.
[    4.337072] systemd[1]: Installed transient /etc/machine-id file.
[    4.536299] systemd[1]: Created slice System Slice.
[[0;32m  OK  [0m] Created slice System Slice.
[    4.537643] systemd[1]: Listening on LVM2 metadata daemon socket.
[[0;32m  OK  [0m] Listening on LVM2 metadata daemon socket.
[    4.539115] systemd[1]: Listening on udev Control Socket.
[[0;32m  OK  [0m] Listening on udev Control Socket.
[    4.540469] systemd[1]: Listening on Network Service Netlink Socket.
[[0;32m  OK  [0m] Listening on Network Service Netlink Socket.
[[0;32m  OK  [0m] Listening on Journal Socket.
         Starting Remount Root and Kernel File Systems...
         Starting Load Kernel Modules...
[[0;32m  OK  [0m] Created slice User and Session Slice.
[[0;32m  OK  [0m] Listening on /dev/initctl Compatibility Named Pipe.
[[0;32m  OK  [0m] Listening on Journal Audit Socket.
[[0;32m  OK  [0m] Listening on Journal Socket (/dev/log).
[[0;32m  OK  [0m] Reached target Slices.
         Mounting Kernel Debug File System...
[[0;32m  OK  [0m] Reached target User and Group Name Lookups.
         Starting Uncomplicated firewall...
[[0;32m  OK  [0m] Listening on LVM2 poll daemon socket.
[[0;32m  OK  [0m] Listening on udev Kernel Socket.
         Starting udev Coldplug all Devices...
[[0;32m  OK  [0m] Reached target Swap.
         Starting Set the console keyboard layout...
         Mounting Huge Pages File System...
[[0;32m  OK  [0m] Listening on Syslog Socket.
         Starting Journal Service...
[[0;32m  OK  [0m] Set up automount Arbitrary Executabâ€¦rmats File System Automount Point.[    4.567623] Loading iSCSI transport class v2.0-870.

[[0;32m  OK  [0m] Listening on Device-mapper event daemon FIFOs.
         Starting Monitoring of LVM2 mirrorsâ€¦ng dmeventd or progress polling...
[[0;32m  OK  [0m] Reached target System Time Synchronized.
         Mounting POSIX Message Queue File System...
[[0;32m  OK  [0m] Created slice system-serial\x2dgetty.slice.
[[0;32m  OK  [0m] Started Forward Password Requests to Wall Directory Watch.
[    4.606357] EXT4-fs (sda1): re-mounted. Opts: (null)
         Starting Create list of required stâ€¦ce nodes for the current kernel...
[[0;32m  OK  [0m] Started Remount Root and Kernel File Systems.
[[0;32m  OK  [0m] Mounted Kernel Debug File System.
[    4.615833] iscsi: registered transport (tcp)
[[0;32m  OK  [0m] Started Uncomplicated firewall.
[[0;32m  OK  [0m] Mounted Huge Pages File System.
[[0;32m  OK  [0m] Mounted POSIX Message Queue File System.
         Starting Load/Save Random Seed...
[[0;32m  OK  [0m] Started Create list of required staâ€¦vice nodes for the current kernel.
         Starting Create Static Device Nodes in /dev...
[[0;32m  OK  [0m] Started udev Coldplug all Devices.
[[0;32m  OK  [0m] Started LVM2 metadata daemon.
[    4.689887] iscsi: registered transport (iser)
[[0;32m  OK  [0m] Started Load Kernel Modules.
         Mounting FUSE Control File System...
         Mounting Kernel Configuration File System...
         Starting Apply Kernel Variables...
[[0;32m  OK  [0m] Mounted FUSE Control File System.
[[0;32m  OK  [0m] Mounted Kernel Configuration File System.
[[0;32m  OK  [0m] Started Create Static Device Nodes in /dev.
         Starting udev Kernel Device Manager...
[[0;32m  OK  [0m] Started Journal Service.
         Starting Flush Journal to Persistent Storage...
[[0;32m  OK  [0m] Started Load/Save Random Seed.
[[0;32m  OK  [0m] Started Monitoring of LVM2 mirrors,â€¦sing dmeventd or progress polling.
[[0;32m  OK  [0m] Started udev Kernel Device Manager.
[[0;32m  OK  [0m] Started Apply Kernel Variables.
[[0;32m  OK  [0m] Started Flush Journal to Persistent Storage.
[[0;32m  OK  [0m] Found device /dev/ttyS0.
[[0;32m  OK  [0m] Listening on Load/Save RF Kill Switch Status /dev/rfkill Watch.
[[0;32m  OK  [0m] Started Set the console keyboard layout.
[[0;32m  OK  [0m] Started Dispatch Password Requests to Console Directory Watch.
[[0;32m  OK  [0m] Reached target Local Encrypted Volumes.
[[0;32m  OK  [0m] Reached target Local File Systems (Pre).
[[0;32m  OK  [0m] Reached target Local File Systems.
         Starting Tell Plymouth To Write Out Runtime Data...
         Starting ebtables ruleset management...
         Starting Commit a transient machine-id on disk...
         Starting Create Volatile Files and Directories...
         Starting AppArmor initialization...
         Starting Set console font and keymap...
[[0;32m  OK  [0m] Started Tell Plymouth To Write Out Runtime Data.
[[0;32m  OK  [0m] Started Commit a transient machine-id on disk.
[[0;32m  OK  [0m] Started Create Volatile Files and Directories.
         Starting Update UTMP about System Boot/Shutdown...
[[0;32m  OK  [0m] Started Update UTMP about System Boot/Shutdown.
[[0;32m  OK  [0m] Started ebtables ruleset management.
[[0;32m  OK  [0m] Started Set console font and keymap.
[[0;32m  OK  [0m] Started AppArmor initialization.
         Starting Initial cloud-init job (pre-networking)...
[    9.555398] cloud-init[814]: Cloud-init v. 19.4-33-gbb4131a2-0ubuntu1~18.04.1 running 'init-local' at Sun, 08 Mar 2020 15:12:34 +0000. Up 9.21 seconds.
[[0;32m  OK  [0m] Started Initial cloud-init job (pre-networking).
[[0;32m  OK  [0m] Reached target Network (Pre).
         Starting Network Service...
[[0;32m  OK  [0m] Started Network Service.
         Starting Network Name Resolution...
         Starting Wait for Network to be Configured...
[[0;32m  OK  [0m] Started Network Name Resolution.
[[0;32m  OK  [0m] Reached target Host and Network Name Lookups.
[[0;32m  OK  [0m] Reached target Network.
[[0;32m  OK  [0m] Started Wait for Network to be Configured.
         Starting Initial cloud-init job (metadata service crawler)...
[   12.065165] cloud-init[932]: Cloud-init v. 19.4-33-gbb4131a2-0ubuntu1~18.04.1 running 'init' at Sun, 08 Mar 2020 15:12:37 +0000. Up 11.88 seconds.
[   12.067302] cloud-init[932]: ci-info: ++++++++++++++++++++++++++++++++++++++Net device info+++++++++++++++++++++++++++++++++++++++
[   12.068567] cloud-init[932]: ci-info: +--------+-------+----------------------------+---------------+--------+-------------------+
[   12.071671] cloud-init[932]: ci-info: | Device |   Up  |          Address           |      Mask     | Scope  |     Hw-Address    |
[   12.074175] cloud-init[932]: ci-info: +--------+-------+----------------------------+---------------+--------+-------------------+
[   12.075774] cloud-init[932]: ci-info: | enp0s3 |  True |         10.0.2.15          | 255.255.255.0 | global | 02:33:ec:f4:7d:44 |
[   12.078423] cloud-init[932]: ci-info: | enp0s3 |  True | fe80::33:ecff:fef4:7d44/64 |       .       |  link  | 02:33:ec:f4:7d:44 |
[   12.081858] cloud-init[932]: ci-info: | enp0s8 | False |             .              |       .       |   .    | 08:00:27:5b:43:2b |
[   12.085007] cloud-init[932]: ci-info: |   lo   |  True |         127.0.0.1          |   255.0.0.0   |  host  |         .         |
[   12.086370] cloud-init[932]: ci-info: |   lo   |  True |          ::1/128           |       .       |  host  |         .         |
[   12.090529] cloud-init[932]: ci-info: +--------+-------+----------------------------+---------------+--------+-------------------+
[   12.092789] cloud-init[932]: ci-info: ++++++++++++++++++++++++++++Route IPv4 info+++++++++++++++++++++++++++++
[   12.097425] cloud-init[932]: ci-info: +-------+-------------+----------+-----------------+-----------+-------+
[   12.098471] cloud-init[932]: ci-info: | Route | Destination | Gateway  |     Genmask     | Interface | Flags |
[   12.100485] cloud-init[932]: ci-info: +-------+-------------+----------+-----------------+-----------+-------+
[   12.102919] cloud-init[932]: ci-info: |   0   |   0.0.0.0   | 10.0.2.2 |     0.0.0.0     |   enp0s3  |   UG  |
[   12.104546] cloud-init[932]: ci-info: |   1   |   10.0.2.0  | 0.0.0.0  |  255.255.255.0  |   enp0s3  |   U   |
[   12.108415] cloud-init[932]: ci-info: |   2   |   10.0.2.2  | 0.0.0.0  | 255.255.255.255 |   enp0s3  |   UH  |
[   12.109469] cloud-init[932]: ci-info: +-------+-------------+----------+-----------------+-----------+-------+
[   12.112427] cloud-init[932]: ci-info: +++++++++++++++++++Route IPv6 info+++++++++++++++++++
[   12.113571] cloud-init[932]: ci-info: +-------+-------------+---------+-----------+-------+
[   12.115905] cloud-init[932]: ci-info: | Route | Destination | Gateway | Interface | Flags |
[   12.117698] cloud-init[932]: ci-info: +-------+-------------+---------+-----------+-------+
[   12.119931] cloud-init[932]: ci-info: |   1   |  fe80::/64  |    ::   |   enp0s3  |   U   |
[   12.120922] cloud-init[932]: ci-info: |   3   |    local    |    ::   |   enp0s3  |   U   |
[   12.123763] cloud-init[932]: ci-info: |   4   |   ff00::/8  |    ::   |   enp0s3  |   U   |
[   12.124822] cloud-init[932]: ci-info: +-------+-------------+---------+-----------+-------+
[   12.637303] cloud-init[932]: Generating public/private rsa key pair.
[   12.638120] cloud-init[932]: Your identification has been saved in /etc/ssh/ssh_host_rsa_key.
[   12.639087] cloud-init[932]: Your public key has been saved in /etc/ssh/ssh_host_rsa_key.pub.
[   12.640002] cloud-init[932]: The key fingerprint is:
[   12.642148] cloud-init[932]: SHA256:lBswWAhmZhm8dGQ8E7lJOa5vAj4GoxQQPuuaMiBUz6o root@ubuntu-bionic
[   12.643107] cloud-init[932]: The key's randomart image is:
[   12.648604] cloud-init[932]: +---[RSA 2048]----+
[   12.649213] cloud-init[932]: |.oB*+B+          |
[   12.649801] cloud-init[932]: |o=+o%  o .       |
[   12.650387] cloud-init[932]: |.+.=o*  +        |
[   12.650983] cloud-init[932]: | o+ +o . o       |
[   12.651559] cloud-init[932]: |.....   S        |
[   12.652155] cloud-init[932]: |B...             |
[   12.652733] cloud-init[932]: |B+..             |
[   12.656525] cloud-init[932]: |=E. o            |
[   12.657131] cloud-init[932]: |=..o             |
[   12.657713] cloud-init[932]: +----[SHA256]-----+
[   12.658296] cloud-init[932]: Generating public/private dsa key pair.
[   12.659022] cloud-init[932]: Your identification has been saved in /etc/ssh/ssh_host_dsa_key.
[   12.664468] cloud-init[932]: Your public key has been saved in /etc/ssh/ssh_host_dsa_key.pub.
[   12.665388] cloud-init[932]: The key fingerprint is:
[   12.665998] cloud-init[932]: SHA256:DDmuN/qs5uuSokO8ny+i2GvLoKEE/IMIA9bcl/OK4f8 root@ubuntu-bionic
[   12.667058] cloud-init[932]: The key's randomart image is:
[   12.667715] cloud-init[932]: +---[DSA 1024]----+
[   12.672402] cloud-init[932]: |                 |
[   12.673015] cloud-init[932]: |  o .  ..        |
[   12.673602] cloud-init[932]: |.. o .++         |
[   12.674182] cloud-init[932]: |+    ..+o        |
[   12.674775] cloud-init[932]: |=.   .. S.       |
[   12.675377] cloud-init[932]: |++o ..o .        |
[   12.675965] cloud-init[932]: |=o.+.oo.         |
[   12.680373] cloud-init[932]: |BB+.++..         |
[   12.681029] cloud-init[932]: |O+BXO=o..E       |
[   12.681630] cloud-init[932]: +----[SHA256]-----+
[   12.682250] cloud-init[932]: Generating public/private ecdsa key pair.
[   12.682999] cloud-init[932]: Your identification has been saved in /etc/ssh/ssh_host_ecdsa_key.
[   12.688287] cloud-init[932]: Your public key has been saved in /etc/ssh/ssh_host_ecdsa_key.pub.
[   12.689268] cloud-init[932]: The key fingerprint is:
[   12.690111] cloud-init[932]: SHA256:DZjl2hrThaZXIzgtuCVvesgImU8dSJIpXeWKDCfMgqk root@ubuntu-bionic
[   12.691216] cloud-init[932]: The key's randomart image is:
[   12.691870] cloud-init[932]: +---[ECDSA 256]---+
[   12.696538] cloud-init[932]: |.+..... .        |
[   12.697232] cloud-init[932]: |B+.. o B .       |
[   12.697823] cloud-init[932]: |Boo + O B +      |
[   12.698413] cloud-init[932]: |oB o B O * .     |
[   12.699004] cloud-init[932]: |E + + B S .      |
[   12.699599] cloud-init[932]: | + o + =         |
[   12.704218] cloud-init[932]: |  o + o          |
[   12.704826] cloud-init[932]: |     .           |
[   12.705405] cloud-init[932]: |                 |
[   12.705988] cloud-init[932]: +----[SHA256]-----+
[   12.706578] cloud-init[932]: Generating public/private ed25519 key pair.
[   12.707335] cloud-init[932]: Your identification has been saved in /etc/ssh/ssh_host_ed25519_key.
[   12.712940] cloud-init[932]: Your public key has been saved in /etc/ssh/ssh_host_ed25519_key.pub.
[   12.714099] cloud-init[932]: The key fingerprint is:
[   12.714734] cloud-init[932]: SHA256:PECdnQXoOXZXHX4yW9eAq2b5RONN8V+eMpE7MI3xNFU root@ubuntu-bionic
[   12.715728] cloud-init[932]: The key's randomart image is:
[   12.716449] cloud-init[932]: +--[ED25519 256]--+
[   12.717071] cloud-init[932]: |      .. +.+..o+E|
[[0;32m  OK  [0m] Started Initial cloud-init job (metadata service crawler).
[[0;32m  OK  [0m] Reached target Cloud-config availability.
[[0;32m  OK  [0m] Reached target System Initialization.
[[0;32m  OK  [0m] Listening on UUID daemon activation socket.
[   12.721499] cloud-init[932]: |     .  + o..o+.o|
[[0;32m  OK  [0m] Started Message of the Day.
[   12.722916] cloud-init[932]: |      .. .  *o=+=|
[   12.723556] cloud-init[932]: [[0;32m  OK  [0m] Started ACPI Events Check.
[[0;32m  OK  [0m] Started Discard unused blocks once a week.
|       o= .+==.==|
[   12.725763] cloud-init[932]: |       .So *o++.+|
         Starting LXD - unix socket.
[   12.727222] cloud-init[932]: |         .= o=..o|
[   12.727814] cloud-init[[0;32m  OK  [0m] Listening on Open-iSCSI iscsid Socket.
[[0;32m  OK  [0m] Started Daily Cleanup of Temporary Directories.
[[0;32m  OK  [0m] Reached target Paths.
         Starting Socket activation for snappy daemon.
[[0;32m  OK  [0m[932]: |         o o  +  |
[   12.736570] cloud-init[932]: |            .    |
[   12.737203] cloud-init[932]: |                 |
[   12.737791] cloud-init[932]: +----[SHA256]-----+
] Listening on ACPID Listen Socket.
[[0;32m  OK  [0m] Started Daily apt download activities.
[[0;32m  OK  [0m] Listening on D-Bus System Message Bus Socket.
[[0;32m  OK  [0m] Started Daily apt upgrade and clean activities.
[[0;32m  OK  [0m] Reached target Timers.
[[0;32m  OK  [0m] Reached target Network is Online.
         Starting Availability of block devices...
[[0;32m  OK  [0m] Reached target Remote File Systems (Pre).
[[0;32m  OK  [0m] Reached target Remote File Systems.
[[0;32m  OK  [0m] Listening on LXD - unix socket.
[[0;32m  OK  [0m] Listening on Socket activation for snappy daemon.
[[0;32m  OK  [0m] Reached target Sockets.
[[0;32m  OK  [0m] Reached target Basic System.
[[0;32m  OK  [0m] Started D-Bus System Message Bus.
         Starting Pollinate to seed the pseudo random number generator...
         Starting Accounts Service...
         Starting LXD - container startup/shutdown...
         Starting LSB: Record successful boot for GRUB...
[[0;32m  OK  [0m] Started Deferred execution scheduler.
         Starting Dispatcher daemon for systemd-networkd...
[[0;32m  OK  [0m] Started irqbalance daemon.
         Starting Permit User Sessions...
         Starting System Logging Service...
         Starting Snappy daemon...
         Starting Virtualbox guest utils...
[[0;32m  OK  [0m] Started Regular background program processing daemon.
[[0;32m  OK  [0m] Started FUSE filesystem for LXC.
         Starting Login Service...
         Starting LSB: automatic crash report generation...
[[0;32m  OK  [0m] Started Availability of block devices.
[[0;32m  OK  [0m] Started LXD - container startup/shutdown.
[[0;32m  OK  [0m] Started System Logging Service.
[[0;32m  OK  [0m] Started Permit User Sessions.
         Starting Terminate Plymouth Boot Screen...
         Starting Hold until boot process finishes up...
         Starting Authorization Manager...
[[0;32m  OK  [0m] Started Hold until boot process finishes up.
         Starting Set console scheme...
[[0;32m  OK  [0m] Started Serial Getty on ttyS0.
[[0;32m  OK  [0m] Started Terminate Plymouth Boot Screen.
[[0;32m  OK  [0m] Started Login Service.
[[0;32m  OK  [0m] Started Unattended Upgrades Shutdown.
[[0;32m  OK  [0m] Started Set console scheme.
[[0;32m  OK  [0m] Created slice system-getty.slice.
[[0;32m  OK  [0m] Started Getty on tty1.
[[0;32m  OK  [0m] Reached target Login Prompts.
[[0;32m  OK  [0m] Started LSB: Record successful boot for GRUB.
[[0;32m  OK  [0m] Started LSB: automatic crash report generation.
[[0;32m  OK  [0m] Started Authorization Manager.
[[0;32m  OK  [0m] Started Accounts Service.
[[0;32m  OK  [0m] Started Virtualbox guest utils.
[[0;32m  OK  [0m] Started Dispatcher daemon for systemd-networkd.
[[0;32m  OK  [0m] Started Snappy daemon.
         Starting Wait until snapd is fully seeded...
[[0;32m  OK  [0m] Started Pollinate to seed the pseudo random number generator.
         Starting OpenBSD Secure Shell server...
[[0;32m  OK  [0m] Started OpenBSD Secure Shell server.
[[0;32m  OK  [0m] Created slice User Slice of vagrant.
         Starting User Manager for UID 1000...
[[0;32m  OK  [0m] Started Session 1 of user vagrant.
[[0;32m  OK  [0m] Started User Manager for UID 1000.
[[0;32m  OK  [0m] Started Wait until snapd is fully seeded.
         Starting Apply the settings specified in cloud-config...
[[0;32m  OK  [0m] Reached target Multi-User System.
[[0;32m  OK  [0m] Reached target Graphical Interface.
         Starting Update UTMP about System Runlevel Changes...
[[0;32m  OK  [0m] Started Update UTMP about System Runlevel Changes.
[   16.556811] cloud-init[1359]: Cloud-init v. 19.4-33-gbb4131a2-0ubuntu1~18.04.1 running 'modules:config' at Sun, 08 Mar 2020 15:12:41 +0000. Up 15.85 seconds.
[[0;32m  OK  [0m] Started Apply the settings specified in cloud-config.
         Starting Execute cloud user/final scripts...
ci-info: no authorized SSH keys fingerprints found for user ubuntu.
<14>Mar  8 15:12:43 ec2: 
<14>Mar  8 15:12:43 ec2: #############################################################
<14>Mar  8 15:12:43 ec2: -----BEGIN SSH HOST KEY FINGERPRINTS-----
<14>Mar  8 15:12:43 ec2: 1024 SHA256:DDmuN/qs5uuSokO8ny+i2GvLoKEE/IMIA9bcl/OK4f8 root@ubuntu-bionic (DSA)
<14>Mar  8 15:12:43 ec2: 256 SHA256:DZjl2hrThaZXIzgtuCVvesgImU8dSJIpXeWKDCfMgqk root@ubuntu-bionic (ECDSA)
<14>Mar  8 15:12:43 ec2: 256 SHA256:PECdnQXoOXZXHX4yW9eAq2b5RONN8V+eMpE7MI3xNFU root@ubuntu-bionic (ED25519)
<14>Mar  8 15:12:43 ec2: 2048 SHA256:lBswWAhmZhm8dGQ8E7lJOa5vAj4GoxQQPuuaMiBUz6o root@ubuntu-bionic (RSA)
<14>Mar  8 15:12:43 ec2: -----END SSH HOST KEY FINGERPRINTS-----
<14>Mar  8 15:12:43 ec2: #############################################################
-----BEGIN SSH HOST KEY KEYS-----
ecdsa-sha2-nistp256 AAAAE2VjZHNhLXNoYTItbmlzdHAyNTYAAAAIbmlzdHAyNTYAAABBBDJtHJjYD8dXeHOjHd3ZH9pL29QIg6TBkbG6YMgrwt5robm700eFjxjiMctbfL/yGh4iPPzy5Sb8K8J1lo1qedg= root@ubuntu-bionic
ssh-ed25519 AAAAC3NzaC1lZDI1NTE5AAAAIPXg1W3Gzy9pAAdT6HTM6YxJh0pavJaLn9eT2FfCrZ7O root@ubuntu-bionic
ssh-rsa AAAAB3NzaC1yc2EAAAADAQABAAABAQCgAKDD3kRwpbHXnJAkNHDBWpvYUt5sb+GSBOMiOLSri2Cjt405n6yuGdj49lFWp3/+8cW/xPpycqTqhlOieDu4QzYz6I15Z6OZAelBv/jOSL8/sttGao1ONLq4B7xieYfKfDTDtgXi5dWuV41/yU1t75gI4SM2LOVWrOweX/IkasMwUJ8TBlt4/lyXxl9DHDAOyF/E/cZKx5Wib95RYWO9VMk+Y9Bqsp0Rk0JWr8lBoWPQwBXGYyipkS1dV/V2uVK0ZepwUtYARf1MB5INdxpsve4okX9wb6XSnwQ9ykBHfEfYhcb1Vqqep/lPLAdwhVoUf9M22n6Rsmlu5DtwU+cz root@ubuntu-bionic
-----END SSH HOST KEY KEYS-----
[   17.415910] cloud-init[1476]: Cloud-init v. 19.4-33-gbb4131a2-0ubuntu1~18.04.1 running 'modules:final' at Sun, 08 Mar 2020 15:12:43 +0000. Up 17.23 seconds.
[   17.417433] cloud-init[1476]: ci-info: no authorized SSH keys fingerprints found for user ubuntu.
[   17.418406] cloud-init[1476]: Cloud-init v. 19.4-33-gbb4131a2-0ubuntu1~18.04.1 finished at Sun, 08 Mar 2020 15:12:43 +0000. Datasource DataSourceNoCloud [seed=/dev/sdb][dsmode=net].  Up 17.40 seconds
[[0;32m  OK  [0m] Started Execute cloud user/final scripts.
[[0;32m  OK  [0m] Reached target Cloud-init target.

Ubuntu 18.04.4 LTS ubuntu-bionic ttyS0

ubuntu-bionic login: 